 sonic_2d_game

 Timestamp is 62136afb (Mon Feb 21 13:35:39 2022)

 Preferred load address is 0000000180000000

 Start         Length     Name                   Class
 0001:00000000 00036030H .text$mn                CODE
 0001:00036030 00000040H .text$mn$00             CODE
 0001:00036070 0000069dH .text$x                 CODE
 0002:00000000 00000248H .idata$5                DATA
 0002:00000248 00000028H .00cfg                  DATA
 0002:00000270 00000008H .CRT$XCA                DATA
 0002:00000278 00000008H .CRT$XCZ                DATA
 0002:00000280 00000008H .CRT$XIA                DATA
 0002:00000288 00000018H .CRT$XIC                DATA
 0002:000002a0 00000008H .CRT$XIZ                DATA
 0002:000002a8 00000008H .CRT$XPA                DATA
 0002:000002b0 00000010H .CRT$XPX                DATA
 0002:000002c0 00000008H .CRT$XPXA               DATA
 0002:000002c8 00000008H .CRT$XPZ                DATA
 0002:000002d0 00000008H .CRT$XTA                DATA
 0002:000002d8 00000008H .CRT$XTZ                DATA
 0002:000002e0 00000000H .gehcont$y              DATA
 0002:000002e0 00000000H .gfids$y                DATA
 0002:000002e0 000102a0H .rdata                  DATA
 0002:00010580 00000000H .rdata$CastGuardVftablesA DATA
 0002:00010580 00000000H .rdata$CastGuardVftablesC DATA
 0002:00010580 0000016cH .rdata$r                DATA
 0002:000106ec 000002f4H .rdata$zzzdbg           DATA
 0002:000109e0 00000008H .rtc$IAA                DATA
 0002:000109e8 00000008H .rtc$IZZ                DATA
 0002:000109f0 00000008H .rtc$TAA                DATA
 0002:000109f8 00000008H .rtc$TZZ                DATA
 0002:00010a00 00001068H .xdata                  DATA
 0002:00011a68 00000088H .xdata$x                DATA
 0002:00011af0 00000060H .edata                  DATA
 0002:00011b50 00000014H .idata$2                DATA
 0002:00011b64 00000014H .idata$3                DATA
 0002:00011b78 00000248H .idata$4                DATA
 0002:00011dc0 00000554H .idata$6                DATA
 0003:00000000 00000a40H .data                   DATA
 0003:00000a40 00000070H .data$r                 DATA
 0003:00000ab0 00001878H .bss                    DATA
 0004:00000000 00002cf4H .pdata                  DATA
 0005:00000000 00000094H _RDATA                  DATA

  Address         Publics by Value              Rva+Base               Lib:Object

 0000:00000000       __x64_code_ranges_to_entry_points_count 0000000000000000     <absolute>
 0000:00000000       __arm64x_redirection_metadata 0000000000000000     <absolute>
 0000:00000000       __guard_iat_table          0000000000000000     <absolute>
 0000:00000000       __guard_iat_count          0000000000000000     <absolute>
 0000:00000000       __guard_longjmp_count      0000000000000000     <absolute>
 0000:00000000       __guard_longjmp_table      0000000000000000     <absolute>
 0000:00000000       __x64_code_ranges_to_entry_points 0000000000000000     <absolute>
 0000:00000000       __dynamic_value_reloc_table 0000000000000000     <absolute>
 0000:00000000       __hybrid_auxiliary_iat     0000000000000000     <absolute>
 0000:00000000       __guard_fids_count         0000000000000000     <absolute>
 0000:00000000       ___safe_se_handler_table   0000000000000000     <absolute>
 0000:00000000       __arm64x_extra_rfe_table   0000000000000000     <absolute>
 0000:00000000       __AbsoluteZero             0000000000000000     <absolute>
 0000:00000000       __hybrid_code_map          0000000000000000     <absolute>
 0000:00000000       __volatile_metadata        0000000000000000     <absolute>
 0000:00000000       __arm64x_extra_rfe_table_size 0000000000000000     <absolute>
 0000:00000000       ___safe_se_handler_count   0000000000000000     <absolute>
 0000:00000000       __guard_fids_table         0000000000000000     <absolute>
 0000:00000000       __guard_eh_cont_count      0000000000000000     <absolute>
 0000:00000000       __arm64x_redirection_metadata_count 0000000000000000     <absolute>
 0000:00000000       __enclave_config           0000000000000000     <absolute>
 0000:00000000       __guard_eh_cont_table      0000000000000000     <absolute>
 0000:00000000       __arm64x_native_entrypoint 0000000000000000     <absolute>
 0000:00000000       __hybrid_code_map_count    0000000000000000     <absolute>
 0000:00000100       __guard_flags              0000000000000100     <absolute>
 0000:00000000       __ImageBase                0000000180000000     <linker-defined>
 0001:000000b0       GameMainRenderAndUpdateLoop 00000001800010b0 f   sonic_2d_game.obj
 0001:00000500       _DllMainCRTStartup         0000000180001500 f   LIBCMTD:dll_dllmain.obj
 0001:00000600       __security_init_cookie     0000000180001600 f   LIBCMTD:gs_support.obj
 0001:00000680       DllMain                    0000000180001680 f   LIBCMTD:dll_dllmain_stub.obj
 0001:000006a0       ?__scrt_initialize_type_info@@YAXXZ 00000001800016a0 f   LIBCMTD:tncleanup.obj
 0001:000006c0       ?__scrt_uninitialize_type_info@@YAXXZ 00000001800016c0 f   LIBCMTD:tncleanup.obj
 0001:000006e0       __local_stdio_printf_options 00000001800016e0 f i LIBCMTD:default_local_stdio_options.obj
 0001:000006f0       __local_stdio_scanf_options 00000001800016f0 f i LIBCMTD:default_local_stdio_options.obj
 0001:00000700       __scrt_initialize_default_local_stdio_options 0000000180001700 f   LIBCMTD:default_local_stdio_options.obj
 0001:00000750       ?configure_argv@__scrt_narrow_argv_policy@@SAHXZ 0000000180001750 f i LIBCMTD:utility.obj
 0001:00000840       ?initialize_environment@__scrt_narrow_environment_policy@@SAHXZ 0000000180001840 f i LIBCMTD:utility.obj
 0001:000008e0       NtCurrentTeb               00000001800018e0 f i LIBCMTD:utility.obj
 0001:000008f0       __scrt_acquire_startup_lock 00000001800018f0 f   LIBCMTD:utility.obj
 0001:00000960       __scrt_dllmain_after_initialize_c 0000000180001960 f   LIBCMTD:utility.obj
 0001:00000990       __scrt_dllmain_before_initialize_c 0000000180001990 f   LIBCMTD:utility.obj
 0001:000009b0       __scrt_dllmain_crt_thread_attach 00000001800019b0 f   LIBCMTD:utility.obj
 0001:000009e0       __scrt_dllmain_crt_thread_detach 00000001800019e0 f   LIBCMTD:utility.obj
 0001:00000a00       __scrt_dllmain_exception_filter 0000000180001a00 f   LIBCMTD:utility.obj
 0001:00000a70       __scrt_dllmain_uninitialize_c 0000000180001a70 f   LIBCMTD:utility.obj
 0001:00000aa0       __scrt_dllmain_uninitialize_critical 0000000180001aa0 f   LIBCMTD:utility.obj
 0001:00000ac0       __scrt_initialize_crt      0000000180001ac0 f   LIBCMTD:utility.obj
 0001:00000b10       __scrt_initialize_onexit_tables 0000000180001b10 f   LIBCMTD:utility.obj
 0001:00000c20       __scrt_is_nonwritable_in_current_image 0000000180001c20 f   LIBCMTD:utility.obj
 0001:00000cb0       __scrt_release_startup_lock 0000000180001cb0 f   LIBCMTD:utility.obj
 0001:00000ce0       __scrt_uninitialize_crt    0000000180001ce0 f   LIBCMTD:utility.obj
 0001:00000d20       __scrt_get_dyn_tls_init_callback 0000000180001d20 f   LIBCMTD:dyn_tls_init.obj
 0001:00000d30       __crt_debugger_hook        0000000180001d30 f   LIBCMTD:utility_desktop.obj
 0001:00000d40       __scrt_fastfail            0000000180001d40 f   LIBCMTD:utility_desktop.obj
 0001:00000ee0       _RTC_Initialize            0000000180001ee0 f   LIBCMTD:initsect.obj
 0001:00000f30       _RTC_Terminate             0000000180001f30 f   LIBCMTD:initsect.obj
 0001:00000f80       _guard_check_icall_nop     0000000180001f80 f i LIBCMTD:guard_support.obj
 0001:00000f80       ??1scoped_global_state_reset@__crt_state_management@@QEAA@XZ 0000000180001f80 f i libucrtd:onexit.obj
 0001:00000f80       ??1?$__crt_simd_cleanup_guard@$0A@@@QEAA@XZ 0000000180001f80 f i libucrtd:strnlen.obj
 0001:00000f90       ?__crt_interlocked_read_64@@YA_JPED_J@Z 0000000180001f90 f i libvcruntimed:std_type_info.obj
 0001:00000f90       ReadNoFence64              0000000180001f90 f i LIBCMTD:guard_support.obj
 0001:00000fb0       ??$__crt_interlocked_read_pointer@X@@YAPEAXPEDSEAX@Z 0000000180001fb0 f i libvcruntimed:winapi_downlevel.obj
 0001:00000fb0       ReadPointerNoFence         0000000180001fb0 f i LIBCMTD:guard_support.obj
 0001:00000fb0       ??$__crt_interlocked_read_pointer@UHINSTANCE__@@@@YAPEAUHINSTANCE__@@PEDSEAU0@@Z 0000000180001fb0 f i libvcruntimed:winapi_downlevel.obj
 0001:00000fd0       _guard_icall_checks_enforced 0000000180001fd0 f i LIBCMTD:guard_support.obj
 0001:00001010       __isa_available_init       0000000180002010 f   LIBCMTD:cpu_disp.obj
 0001:000013b0       _get_startup_argv_mode     00000001800023b0 f   LIBCMTD:argv_mode.obj
 0001:000013c0       __scrt_is_ucrt_dll_in_use  00000001800023c0 f   LIBCMTD:ucrt_detection.obj
 0001:000013f0       __GSHandlerCheck           00000001800023f0 f   LIBCMTD:gshandler.obj
 0001:00001430       __GSHandlerCheckCommon     0000000180002430 f   LIBCMTD:gshandler.obj
 0001:00001540       __security_check_cookie    0000000180002540 f   LIBCMTD:amdsecgs.obj
 0001:00001570       __raise_securityfailure    0000000180002570 f   LIBCMTD:gs_report.obj
 0001:000015b0       __report_gsfailure         00000001800025b0 f   LIBCMTD:gs_report.obj
 0001:00001690       __report_rangecheckfailure 0000000180002690 f   LIBCMTD:gs_report.obj
 0001:000016b0       __report_securityfailure   00000001800026b0 f   LIBCMTD:gs_report.obj
 0001:000018a2       IsProcessorFeaturePresent  00000001800028a2 f   kernel32:KERNEL32.dll
 0001:000018b0       __C_specific_handler       00000001800028b0 f   libvcruntimed:riscchandler.obj
 0001:00001d20       ??$?RD@__crt_internal_free_policy@@QEBAXQEBD@Z 0000000180002d20 f i libvcruntimed:std_type_info.obj
 0001:00001d20       ??$?RU__vcrt_ptd@@@__crt_internal_free_policy@@QEBAXQEBU__vcrt_ptd@@@Z 0000000180002d20 f i libvcruntimed:per_thread_data.obj
 0001:00001d20       ??$?RPEAU__crt_stdio_stream_data@@@__crt_internal_free_policy@@QEBAXQEBQEAU__crt_stdio_stream_data@@@Z 0000000180002d20 f i libucrtd:_file.obj
 0001:00001d20       ??$?RU__crt_multibyte_data@@@__crt_internal_free_policy@@QEBAXQEBU__crt_multibyte_data@@@Z 0000000180002d20 f i libucrtd:mbctype.obj
 0001:00001d20       ??$?RU__crt_lowio_handle_data@@@__crt_internal_free_policy@@QEBAXQEBU__crt_lowio_handle_data@@@Z 0000000180002d20 f i libucrtd:osfinfo.obj
 0001:00001d20       ??$?RPEAD@__crt_internal_free_policy@@QEBAXQEBQEAD@Z 0000000180002d20 f i libucrtd:argv_parsing.obj
 0001:00001d20       ??$?RE@__crt_internal_free_policy@@QEBAXQEBE@Z 0000000180002d20 f i libucrtd:argv_parsing.obj
 0001:00001d20       ??$?RU__acrt_ptd@@@__crt_internal_free_policy@@QEBAXQEBU__acrt_ptd@@@Z 0000000180002d20 f i libucrtd:per_thread_data.obj
 0001:00001d50       ??0?$__crt_scoped_stack_ptr@_W@@QEAA@U?$__crt_scoped_stack_ptr_tag@_W@@@Z 0000000180002d50 f i libucrtd:getstringtypea.obj
 0001:00001d50       ??0?$__crt_unique_heap_ptr@U__crt_multibyte_data@@U__crt_internal_free_policy@@@@QEAA@QEAU__crt_multibyte_data@@@Z 0000000180002d50 f i libucrtd:mbctype.obj
 0001:00001d50       ??0?$__crt_unique_heap_ptr@EU__crt_internal_free_policy@@@@QEAA@QEAE@Z 0000000180002d50 f i libucrtd:argv_parsing.obj
 0001:00001d50       ??0?$string_output_adapter@_W@__crt_stdio_output@@QEAA@QEAU?$string_output_adapter_context@_W@1@@Z 0000000180002d50 f i libucrtd:output.obj
 0001:00001d50       ??0?$__crt_scoped_stack_ptr_tag@_W@@QEAA@QEA_W@Z 0000000180002d50 f i libucrtd:getstringtypea.obj
 0001:00001d50       ??0?$__crt_unique_handle_t@U__crt_hmodule_traits@@@@QEAA@QEAUHINSTANCE__@@@Z 0000000180002d50 f i libucrtd:exit.obj
 0001:00001d50       ??0?$__crt_unique_heap_ptr@DU__crt_internal_free_policy@@@@QEAA@QEAD@Z 0000000180002d50 f i libvcruntimed:std_type_info.obj
 0001:00001d50       ??0?$__crt_unique_heap_ptr@U__vcrt_ptd@@U__crt_internal_free_policy@@@@QEAA@QEAU__vcrt_ptd@@@Z 0000000180002d50 f i libvcruntimed:per_thread_data.obj
 0001:00001d50       ??0?$string_output_adapter@D@__crt_stdio_output@@QEAA@QEAU?$string_output_adapter_context@D@1@@Z 0000000180002d50 f i libucrtd:output.obj
 0001:00001d50       ??0?$__crt_unique_heap_ptr@DU__crt_public_free_policy@@@@QEAA@QEAD@Z 0000000180002d50 f i libvcruntimed:std_exception.obj
 0001:00001d50       ??0__crt_stdio_stream@@QEAA@QEAU_iobuf@@@Z 0000000180002d50 f i libucrtd:output.obj
 0001:00001d50       ??0?$__crt_unique_handle_t@U__crt_findfile_traits@@@@QEAA@QEAX@Z 0000000180002d50 f i libucrtd:argv_wildcards.obj
 0001:00001d50       ??0?$__crt_unique_heap_ptr@PEADU__crt_internal_free_policy@@@@QEAA@QEAPEAD@Z 0000000180002d50 f i libucrtd:argv_parsing.obj
 0001:00001d50       ??0?$__crt_unique_heap_ptr@U__acrt_ptd@@U__crt_internal_free_policy@@@@QEAA@QEAU__acrt_ptd@@@Z 0000000180002d50 f i libucrtd:per_thread_data.obj
 0001:00001d50       ??0?$__crt_unique_heap_ptr@PEAU__crt_stdio_stream_data@@U__crt_internal_free_policy@@@@QEAA@QEAPEAU__crt_stdio_stream_data@@@Z 0000000180002d50 f i libucrtd:_file.obj
 0001:00001d50       ??0?$__crt_unique_heap_ptr@U__crt_lowio_handle_data@@U__crt_internal_free_policy@@@@QEAA@QEAU__crt_lowio_handle_data@@@Z 0000000180002d50 f i libucrtd:osfinfo.obj
 0001:00001d50       ??0__crt_stdio_stream@@QEAA@QEAU__crt_stdio_stream_data@@@Z 0000000180002d50 f i libucrtd:fflush.obj
 0001:00001d70       ??1?$__crt_unique_heap_ptr@U__vcrt_ptd@@U__crt_internal_free_policy@@@@QEAA@XZ 0000000180002d70 f i libvcruntimed:per_thread_data.obj
 0001:00001d70       ??1?$__crt_unique_heap_ptr@EU__crt_internal_free_policy@@@@QEAA@XZ 0000000180002d70 f i libucrtd:argv_parsing.obj
 0001:00001d70       ??1?$__crt_unique_heap_ptr@DU__crt_internal_free_policy@@@@QEAA@XZ 0000000180002d70 f i libvcruntimed:std_type_info.obj
 0001:00001d70       ??1?$__crt_unique_heap_ptr@PEAU__crt_stdio_stream_data@@U__crt_internal_free_policy@@@@QEAA@XZ 0000000180002d70 f i libucrtd:_file.obj
 0001:00001d70       ??1?$__crt_unique_heap_ptr@U__acrt_ptd@@U__crt_internal_free_policy@@@@QEAA@XZ 0000000180002d70 f i libucrtd:per_thread_data.obj
 0001:00001d70       ??1?$__crt_unique_heap_ptr@U__crt_multibyte_data@@U__crt_internal_free_policy@@@@QEAA@XZ 0000000180002d70 f i libucrtd:mbctype.obj
 0001:00001d70       ??1?$__crt_unique_heap_ptr@PEADU__crt_internal_free_policy@@@@QEAA@XZ 0000000180002d70 f i libucrtd:argv_parsing.obj
 0001:00001d70       ??1?$__crt_unique_heap_ptr@U__crt_lowio_handle_data@@U__crt_internal_free_policy@@@@QEAA@XZ 0000000180002d70 f i libucrtd:osfinfo.obj
 0001:00001d90       ??B?$__crt_unique_heap_ptr@DU__crt_internal_free_policy@@@@QEBA_NXZ 0000000180002d90 f i libvcruntimed:std_type_info.obj
 0001:00001d90       ??B?$__crt_unique_heap_ptr@U__acrt_ptd@@U__crt_internal_free_policy@@@@QEBA_NXZ 0000000180002d90 f i libucrtd:per_thread_data.obj
 0001:00001d90       ??B?$__crt_unique_heap_ptr@U__crt_lowio_handle_data@@U__crt_internal_free_policy@@@@QEBA_NXZ 0000000180002d90 f i libucrtd:osfinfo.obj
 0001:00001d90       ??B?$__crt_unique_heap_ptr@DU__crt_public_free_policy@@@@QEBA_NXZ 0000000180002d90 f i libvcruntimed:std_exception.obj
 0001:00001d90       ??B?$__crt_unique_heap_ptr@EU__crt_internal_free_policy@@@@QEBA_NXZ 0000000180002d90 f i libucrtd:argv_parsing.obj
 0001:00001d90       ??B?$__crt_unique_heap_ptr@U__vcrt_ptd@@U__crt_internal_free_policy@@@@QEBA_NXZ 0000000180002d90 f i libvcruntimed:per_thread_data.obj
 0001:00001d90       ??B?$__crt_unique_heap_ptr@U__crt_multibyte_data@@U__crt_internal_free_policy@@@@QEBA_NXZ 0000000180002d90 f i libucrtd:mbctype.obj
 0001:00001db0       ?get@?$__crt_unique_heap_ptr@U__crt_lowio_handle_data@@U__crt_internal_free_policy@@@@QEBAPEAU__crt_lowio_handle_data@@XZ 0000000180002db0 f i libucrtd:osfinfo.obj
 0001:00001db0       ?get@?$__crt_unique_heap_ptr@U__crt_multibyte_data@@U__crt_internal_free_policy@@@@QEBAPEAU__crt_multibyte_data@@XZ 0000000180002db0 f i libucrtd:mbctype.obj
 0001:00001db0       ?get@?$__crt_unique_heap_ptr@U__acrt_ptd@@U__crt_internal_free_policy@@@@QEBAPEAU__acrt_ptd@@XZ 0000000180002db0 f i libucrtd:per_thread_data.obj
 0001:00001db0       ?get@?$__crt_unique_heap_ptr@EU__crt_internal_free_policy@@@@QEBAPEAEXZ 0000000180002db0 f i libucrtd:argv_parsing.obj
 0001:00001db0       ?get@?$__crt_unique_handle_t@U__crt_hmodule_traits@@@@QEBAPEAUHINSTANCE__@@XZ 0000000180002db0 f i libucrtd:exit.obj
 0001:00001db0       ?get@?$__crt_unique_heap_ptr@U__vcrt_ptd@@U__crt_internal_free_policy@@@@QEBAPEAU__vcrt_ptd@@XZ 0000000180002db0 f i libvcruntimed:per_thread_data.obj
 0001:00001db0       ?get@?$__crt_unique_handle_t@U__crt_findfile_traits@@@@QEBAPEAXXZ 0000000180002db0 f i libucrtd:argv_wildcards.obj
 0001:00001db0       ?get@?$__crt_scoped_stack_ptr@_W@@QEBAPEA_WXZ 0000000180002db0 f i libucrtd:getstringtypea.obj
 0001:00001db0       ?get@?$__crt_unique_heap_ptr@PEADU__crt_internal_free_policy@@@@QEBAPEAPEADXZ 0000000180002db0 f i libucrtd:argv_parsing.obj
 0001:00001db0       ?public_stream@__crt_stdio_stream@@QEBAPEAU_iobuf@@XZ 0000000180002db0 f i libucrtd:output.obj
 0001:00001db0       ?save_state@?$c_string_character_source@D@__crt_strtox@@QEBAPEBDXZ 0000000180002db0 f i libucrtd:atox.obj
 0001:00001db0       ?save_state@?$c_string_character_source@_W@__crt_strtox@@QEBAPEB_WXZ 0000000180002db0 f i libucrtd:atox.obj
 0001:00001db0       ?get@?$__crt_unique_heap_ptr@DU__crt_public_free_policy@@@@QEBAPEADXZ 0000000180002db0 f i libvcruntimed:std_exception.obj
 0001:00001db0       ?get@?$__crt_unique_heap_ptr@DU__crt_internal_free_policy@@@@QEBAPEADXZ 0000000180002db0 f i libvcruntimed:std_type_info.obj
 0001:00001db0       ??C__crt_stdio_stream@@QEBAPEAU__crt_stdio_stream_data@@XZ 0000000180002db0 f i libucrtd:output.obj
 0001:00001dc0       ?valid@__crt_stdio_stream@@QEBA_NXZ 0000000180002dc0 f i libucrtd:output.obj
 0001:00001dc0       ?is_valid@?$__crt_unique_heap_ptr@DU__crt_public_free_policy@@@@QEBA_NXZ 0000000180002dc0 f i libvcruntimed:std_exception.obj
 0001:00001dc0       ?is_valid@?$__crt_unique_heap_ptr@EU__crt_internal_free_policy@@@@QEBA_NXZ 0000000180002dc0 f i libucrtd:argv_parsing.obj
 0001:00001dc0       ?is_valid@?$__crt_unique_heap_ptr@U__crt_multibyte_data@@U__crt_internal_free_policy@@@@QEBA_NXZ 0000000180002dc0 f i libucrtd:mbctype.obj
 0001:00001dc0       ?is_valid@?$__crt_unique_heap_ptr@DU__crt_internal_free_policy@@@@QEBA_NXZ 0000000180002dc0 f i libvcruntimed:std_type_info.obj
 0001:00001dc0       ?is_valid@?$__crt_unique_heap_ptr@U__crt_lowio_handle_data@@U__crt_internal_free_policy@@@@QEBA_NXZ 0000000180002dc0 f i libucrtd:osfinfo.obj
 0001:00001dc0       ?is_valid@?$__crt_unique_heap_ptr@U__acrt_ptd@@U__crt_internal_free_policy@@@@QEBA_NXZ 0000000180002dc0 f i libucrtd:per_thread_data.obj
 0001:00001dc0       ??B?$__crt_scoped_stack_ptr@_W@@QEBA_NXZ 0000000180002dc0 f i libucrtd:lcmapstringa.obj
 0001:00001dc0       ?is_valid@?$__crt_unique_heap_ptr@U__vcrt_ptd@@U__crt_internal_free_policy@@@@QEBA_NXZ 0000000180002dc0 f i libvcruntimed:per_thread_data.obj
 0001:00001df0       ?release@?$__crt_unique_heap_ptr@U__crt_multibyte_data@@U__crt_internal_free_policy@@@@QEAAXXZ 0000000180002df0 f i libucrtd:mbctype.obj
 0001:00001df0       ?release@?$__crt_unique_heap_ptr@PEAU__crt_stdio_stream_data@@U__crt_internal_free_policy@@@@QEAAXXZ 0000000180002df0 f i libucrtd:_file.obj
 0001:00001df0       ?release@?$__crt_unique_heap_ptr@EU__crt_internal_free_policy@@@@QEAAXXZ 0000000180002df0 f i libucrtd:argv_parsing.obj
 0001:00001df0       ?release@?$__crt_unique_heap_ptr@U__crt_lowio_handle_data@@U__crt_internal_free_policy@@@@QEAAXXZ 0000000180002df0 f i libucrtd:osfinfo.obj
 0001:00001df0       ?release@?$__crt_unique_heap_ptr@PEADU__crt_internal_free_policy@@@@QEAAXXZ 0000000180002df0 f i libucrtd:argv_parsing.obj
 0001:00001df0       ?release@?$__crt_unique_heap_ptr@U__acrt_ptd@@U__crt_internal_free_policy@@@@QEAAXXZ 0000000180002df0 f i libucrtd:per_thread_data.obj
 0001:00001df0       ?release@?$__crt_unique_heap_ptr@DU__crt_internal_free_policy@@@@QEAAXXZ 0000000180002df0 f i libvcruntimed:std_type_info.obj
 0001:00001df0       ?release@?$__crt_unique_heap_ptr@U__vcrt_ptd@@U__crt_internal_free_policy@@@@QEAAXXZ 0000000180002df0 f i libvcruntimed:per_thread_data.obj
 0001:00001e20       __std_type_info_compare    0000000180002e20 f   libvcruntimed:std_type_info.obj
 0001:00001e60       __std_type_info_destroy_list 0000000180002e60 f   libvcruntimed:std_type_info.obj
 0001:00001ec0       __vcrt_initialize          0000000180002ec0 f   libvcruntimed:initialization.obj
 0001:00001f00       __vcrt_thread_attach       0000000180002f00 f   libvcruntimed:initialization.obj
 0001:00001f20       __vcrt_thread_detach       0000000180002f20 f   libvcruntimed:initialization.obj
 0001:00001f40       __vcrt_uninitialize        0000000180002f40 f   libvcruntimed:initialization.obj
 0001:00001f60       __vcrt_uninitialize_critical 0000000180002f60 f   libvcruntimed:initialization.obj
 0001:00001f80       __DestructExceptionObject  0000000180002f80 f   libvcruntimed:ehhelpers.obj
 0001:00002080       ?_CallMemberFunction0@@YAXQEAX0@Z 0000000180003080 f i libvcruntimed:ehhelpers.obj
 0001:00002150       _IsExceptionObjectToBeDestroyed 0000000180003150 f   libvcruntimed:ehhelpers.obj
 0001:000021a0       __AdjustPointer            00000001800031a0 f   libvcruntimed:ehhelpers.obj
 0001:00002220       __FrameUnwindFilter        0000000180003220 f   libvcruntimed:ehhelpers.obj
 0001:000022e0       _NLG_Notify                00000001800032e0 f   libvcruntimed:notify.obj
 0001:00002300       __NLG_Dispatch2            0000000180003300 f   libvcruntimed:notify.obj
 0001:00002310       __NLG_Return2              0000000180003310 f   libvcruntimed:notify.obj
 0001:00002320       __except_validate_context_record 0000000180003320 f   libvcruntimed:jbcxrval.obj
 0001:00002380       _vsprintf_s_l              0000000180003380 f i libvcruntimed:undname.obj
 0001:000023f0       sprintf_s                  00000001800033f0 f i libvcruntimed:undname.obj
 0001:00002490       ?detach@?$__crt_unique_heap_ptr@PEAU__crt_stdio_stream_data@@U__crt_internal_free_policy@@@@QEAAPEAPEAU__crt_stdio_stream_data@@XZ 0000000180003490 f i libucrtd:_file.obj
 0001:00002490       ?detach@?$__crt_unique_heap_ptr@U__acrt_ptd@@U__crt_internal_free_policy@@@@QEAAPEAU__acrt_ptd@@XZ 0000000180003490 f i libucrtd:per_thread_data.obj
 0001:00002490       ?detach@?$__crt_unique_heap_ptr@PEADU__crt_internal_free_policy@@@@QEAAPEAPEADXZ 0000000180003490 f i libucrtd:argv_parsing.obj
 0001:00002490       ?detach@?$__crt_unique_heap_ptr@U__crt_multibyte_data@@U__crt_internal_free_policy@@@@QEAAPEAU__crt_multibyte_data@@XZ 0000000180003490 f i libucrtd:mbctype.obj
 0001:00002490       ?detach@?$__crt_unique_heap_ptr@U__vcrt_ptd@@U__crt_internal_free_policy@@@@QEAAPEAU__vcrt_ptd@@XZ 0000000180003490 f i libvcruntimed:per_thread_data.obj
 0001:00002490       ?detach@?$__crt_unique_heap_ptr@EU__crt_internal_free_policy@@@@QEAAPEAEXZ 0000000180003490 f i libucrtd:argv_parsing.obj
 0001:00002490       ?detach@?$__crt_unique_heap_ptr@U__crt_lowio_handle_data@@U__crt_internal_free_policy@@@@QEAAPEAU__crt_lowio_handle_data@@XZ 0000000180003490 f i libucrtd:osfinfo.obj
 0001:00002490       ?detach@?$__crt_unique_heap_ptr@DU__crt_public_free_policy@@@@QEAAPEADXZ 0000000180003490 f i libvcruntimed:std_exception.obj
 0001:00002500       __vcrt_freefls             0000000180003500 f   libvcruntimed:per_thread_data.obj
 0001:00002540       __vcrt_freeptd             0000000180003540 f   libvcruntimed:per_thread_data.obj
 0001:000025a0       __vcrt_getptd              00000001800035a0 f   libvcruntimed:per_thread_data.obj
 0001:000025d0       __vcrt_getptd_noexit       00000001800035d0 f   libvcruntimed:per_thread_data.obj
 0001:00002770       __vcrt_initialize_ptd      0000000180003770 f   libvcruntimed:per_thread_data.obj
 0001:000027c0       __vcrt_uninitialize_ptd    00000001800037c0 f   libvcruntimed:per_thread_data.obj
 0001:000027f0       __vcrt_initialize_locks    00000001800037f0 f   libvcruntimed:locks.obj
 0001:00002860       __vcrt_uninitialize_locks  0000000180003860 f   libvcruntimed:locks.obj
 0001:000028d0       memcpy_repmovs             00000001800038d0 f   libvcruntimed:memcpy.obj
 0001:000028f0       memcpy                     00000001800038f0 f   libvcruntimed:memcpy.obj
 0001:000028f0       memmove                    00000001800038f0 f   libvcruntimed:memcpy.obj
 0001:00002cd0       ??$?0AEAViterator@TryBlockMap@__FrameHandler3@@AEAV012@$0A@@?$pair@Viterator@TryBlockMap@__FrameHandler3@@V123@@std@@QEAA@AEAViterator@TryBlockMap@__FrameHandler3@@0@Z 0000000180003cd0 f i libvcruntimed:risctrnsctrl.obj
 0001:00002de0       ??$_CallSETranslator@V__FrameHandler3@@@@YAHPEAUEHExceptionRecord@@PEA_KPEAU_CONTEXT@@PEAU_xDISPATCHER_CONTEXT@@PEBU_s_FuncInfo@@K1H@Z 0000000180003de0 f i libvcruntimed:risctrnsctrl.obj
 0001:00002e70       ?dangerous_get_state_array@?$dual_state_global@PEAU__crt_multibyte_data@@@__crt_state_management@@QEAAPEAPEAU__crt_multibyte_data@@XZ 0000000180003e70 f i libucrtd:mbctype.obj
 0001:00002e70       ?get_address_of@?$__crt_unique_heap_ptr@PEADU__crt_internal_free_policy@@@@QEAAPEAPEAPEADXZ 0000000180003e70 f i libucrtd:argv_parsing.obj
 0001:00002e70       ?dangerous_get_state_array@?$dual_state_global@PEAE@__crt_state_management@@QEAAPEAPEAEXZ 0000000180003e70 f i libucrtd:mbctype.obj
 0001:00002e70       ?debug_info@?$__crt_win32_buffer@DU__crt_win32_buffer_internal_dynamic_resizing@@@@QEBAAEBV__crt_win32_buffer_empty_debug_info@@XZ 0000000180003e70 f i libucrtd:argv_wildcards.obj
 0001:00002e70       ?dangerous_get_state_array@?$dual_state_global@P6AXPEB_W00I_K@Z@__crt_state_management@@QEAAPEAP6AXPEB_W00I_K@ZXZ 0000000180003e70 f i libucrtd:invalid_parameter.obj
 0001:00002e70       ?debug_info@?$__crt_win32_buffer@_WU__crt_win32_buffer_internal_dynamic_resizing@@@@QEBAAEBV__crt_win32_buffer_empty_debug_info@@XZ 0000000180003e70 f i libucrtd:argv_wildcards.obj
 0001:00002e70       ?dangerous_get_state_array@?$dual_state_global@PEAU__crt_locale_data@@@__crt_state_management@@QEAAPEAPEAU__crt_locale_data@@XZ 0000000180003e70 f i libucrtd:per_thread_data.obj
 0001:00002e70       ?get_address_of@?$__crt_unique_handle_t@U__crt_hmodule_traits@@@@QEAAPEAPEAUHINSTANCE__@@XZ 0000000180003e70 f i libucrtd:exit.obj
 0001:00002e70       ??$forward@AEAViterator@TryBlockMap@__FrameHandler3@@@std@@YAAEAViterator@TryBlockMap@__FrameHandler3@@AEAV123@@Z 0000000180003e70 f i libvcruntimed:risctrnsctrl.obj
 0001:00002e70       ?debug_info@?$__crt_win32_buffer@DU__crt_win32_buffer_no_resizing@@@@QEBAAEBV__crt_win32_buffer_empty_debug_info@@XZ 0000000180003e70 f i libucrtd:getmodulefilenamea.obj
 0001:00002e80       ??0iterator@TryBlockMap@__FrameHandler3@@QEAA@AEAV12@I@Z 0000000180003e80 f i libvcruntimed:risctrnsctrl.obj
 0001:00002e80       ??0iterator@HandlerMap@__FrameHandler3@@QEAA@AEAV12@I@Z 0000000180003e80 f i libvcruntimed:frame.obj
 0001:00002eb0       ?CatchTryBlock@__FrameHandler3@@SAPEBU_s_TryBlockMapEntry@@PEBU_s_FuncInfo@@H@Z 0000000180003eb0 f   libvcruntimed:risctrnsctrl.obj
 0001:00002f40       ?ExecutionInCatch@__FrameHandler3@@SA_NPEAU_xDISPATCHER_CONTEXT@@PEBU_s_FuncInfo@@@Z 0000000180003f40 f   libvcruntimed:risctrnsctrl.obj
 0001:00002f90       ?FrameUnwindToEmptyState@__FrameHandler3@@SAXPEA_KPEAU_xDISPATCHER_CONTEXT@@PEBU_s_FuncInfo@@@Z 0000000180003f90 f   libvcruntimed:risctrnsctrl.obj
 0001:00003030       ?GetEstablisherFrame@__FrameHandler3@@SAPEA_KPEA_KPEAU_xDISPATCHER_CONTEXT@@PEBU_s_FuncInfo@@0@Z 0000000180004030 f   libvcruntimed:risctrnsctrl.obj
 0001:000031a0       ?GetRangeOfTrysToCheck@__FrameHandler3@@SA?AU?$pair@Viterator@TryBlockMap@__FrameHandler3@@V123@@std@@AEAVTryBlockMap@1@HPEAU_xDISPATCHER_CONTEXT@@PEBU_s_FuncInfo@@H@Z 00000001800041a0 f   libvcruntimed:risctrnsctrl.obj
 0001:000033e0       ?UnwindNestedFrames@__FrameHandler3@@SAXPEA_KPEAUEHExceptionRecord@@PEAU_CONTEXT@@0PEAXPEBU_s_FuncInfo@@HHPEBU_s_HandlerType@@PEAU_xDISPATCHER_CONTEXT@@E@Z 00000001800043e0 f   libvcruntimed:risctrnsctrl.obj
 0001:00003550       _CreateFrameInfo           0000000180004550 f   libvcruntimed:risctrnsctrl.obj
 0001:000035c0       _FindAndUnlinkFrame        00000001800045c0 f   libvcruntimed:risctrnsctrl.obj
 0001:00003640       _GetImageBase              0000000180004640 f   libvcruntimed:risctrnsctrl.obj
 0001:00003660       _GetThrowImageBase         0000000180004660 f   libvcruntimed:risctrnsctrl.obj
 0001:00003680       _SetImageBase              0000000180004680 f   libvcruntimed:risctrnsctrl.obj
 0001:000036a0       _SetThrowImageBase         00000001800046a0 f   libvcruntimed:risctrnsctrl.obj
 0001:000036c0       __CxxFrameHandler3         00000001800046c0 f   libvcruntimed:risctrnsctrl.obj
 0001:000037a0       ??$__crt_interlocked_exchange_pointer@UHINSTANCE__@@PEAX@@YAPEAUHINSTANCE__@@PEDSEAU0@QEAX@Z 00000001800047a0 f i libvcruntimed:winapi_downlevel.obj
 0001:000037a0       ??$__crt_interlocked_exchange_pointer@XPEAX@@YAPEAXPEDSEAXQEAX@Z 00000001800047a0 f i libvcruntimed:winapi_downlevel.obj
 0001:000037a0       ??$__crt_interlocked_exchange_pointer@UHINSTANCE__@@PEAU1@@@YAPEAUHINSTANCE__@@PEDSEAU0@QEAU0@@Z 00000001800047a0 f i libvcruntimed:winapi_downlevel.obj
 0001:000037c0       ?get_invalid_value@__crt_findfile_traits@@SAPEAXXZ 00000001800047c0 f   libucrtd:argv_wildcards.obj
 0001:00003cb0       __vcrt_FlsAlloc            0000000180004cb0 f   libvcruntimed:winapi_downlevel.obj
 0001:00003d00       __vcrt_FlsFree             0000000180004d00 f   libvcruntimed:winapi_downlevel.obj
 0001:00003d50       __vcrt_FlsGetValue         0000000180004d50 f   libvcruntimed:winapi_downlevel.obj
 0001:00003da0       __vcrt_FlsSetValue         0000000180004da0 f   libvcruntimed:winapi_downlevel.obj
 0001:00003e00       __vcrt_InitializeCriticalSectionEx 0000000180004e00 f   libvcruntimed:winapi_downlevel.obj
 0001:00003e70       ?GetCurrentState@__FrameHandler3@@SAHPEA_KPEAU_xDISPATCHER_CONTEXT@@PEBU_s_FuncInfo@@@Z 0000000180004e70 f   libvcruntimed:ehstate.obj
 0001:00003ed0       ?GetUnwindTryBlock@__FrameHandler3@@SAHPEA_KPEAU_xDISPATCHER_CONTEXT@@PEBU_s_FuncInfo@@@Z 0000000180004ed0 f   libvcruntimed:ehstate.obj
 0001:00003f20       ?SetState@__FrameHandler3@@SAXPEA_KPEBU_s_FuncInfo@@H@Z 0000000180004f20 f   libvcruntimed:ehstate.obj
 0001:00003f50       ?SetUnwindTryBlock@__FrameHandler3@@SAXPEA_KPEAU_xDISPATCHER_CONTEXT@@PEBU_s_FuncInfo@@H@Z 0000000180004f50 f   libvcruntimed:ehstate.obj
 0001:00003fc0       ?StateFromControlPc@__FrameHandler3@@SAHPEBU_s_FuncInfo@@PEAU_xDISPATCHER_CONTEXT@@@Z 0000000180004fc0 f   libvcruntimed:ehstate.obj
 0001:00004000       ?StateFromIp@__FrameHandler3@@SAHPEBU_s_FuncInfo@@PEAU_xDISPATCHER_CONTEXT@@_K@Z 0000000180005000 f   libvcruntimed:ehstate.obj
 0001:000040f0       ?__RVAtoRealOffset@@YA_KPEAU_xDISPATCHER_CONTEXT@@H@Z 00000001800050f0 f i libvcruntimed:ehstate.obj
 0001:000052d0       ??$TypeMatchHelper@V__FrameHandler3@@@@YAHPEBU_s_HandlerType@@PEBU_s_CatchableType@@PEBU_s_ThrowInfo@@@Z 00000001800062d0 f i libvcruntimed:frame.obj
 0001:000054d0       ??$__InternalCxxFrameHandler@V__FrameHandler3@@@@YA?AW4_EXCEPTION_DISPOSITION@@PEAUEHExceptionRecord@@PEA_KPEAU_CONTEXT@@PEAU_xDISPATCHER_CONTEXT@@PEBU_s_FuncInfo@@H1E@Z 00000001800064d0 f i libvcruntimed:frame.obj
 0001:00005940       ??0HandlerMap@__FrameHandler3@@QEAA@PEBU_s_TryBlockMapEntry@@_KI@Z 0000000180006940 f i libvcruntimed:frame.obj
 0001:00005990       ??0TryBlockMap@__FrameHandler3@@QEAA@PEBU_s_FuncInfo@@_K@Z 0000000180006990 f i libvcruntimed:frame.obj
 0001:000059c0       ??0bad_exception@std@@QEAA@AEBV01@@Z 00000001800069c0 f i libvcruntimed:frame.obj
 0001:00005a00       ??0bad_exception@std@@QEAA@XZ 0000000180006a00 f i libvcruntimed:frame.obj
 0001:00005a40       ??0exception@std@@QEAA@AEBV01@@Z 0000000180006a40 f i libvcruntimed:frame.obj
 0001:00005aa0       ??0exception@std@@QEAA@QEBDH@Z 0000000180006aa0 f i libvcruntimed:frame.obj
 0001:00005af0       ??1bad_exception@std@@UEAA@XZ 0000000180006af0 f i libvcruntimed:frame.obj
 0001:00005b10       ??1exception@std@@UEAA@XZ  0000000180006b10 f i libvcruntimed:frame.obj
 0001:00005b40       ??8iterator@HandlerMap@__FrameHandler3@@QEBA_NAEBV012@@Z 0000000180006b40 f i libvcruntimed:frame.obj
 0001:00005b80       ??8type_info@@QEBA_NAEBV0@@Z 0000000180006b80 f i libvcruntimed:frame.obj
 0001:00005bd0       ??9iterator@HandlerMap@__FrameHandler3@@QEBA_NAEBV012@@Z 0000000180006bd0 f i libvcruntimed:frame.obj
 0001:00005c10       ??Diterator@HandlerMap@__FrameHandler3@@QEAA?BU_s_HandlerType@@XZ 0000000180006c10 f i libvcruntimed:frame.obj
 0001:00005c50       ??Diterator@TryBlockMap@__FrameHandler3@@QEAA?BU_s_TryBlockMapEntry@@XZ 0000000180006c50 f i libvcruntimed:frame.obj
 0001:00005ca0       ??Eiterator@TryBlockMap@__FrameHandler3@@QEAAAEAV012@XZ 0000000180006ca0 f i libvcruntimed:frame.obj
 0001:00005ca0       ??Eiterator@HandlerMap@__FrameHandler3@@QEAAAEAV012@XZ 0000000180006ca0 f i libvcruntimed:frame.obj
 0001:00005cc0       ??Miterator@TryBlockMap@__FrameHandler3@@QEBA_NAEBV012@@Z 0000000180006cc0 f i libvcruntimed:frame.obj
 0001:00005d00       ??_Gbad_exception@std@@UEAAPEAXI@Z 0000000180006d00 f i libvcruntimed:frame.obj
 0001:00005d00       ??_Ebad_exception@std@@UEAAPEAXI@Z 0000000180006d00 f i libvcruntimed:frame.obj
 0001:00005d40       ??_Gexception@std@@UEAAPEAXI@Z 0000000180006d40 f i libvcruntimed:frame.obj
 0001:00005d40       ??_Eexception@std@@UEAAPEAXI@Z 0000000180006d40 f i libvcruntimed:frame.obj
 0001:00005d80       ?BuildCatchObject@__FrameHandler3@@SAXPEAUEHExceptionRecord@@PEAXPEBU_s_HandlerType@@PEBU_s_CatchableType@@@Z 0000000180006d80 f   libvcruntimed:frame.obj
 0001:00005dc0       ?CxxCallCatchBlock@__FrameHandler3@@SAPEAXPEAU_EXCEPTION_RECORD@@@Z 0000000180006dc0 f   libvcruntimed:frame.obj
 0001:00006120       ?FrameUnwindToState@__FrameHandler3@@SAXPEA_KPEAU_xDISPATCHER_CONTEXT@@PEBU_s_FuncInfo@@H@Z 0000000180007120 f   libvcruntimed:frame.obj
 0001:00006370       ?GetHandlerSearchState@__FrameHandler3@@SAHPEA_KPEAU_xDISPATCHER_CONTEXT@@PEBU_s_FuncInfo@@@Z 0000000180007370 f i libvcruntimed:frame.obj
 0001:00006420       ?GetMaxState@__FrameHandler3@@SAHPEAU_xDISPATCHER_CONTEXT@@PEBU_s_FuncInfo@@@Z 0000000180007420 f i libvcruntimed:frame.obj
 0001:00006620       ?TypeMatch@__FrameHandler3@@SAHPEBU_s_HandlerType@@PEBU_s_CatchableType@@PEBU_s_ThrowInfo@@@Z 0000000180007620 f   libvcruntimed:frame.obj
 0001:00006620       __TypeMatch                0000000180007620 f   libvcruntimed:frame.obj
 0001:00006650       ?_CallMemberFunction1@@YAXQEAX00@Z 0000000180007650 f i libvcruntimed:frame.obj
 0001:00006690       ?_CallMemberFunction2@@YAXQEAX00H@Z 0000000180007690 f i libvcruntimed:frame.obj
 0001:00006720       ?begin@HandlerMap@__FrameHandler3@@QEAA?AViterator@12@XZ 0000000180007720 f i libvcruntimed:frame.obj
 0001:00006750       ?end@HandlerMap@__FrameHandler3@@QEAA?AViterator@12@XZ 0000000180007750 f i libvcruntimed:frame.obj
 0001:00006780       ?getESTypes@__FrameHandler3@@SAPEBU_s_ESTypeList@@PEBU_s_FuncInfo@@@Z 0000000180007780 f i libvcruntimed:frame.obj
 0001:000067c0       ?getLastEntry@HandlerMap@__FrameHandler3@@QEAAPEBU_s_HandlerType@@XZ 00000001800077c0 f i libvcruntimed:frame.obj
 0001:000067e0       ?getMagicNum@__FrameHandler3@@SAIPEBU_s_FuncInfo@@@Z 00000001800077e0 f i libvcruntimed:frame.obj
 0001:00006800       ?getNumTryBlocks@TryBlockMap@__FrameHandler3@@QEAAIXZ 0000000180007800 f i libvcruntimed:frame.obj
 0001:00006820       ?isEHs@__FrameHandler3@@SA_NPEBU_s_FuncInfo@@@Z 0000000180007820 f i libvcruntimed:frame.obj
 0001:00006860       ?isNoExcept@__FrameHandler3@@SA_NPEBU_s_FuncInfo@@@Z 0000000180007860 f i libvcruntimed:frame.obj
 0001:000068a0       ?what@exception@std@@UEBAPEBDXZ 00000001800078a0 f i libvcruntimed:frame.obj
 0001:000068e0       __vcrt_EncodePointer       00000001800078e0 f i libvcruntimed:frame.obj
 0001:00006910       memset_repmovs             0000000180007910 f   libvcruntimed:memset.obj
 0001:00006930       memset                     0000000180007930 f   libvcruntimed:memset.obj
 0001:00006ad0       _CallSettingFrame          0000000180007ad0 f   libvcruntimed:handlers.obj
 0001:00006b20       _CallSettingFrame_LookupContinuationIndex 0000000180007b20 f   libvcruntimed:handlers.obj
 0001:00006b50       _CallSettingFrame_NotifyContinuationAddr 0000000180007b50 f   libvcruntimed:handlers.obj
 0001:00006b80       _CallSettingFrameEncoded   0000000180007b80 f   libvcruntimed:handlers.obj
 0001:00006bd0       ??$?RD@__crt_public_free_policy@@QEBAXQEBD@Z 0000000180007bd0 f i libvcruntimed:std_exception.obj
 0001:00006bf0       ??1?$__crt_unique_heap_ptr@DU__crt_public_free_policy@@@@QEAA@XZ 0000000180007bf0 f i libvcruntimed:std_exception.obj
 0001:00006c10       ?release@?$__crt_unique_heap_ptr@DU__crt_public_free_policy@@@@QEAAXXZ 0000000180007c10 f i libvcruntimed:std_exception.obj
 0001:00006c40       __std_exception_copy       0000000180007c40 f   libvcruntimed:std_exception.obj
 0001:00006d80       __std_exception_destroy    0000000180007d80 f   libvcruntimed:std_exception.obj
 0001:00006dc0       _CxxThrowException         0000000180007dc0 f   libvcruntimed:throw.obj
 0001:00006ef0       _initterm                  0000000180007ef0 f   libucrtd:initterm.obj
 0001:00006f50       _initterm_e                0000000180007f50 f   libucrtd:initterm.obj
 0001:00007040       _seh_filter_dll            0000000180008040 f   libucrtd:exception_filter.obj
 0001:00007070       _seh_filter_exe            0000000180008070 f   libucrtd:exception_filter.obj
 0001:00007310       ??$?B$$A6AXXZ@__crt_fast_encoded_nullptr_t@@QEBAP6AXXZXZ 0000000180008310 f i libucrtd:onexit.obj
 0001:00007310       ??$?B$$A6AXPEAXK0@Z@__crt_fast_encoded_nullptr_t@@QEBAP6AXPEAXK0@ZXZ 0000000180008310 f i libucrtd:exit.obj
 0001:00007310       ??$?BX@__crt_fast_encoded_nullptr_t@@QEBAPEAXXZ 0000000180008310 f i libucrtd:initialization.obj
 0001:00007310       ??$?B$$A6AXH@Z@__crt_fast_encoded_nullptr_t@@QEBAP6AXH@ZXZ 0000000180008310 f i libucrtd:signal.obj
 0001:00007310       ??$?BP6AXXZ@__crt_fast_encoded_nullptr_t@@QEBAPEAP6AXXZXZ 0000000180008310 f i libucrtd:onexit.obj
 0001:000073c0       ??$__crt_fast_decode_pointer@P6AXH@Z@@YAP6AXH@ZQ6AXH@Z@Z 00000001800083c0 f i libucrtd:signal.obj
 0001:000073c0       ??$__crt_fast_decode_pointer@PEAP6AXXZ@@YAPEAP6AXXZQEAP6AXXZ@Z 00000001800083c0 f i libucrtd:onexit.obj
 0001:000073c0       ??$__crt_fast_decode_pointer@P6AHPEAU_exception@@@Z@@YAP6AHPEAU_exception@@@ZQ6AH0@Z@Z 00000001800083c0 f i libucrtd:matherr.obj
 0001:000073c0       ??$__crt_fast_decode_pointer@P6AXPEAXK0@Z@@YAP6AXPEAXK0@ZQ6AX0K0@Z@Z 00000001800083c0 f i libucrtd:exit.obj
 0001:000073c0       ??$__crt_fast_decode_pointer@P6AXPEB_W00I_K@Z@@YAP6AXPEB_W00I_K@ZQ6AX000I1@Z@Z 00000001800083c0 f i libucrtd:invalid_parameter.obj
 0001:000073c0       ??$__crt_fast_decode_pointer@PEAX@@YAPEAXQEAX@Z 00000001800083c0 f i libucrtd:winapi_thunks.obj
 0001:000073c0       ??$__crt_fast_decode_pointer@P6AXXZ@@YAP6AXXZQ6AXXZ@Z 00000001800083c0 f i libucrtd:onexit.obj
 0001:000073c0       ??$__crt_fast_decode_pointer@P6AH_K@Z@@YAP6AH_K@ZQ6AH0@Z@Z 00000001800083c0 f i libucrtd:new_handler.obj
 0001:00007400       ??$__crt_fast_encode_pointer@P6AXXZ@@YAP6AXXZQ6AXXZ@Z 0000000180008400 f i libucrtd:onexit.obj
 0001:00007400       ??$__crt_fast_encode_pointer@PEAX@@YAPEAXQEAX@Z 0000000180008400 f i libucrtd:initialization.obj
 0001:00007400       ??$__crt_fast_encode_pointer@P6AXH@Z@@YAP6AXH@ZQ6AXH@Z@Z 0000000180008400 f i libucrtd:signal.obj
 0001:00007400       ??$__crt_fast_encode_pointer@P6AXPEAXK0@Z@@YAP6AXPEAXK0@ZQ6AX0K0@Z@Z 0000000180008400 f i libucrtd:exit.obj
 0001:00007400       ??$__crt_fast_encode_pointer@PEAP6AXXZ@@YAPEAP6AXXZQEAP6AXXZ@Z 0000000180008400 f i libucrtd:onexit.obj
 0001:00007440       ??$__crt_get_proc_address@P6AXI@Z@@YAP6AXI@ZQEAUHINSTANCE__@@QEBD@Z 0000000180008440 f i libucrtd:exit.obj
 0001:00007470       ??$__crt_interlocked_read@J@@YAJPEDJ@Z 0000000180008470 f i libucrtd:exit.obj
 0001:00007500       ??1?$__crt_unique_handle_t@U__crt_hmodule_traits@@@@QEAA@XZ 0000000180008500 f i libucrtd:exit.obj
 0001:00007660       ?__acrt_select_exit_lock@@YA?AW4__acrt_lock_id@@XZ 0000000180008660 f i libucrtd:exit.obj
 0001:00007670       ?__crt_fast_encode_pointer@@YA?AU__crt_fast_encoded_nullptr_t@@$$T@Z 0000000180008670 f i libucrtd:exit.obj
 0001:00007690       ?__crt_interlocked_read_32@@YAHPEDH@Z 0000000180008690 f i libucrtd:exit.obj
 0001:000076b0       ?__crt_rotate_pointer_value@@YA_K_KH@Z 00000001800086b0 f i libucrtd:exit.obj
 0001:000076f0       ?close@?$__crt_unique_handle_t@U__crt_hmodule_traits@@@@QEAAXXZ 00000001800086f0 f i libucrtd:exit.obj
 0001:00007730       ?close@__crt_hmodule_traits@@SA_NPEAUHINSTANCE__@@@Z 0000000180008730 f i libucrtd:exit.obj
 0001:00007840       ?get_invalid_value@__crt_hmodule_traits@@SAPEAUHINSTANCE__@@XZ 0000000180008840 f i libucrtd:exit.obj
 0001:00007840       ?get_current_state_index@__crt_state_management@@YA_KXZ 0000000180008840 f i libucrtd:environment_initialization.obj
 0001:00007a00       __acrt_initialize_thread_local_exit_callback 0000000180008a00 f   libucrtd:exit.obj
 0001:00007a20       _cexit                     0000000180008a20 f   libucrtd:exit.obj
 0001:00007a40       _exit                      0000000180008a40 f   libucrtd:exit.obj
 0001:00007a60       _is_c_termination_complete 0000000180008a60 f   libucrtd:exit.obj
 0001:00007e10       ??$get_module_file_name@$$TAEAY0BAF@DH@?$__crt_char_traits@D@@SAK$$QEA$$TAEAY0BAF@D$$QEAH@Z 0000000180008e10 f i libucrtd:argv_parsing.obj
 0001:00007e10       ??$get_module_file_name@AEAPEAUHINSTANCE__@@AEAY0BAF@DK@?$__crt_char_traits@D@@SAKAEAPEAUHINSTANCE__@@AEAY0BAF@D$$QEAK@Z 0000000180008e10 f i libucrtd:dbgrpt.obj
 0001:000082e0       ??$set_program_name@PEAD@?$__crt_char_traits@D@@SAX$$QEAPEAD@Z 00000001800092e0 f i libucrtd:argv_parsing.obj
 0001:00008410       __acrt_allocate_buffer_for_argv 0000000180009410 f   libucrtd:argv_parsing.obj
 0001:00008530       _configure_narrow_argv     0000000180009530 f   libucrtd:argv_parsing.obj
 0001:00008550       _set_pgmptr                0000000180009550 f i libucrtd:argv_parsing.obj
 0001:00008780       ??$tcslen@AEAPEAD@?$__crt_char_traits@D@@SA_KAEAPEAD@Z 0000000180009780 f i libucrtd:environment_initialization.obj
 0001:000087cc       ??B?$__crt_unique_heap_ptr@PEADU__crt_internal_free_policy@@@@QEBA_NXZ 00000001800097cc f i libucrtd:environment_initialization.obj
 0001:000087d4       ?detach@?$__crt_unique_heap_ptr@DU__crt_internal_free_policy@@@@QEAAPEADXZ 00000001800097d4 f i libucrtd:environment_initialization.obj
 0001:000087dc       __dcrt_uninitialize_environments_nolock 00000001800097dc f   libucrtd:environment_initialization.obj
 0001:00008814       _initialize_narrow_environment 0000000180009814 f   libucrtd:environment_initialization.obj
 0001:0000881c       _invoke_watson_if_error    000000018000981c f i libucrtd:environment_initialization.obj
 0001:00008b20       _execute_onexit_table      0000000180009b20 f   libucrtd:onexit.obj
 0001:00008b60       _initialize_onexit_table   0000000180009b60 f   libucrtd:onexit.obj
 0001:00008c30       __acrt_uninitialize_command_line 0000000180009c30 f   libucrtd:argv_data.obj
 0001:00008ea0       ?initialize@?$dual_state_global@P6AH_K@Z@__crt_state_management@@QEAAXQ6AH_K@Z@Z 0000000180009ea0 f i libucrtd:new_handler.obj
 0001:00008ea0       ?initialize@?$dual_state_global@P6AHPEAU_exception@@@Z@__crt_state_management@@QEAAXQ6AHPEAU_exception@@@Z@Z 0000000180009ea0 f i libucrtd:matherr.obj
 0001:00008ea0       ?initialize@?$dual_state_global@PEAU__crt_multibyte_data@@@__crt_state_management@@QEAAXQEAU__crt_multibyte_data@@@Z 0000000180009ea0 f i libucrtd:mbctype.obj
 0001:00008ea0       ?initialize@?$dual_state_global@PEAU__crt_locale_data@@@__crt_state_management@@QEAAXQEAU__crt_locale_data@@@Z 0000000180009ea0 f i libucrtd:initialization.obj
 0001:00008ea0       ?initialize@?$dual_state_global@P6AXH@Z@__crt_state_management@@QEAAXQ6AXH@Z@Z 0000000180009ea0 f i libucrtd:signal.obj
 0001:00008ef0       __acrt_initialize          0000000180009ef0 f   libucrtd:initialization.obj
 0001:00008f20       __acrt_thread_attach       0000000180009f20 f   libucrtd:initialization.obj
 0001:00008f40       __acrt_thread_detach       0000000180009f40 f   libucrtd:initialization.obj
 0001:00008f50       __acrt_uninitialize        0000000180009f50 f   libucrtd:initialization.obj
 0001:00008f80       __acrt_uninitialize_critical 0000000180009f80 f   libucrtd:initialization.obj
 0001:00008fa0       terminate                  0000000180009fa0 f   libucrtd:terminate.obj
 0001:00008fe0       ??0_LocaleUpdate@@QEAA@QEAU__crt_locale_pointers@@@Z 0000000180009fe0 f i libucrtd:debug_heap.obj
 0001:00009100       ??1_LocaleUpdate@@QEAA@XZ  000000018000a100 f i libucrtd:debug_heap.obj
 0001:00009140       ?GetLocaleT@_LocaleUpdate@@QEAAPEAU__crt_locale_pointers@@XZ 000000018000a140 f i libucrtd:debug_heap.obj
 0001:0000b120       _CrtCheckMemory            000000018000c120 f   libucrtd:debug_heap.obj
 0001:0000b2b0       _CrtDumpMemoryLeaks        000000018000c2b0 f   libucrtd:debug_heap.obj
 0001:0000b370       _CrtIsValidHeapPointer     000000018000c370 f   libucrtd:debug_heap.obj
 0001:0000b3b0       _CrtIsValidPointer         000000018000c3b0 f   libucrtd:debug_heap.obj
 0001:0000b3f0       _CrtMemCheckpoint          000000018000c3f0 f   libucrtd:debug_heap.obj
 0001:0000b670       _CrtMemDumpAllObjectsSince 000000018000c670 f   libucrtd:debug_heap.obj
 0001:0000b6d0       _CrtSetDbgFlag             000000018000c6d0 f   libucrtd:debug_heap.obj
 0001:0000b830       _CrtSetDumpClient          000000018000c830 f   libucrtd:debug_heap.obj
 0001:0000b860       __acrt_get_locale_data_prefix 000000018000c860 f i libucrtd:debug_heap.obj
 0001:0000b880       __acrt_locale_changed      000000018000c880 f i libucrtd:debug_heap.obj
 0001:0000b8b0       _calloc_dbg                000000018000c8b0 f   libucrtd:debug_heap.obj
 0001:0000b950       _chvalidchk_l              000000018000c950 f i libucrtd:debug_heap.obj
 0001:0000b980       _free_dbg                  000000018000c980 f   libucrtd:debug_heap.obj
 0001:0000b9f0       _invoke_watson_if_oneof    000000018000c9f0 f i libucrtd:debug_heap.obj
 0001:0000ba50       _ischartype_l              000000018000ca50 f i libucrtd:debug_heap.obj
 0001:0000bae0       _malloc_dbg                000000018000cae0 f   libucrtd:debug_heap.obj
 0001:0000bb20       _msize_dbg                 000000018000cb20 f   libucrtd:debug_heap.obj
 0001:0000bcc0       _realloc_dbg               000000018000ccc0 f   libucrtd:debug_heap.obj
 0001:0000bd30       _recalloc_dbg              000000018000cd30 f   libucrtd:debug_heap.obj
 0001:0000c300       strcpy_s                   000000018000d300 f   libucrtd:strcpy_s.obj
 0001:0000c340       strcmp                     000000018000d340 f   libucrtd:strcmp.obj
 0001:0000c3c0       strlen                     000000018000d3c0 f   libucrtd:strlen.obj
 0001:0000c470       abort                      000000018000d470 f   libucrtd:abort.obj
 0001:0000c4f0       ??$?0AEBV?$string_output_adapter@D@__crt_stdio_output@@AEB_KAEBQEBDAEBQEAU__crt_locale_pointers@@AEBQEAD@?$format_validation_base@DV?$string_output_adapter@D@__crt_stdio_output@@@__crt_stdio_output@@IEAA@AEBV?$string_output_adapter@D@1@AEB_KAEBQEBDAEBQEAU__crt_locale_pointers@@AEBQEAD@Z 000000018000d4f0 f i libucrtd:output.obj
 0001:0000c540       ??$?0AEBV?$string_output_adapter@D@__crt_stdio_output@@AEB_KAEBQEBDAEBQEAU__crt_locale_pointers@@AEBQEAD@?$standard_base@DV?$string_output_adapter@D@__crt_stdio_output@@@__crt_stdio_output@@IEAA@AEBV?$string_output_adapter@D@1@AEB_KAEBQEBDAEBQEAU__crt_locale_pointers@@AEBQEAD@Z 000000018000d540 f i libucrtd:output.obj
 0001:0000c5b0       ??$?0AEBV?$string_output_adapter@_W@__crt_stdio_output@@AEB_KAEBQEB_WAEBQEAU__crt_locale_pointers@@AEBQEAD@?$format_validation_base@_WV?$string_output_adapter@_W@__crt_stdio_output@@@__crt_stdio_output@@IEAA@AEBV?$string_output_adapter@_W@1@AEB_KAEBQEB_WAEBQEAU__crt_locale_pointers@@AEBQEAD@Z 000000018000d5b0 f i libucrtd:output.obj
 0001:0000c600       ??$?0AEBV?$string_output_adapter@_W@__crt_stdio_output@@AEB_KAEBQEB_WAEBQEAU__crt_locale_pointers@@AEBQEAD@?$standard_base@_WV?$string_output_adapter@_W@__crt_stdio_output@@@__crt_stdio_output@@IEAA@AEBV?$string_output_adapter@_W@1@AEB_KAEBQEB_WAEBQEAU__crt_locale_pointers@@AEBQEAD@Z 000000018000d600 f i libucrtd:output.obj
 0001:0000df80       ??$count@D@formatting_buffer@__crt_stdio_output@@QEBA_KXZ 000000018000ef80 f i libucrtd:output.obj
 0001:0000dfd0       ??$count@_W@formatting_buffer@__crt_stdio_output@@QEBA_KXZ 000000018000efd0 f i libucrtd:output.obj
 0001:0000e020       ??$data@D@formatting_buffer@__crt_stdio_output@@QEAAPEADXZ 000000018000f020 f i libucrtd:output.obj
 0001:0000e020       ??$data@_W@formatting_buffer@__crt_stdio_output@@QEAAPEA_WXZ 000000018000f020 f i libucrtd:output.obj
 0001:0000e070       ??$ensure_buffer_is_big_enough@D@formatting_buffer@__crt_stdio_output@@QEAA_N_K@Z 000000018000f070 f i libucrtd:output.obj
 0001:0000e1a0       ??$ensure_buffer_is_big_enough@_W@formatting_buffer@__crt_stdio_output@@QEAA_N_K@Z 000000018000f1a0 f i libucrtd:output.obj
 0001:0000e2d0       ??$extract_argument_from_va_list@C_J@?$standard_base@DV?$string_output_adapter@D@__crt_stdio_output@@@__crt_stdio_output@@IEAA_NAEA_J@Z 000000018000f2d0 f i libucrtd:output.obj
 0001:0000e2d0       ??$extract_argument_from_va_list@C_J@?$standard_base@_WV?$string_output_adapter@_W@__crt_stdio_output@@@__crt_stdio_output@@IEAA_NAEA_J@Z 000000018000f2d0 f i libucrtd:output.obj
 0001:0000e310       ??$extract_argument_from_va_list@E_J@?$standard_base@DV?$string_output_adapter@D@__crt_stdio_output@@@__crt_stdio_output@@IEAA_NAEA_J@Z 000000018000f310 f i libucrtd:output.obj
 0001:0000e310       ??$extract_argument_from_va_list@E_J@?$standard_base@_WV?$string_output_adapter@_W@__crt_stdio_output@@@__crt_stdio_output@@IEAA_NAEA_J@Z 000000018000f310 f i libucrtd:output.obj
 0001:0000e350       ??$extract_argument_from_va_list@F_J@?$standard_base@DV?$string_output_adapter@D@__crt_stdio_output@@@__crt_stdio_output@@IEAA_NAEA_J@Z 000000018000f350 f i libucrtd:output.obj
 0001:0000e350       ??$extract_argument_from_va_list@F_J@?$standard_base@_WV?$string_output_adapter@_W@__crt_stdio_output@@@__crt_stdio_output@@IEAA_NAEA_J@Z 000000018000f350 f i libucrtd:output.obj
 0001:0000e390       ??$extract_argument_from_va_list@GD@?$standard_base@DV?$string_output_adapter@D@__crt_stdio_output@@@__crt_stdio_output@@IEAA_NAEAD@Z 000000018000f390 f i libucrtd:output.obj
 0001:0000e3c0       ??$extract_argument_from_va_list@G_J@?$standard_base@_WV?$string_output_adapter@_W@__crt_stdio_output@@@__crt_stdio_output@@IEAA_NAEA_J@Z 000000018000f3c0 f i libucrtd:output.obj
 0001:0000e3c0       ??$extract_argument_from_va_list@G_J@?$standard_base@DV?$string_output_adapter@D@__crt_stdio_output@@@__crt_stdio_output@@IEAA_NAEA_J@Z 000000018000f3c0 f i libucrtd:output.obj
 0001:0000e400       ??$extract_argument_from_va_list@H_J@?$standard_base@DV?$string_output_adapter@D@__crt_stdio_output@@@__crt_stdio_output@@IEAA_NAEA_J@Z 000000018000f400 f i libucrtd:output.obj
 0001:0000e400       ??$extract_argument_from_va_list@H_J@?$standard_base@_WV?$string_output_adapter@_W@__crt_stdio_output@@@__crt_stdio_output@@IEAA_NAEA_J@Z 000000018000f400 f i libucrtd:output.obj
 0001:0000e430       ??$extract_argument_from_va_list@I_J@?$standard_base@DV?$string_output_adapter@D@__crt_stdio_output@@@__crt_stdio_output@@IEAA_NAEA_J@Z 000000018000f430 f i libucrtd:output.obj
 0001:0000e430       ??$extract_argument_from_va_list@I_J@?$standard_base@_WV?$string_output_adapter@_W@__crt_stdio_output@@@__crt_stdio_output@@IEAA_NAEA_J@Z 000000018000f430 f i libucrtd:output.obj
 0001:0000e460       ??$extract_argument_from_va_list@_J_J@?$standard_base@DV?$string_output_adapter@D@__crt_stdio_output@@@__crt_stdio_output@@IEAA_NAEA_J@Z 000000018000f460 f i libucrtd:output.obj
 0001:0000e460       ??$extract_argument_from_va_list@_K_J@?$standard_base@_WV?$string_output_adapter@_W@__crt_stdio_output@@@__crt_stdio_output@@IEAA_NAEA_J@Z 000000018000f460 f i libucrtd:output.obj
 0001:0000e460       ??$extract_argument_from_va_list@PEAXPEAX@?$standard_base@DV?$string_output_adapter@D@__crt_stdio_output@@@__crt_stdio_output@@IEAA_NAEAPEAX@Z 000000018000f460 f i libucrtd:output.obj
 0001:0000e460       ??$extract_argument_from_va_list@PEADPEAD@?$standard_base@_WV?$string_output_adapter@_W@__crt_stdio_output@@@__crt_stdio_output@@IEAA_NAEAPEAD@Z 000000018000f460 f i libucrtd:output.obj
 0001:0000e460       ??$extract_argument_from_va_list@PEADPEAD@?$standard_base@DV?$string_output_adapter@D@__crt_stdio_output@@@__crt_stdio_output@@IEAA_NAEAPEAD@Z 000000018000f460 f i libucrtd:output.obj
 0001:0000e460       ??$extract_argument_from_va_list@_J_J@?$standard_base@_WV?$string_output_adapter@_W@__crt_stdio_output@@@__crt_stdio_output@@IEAA_NAEA_J@Z 000000018000f460 f i libucrtd:output.obj
 0001:0000e460       ??$extract_argument_from_va_list@PEAXPEAX@?$standard_base@_WV?$string_output_adapter@_W@__crt_stdio_output@@@__crt_stdio_output@@IEAA_NAEAPEAX@Z 000000018000f460 f i libucrtd:output.obj
 0001:0000e460       ??$extract_argument_from_va_list@_K_J@?$standard_base@DV?$string_output_adapter@D@__crt_stdio_output@@@__crt_stdio_output@@IEAA_NAEA_J@Z 000000018000f460 f i libucrtd:output.obj
 0001:0000e4c0       ??$extract_argument_from_va_list@U_CRT_DOUBLE@@U1@@?$standard_base@DV?$string_output_adapter@D@__crt_stdio_output@@@__crt_stdio_output@@IEAA_NAEAU_CRT_DOUBLE@@@Z 000000018000f4c0 f i libucrtd:output.obj
 0001:0000e4c0       ??$extract_argument_from_va_list@U_CRT_DOUBLE@@U1@@?$standard_base@_WV?$string_output_adapter@_W@__crt_stdio_output@@@__crt_stdio_output@@IEAA_NAEAU_CRT_DOUBLE@@@Z 000000018000f4c0 f i libucrtd:output.obj
 0001:0000e510       ??$extract_argument_from_va_list@_W_W@?$standard_base@_WV?$string_output_adapter@_W@__crt_stdio_output@@@__crt_stdio_output@@IEAA_NAEA_W@Z 000000018000f510 f i libucrtd:output.obj
 0001:0000e510       ??$extract_argument_from_va_list@_W_W@?$standard_base@DV?$string_output_adapter@D@__crt_stdio_output@@@__crt_stdio_output@@IEAA_NAEA_W@Z 000000018000f510 f i libucrtd:output.obj
 0001:0000e540       ??$is_wide_character_specifier@D@__crt_stdio_output@@YA_N_KDW4length_modifier@0@@Z 000000018000f540 f i libucrtd:output.obj
 0001:0000e5e0       ??$is_wide_character_specifier@_W@__crt_stdio_output@@YA_N_K_WW4length_modifier@0@@Z 000000018000f5e0 f i libucrtd:output.obj
 0001:0000e6b0       ??$read_va_arg@E@__crt_stdio_output@@YAEAEAPEAD@Z 000000018000f6b0 f i libucrtd:output.obj
 0001:0000e6b0       ??$read_va_arg@C@__crt_stdio_output@@YACAEAPEAD@Z 000000018000f6b0 f i libucrtd:output.obj
 0001:0000e720       ??$read_va_arg@_W@__crt_stdio_output@@YA_WAEAPEAD@Z 000000018000f720 f i libucrtd:output.obj
 0001:0000e720       ??$read_va_arg@G@__crt_stdio_output@@YAGAEAPEAD@Z 000000018000f720 f i libucrtd:output.obj
 0001:0000e720       ??$read_va_arg@F@__crt_stdio_output@@YAFAEAPEAD@Z 000000018000f720 f i libucrtd:output.obj
 0001:0000e790       ??$read_va_arg@I@__crt_stdio_output@@YAIAEAPEAD@Z 000000018000f790 f i libucrtd:output.obj
 0001:0000e790       ??$read_va_arg@H@__crt_stdio_output@@YAHAEAPEAD@Z 000000018000f790 f i libucrtd:output.obj
 0001:0000e7f0       ??$read_va_arg@U_CRT_DOUBLE@@@__crt_stdio_output@@YA?AU_CRT_DOUBLE@@AEAPEAD@Z 000000018000f7f0 f i libucrtd:output.obj
 0001:0000e7f0       ??$read_va_arg@PEAX@__crt_stdio_output@@YAPEAXAEAPEAD@Z 000000018000f7f0 f i libucrtd:output.obj
 0001:0000e7f0       ??$read_va_arg@_K@__crt_stdio_output@@YA_KAEAPEAD@Z 000000018000f7f0 f i libucrtd:output.obj
 0001:0000e7f0       ??$read_va_arg@_J@__crt_stdio_output@@YA_JAEAPEAD@Z 000000018000f7f0 f i libucrtd:output.obj
 0001:0000e7f0       ??$read_va_arg@PEAD@__crt_stdio_output@@YAPEADAEAPEAD@Z 000000018000f7f0 f i libucrtd:output.obj
 0001:0000e8d0       ??$scratch_count@D@formatting_buffer@__crt_stdio_output@@QEBA_KXZ 000000018000f8d0 f i libucrtd:output.obj
 0001:0000e8f0       ??$scratch_data@D@formatting_buffer@__crt_stdio_output@@QEAAPEADXZ 000000018000f8f0 f i libucrtd:output.obj
 0001:0000e960       ??$tcstol@PEBDPEAPEADH@?$__crt_char_traits@D@@SAJ$$QEAPEBD$$QEAPEAPEAD$$QEAH@Z 000000018000f960 f i libucrtd:output.obj
 0001:0000e9a0       ??$tcstol@PEB_WPEAPEA_WH@?$__crt_char_traits@_W@@SAJ$$QEAPEB_W$$QEAPEAPEA_W$$QEAH@Z 000000018000f9a0 f i libucrtd:output.obj
 0001:0000e9e0       ??$type_case_integer_parse_into_buffer@I@?$output_processor@DV?$string_output_adapter@D@__crt_stdio_output@@V?$format_validation_base@DV?$string_output_adapter@D@__crt_stdio_output@@@2@@__crt_stdio_output@@AEAAXII_N@Z 000000018000f9e0 f i libucrtd:output.obj
 0001:0000eb10       ??$type_case_integer_parse_into_buffer@I@?$output_processor@_WV?$string_output_adapter@_W@__crt_stdio_output@@V?$format_validation_base@_WV?$string_output_adapter@_W@__crt_stdio_output@@@2@@__crt_stdio_output@@AEAAXII_N@Z 000000018000fb10 f i libucrtd:output.obj
 0001:0000ec50       ??$type_case_integer_parse_into_buffer@_K@?$output_processor@DV?$string_output_adapter@D@__crt_stdio_output@@V?$format_validation_base@DV?$string_output_adapter@D@__crt_stdio_output@@@2@@__crt_stdio_output@@AEAAX_KI_N@Z 000000018000fc50 f i libucrtd:output.obj
 0001:0000eda0       ??$type_case_integer_parse_into_buffer@_K@?$output_processor@_WV?$string_output_adapter@_W@__crt_stdio_output@@V?$format_validation_base@_WV?$string_output_adapter@_W@__crt_stdio_output@@@2@@__crt_stdio_output@@AEAAX_KI_N@Z 000000018000fda0 f i libucrtd:output.obj
 0001:0000ef00       ??$write_multiple_characters@V?$string_output_adapter@D@__crt_stdio_output@@D@__crt_stdio_output@@YAXAEBV?$string_output_adapter@D@0@DHQEAH@Z 000000018000ff00 f i libucrtd:output.obj
 0001:0000ef60       ??$write_multiple_characters@V?$string_output_adapter@_W@__crt_stdio_output@@D@__crt_stdio_output@@YAXAEBV?$string_output_adapter@_W@0@DHQEAH@Z 000000018000ff60 f i libucrtd:output.obj
 0001:0000efc0       ??0?$common_data@D@__crt_stdio_output@@IEAA@XZ 000000018000ffc0 f i libucrtd:output.obj
 0001:0000f090       ??0?$common_data@_W@__crt_stdio_output@@IEAA@XZ 0000000180010090 f i libucrtd:output.obj
 0001:0000f160       ??0?$output_adapter_data@DV?$string_output_adapter@D@__crt_stdio_output@@@__crt_stdio_output@@IEAA@AEBV?$string_output_adapter@D@1@_KQEBDQEAU__crt_locale_pointers@@QEAD@Z 0000000180010160 f i libucrtd:output.obj
 0001:0000f1e0       ??0?$output_adapter_data@_WV?$string_output_adapter@_W@__crt_stdio_output@@@__crt_stdio_output@@IEAA@AEBV?$string_output_adapter@_W@1@_KQEB_WQEAU__crt_locale_pointers@@QEAD@Z 00000001800101e0 f i libucrtd:output.obj
 0001:0000f260       ??0?$output_processor@DV?$string_output_adapter@D@__crt_stdio_output@@V?$format_validation_base@DV?$string_output_adapter@D@__crt_stdio_output@@@2@@__crt_stdio_output@@QEAA@AEBV?$string_output_adapter@D@1@_KQEBDQEAU__crt_locale_pointers@@QEAD@Z 0000000180010260 f i libucrtd:output.obj
 0001:0000f2b0       ??0?$output_processor@_WV?$string_output_adapter@_W@__crt_stdio_output@@V?$format_validation_base@_WV?$string_output_adapter@_W@__crt_stdio_output@@@2@@__crt_stdio_output@@QEAA@AEBV?$string_output_adapter@_W@1@_KQEB_WQEAU__crt_locale_pointers@@QEAD@Z 00000001800102b0 f i libucrtd:output.obj
 0001:0000f300       ??0__crt_deferred_errno_cache@@QEAA@XZ 0000000180010300 f i libucrtd:output.obj
 0001:0000f320       ??0__crt_errno_guard@@QEAA@QEAH@Z 0000000180010320 f i libucrtd:output.obj
 0001:0000f360       ??0formatting_buffer@__crt_stdio_output@@QEAA@XZ 0000000180010360 f i libucrtd:output.obj
 0001:0000f3a0       ??1?$common_data@_W@__crt_stdio_output@@QEAA@XZ 00000001800103a0 f i libucrtd:output.obj
 0001:0000f3a0       ??1?$common_data@D@__crt_stdio_output@@QEAA@XZ 00000001800103a0 f i libucrtd:output.obj
 0001:0000f3c0       ??1?$format_validation_base@_WV?$string_output_adapter@_W@__crt_stdio_output@@@__crt_stdio_output@@QEAA@XZ 00000001800103c0 f i libucrtd:output.obj
 0001:0000f3c0       ??1?$format_validation_base@DV?$string_output_adapter@D@__crt_stdio_output@@@__crt_stdio_output@@QEAA@XZ 00000001800103c0 f i libucrtd:output.obj
 0001:0000f3e0       ??1?$output_adapter_data@_WV?$string_output_adapter@_W@__crt_stdio_output@@@__crt_stdio_output@@QEAA@XZ 00000001800103e0 f i libucrtd:output.obj
 0001:0000f3e0       ??1?$output_adapter_data@DV?$string_output_adapter@D@__crt_stdio_output@@@__crt_stdio_output@@QEAA@XZ 00000001800103e0 f i libucrtd:output.obj
 0001:0000f400       ??1?$output_processor@_WV?$string_output_adapter@_W@__crt_stdio_output@@V?$format_validation_base@_WV?$string_output_adapter@_W@__crt_stdio_output@@@2@@__crt_stdio_output@@QEAA@XZ 0000000180010400 f i libucrtd:output.obj
 0001:0000f400       ??1?$output_processor@DV?$string_output_adapter@D@__crt_stdio_output@@V?$format_validation_base@DV?$string_output_adapter@D@__crt_stdio_output@@@2@@__crt_stdio_output@@QEAA@XZ 0000000180010400 f i libucrtd:output.obj
 0001:0000f420       ??1?$standard_base@DV?$string_output_adapter@D@__crt_stdio_output@@@__crt_stdio_output@@QEAA@XZ 0000000180010420 f i libucrtd:output.obj
 0001:0000f420       ??1?$standard_base@_WV?$string_output_adapter@_W@__crt_stdio_output@@@__crt_stdio_output@@QEAA@XZ 0000000180010420 f i libucrtd:output.obj
 0001:0000f440       ??1__crt_errno_guard@@QEAA@XZ 0000000180010440 f i libucrtd:output.obj
 0001:0000f470       ??1formatting_buffer@__crt_stdio_output@@QEAA@XZ 0000000180010470 f i libucrtd:output.obj
 0001:0000f4a0       ??4?$__crt_unique_heap_ptr@DU__crt_internal_free_policy@@@@QEAAAEAV0@$$QEAV0@@Z 00000001800104a0 f i libucrtd:output.obj
 0001:0000f4e0       ?adjust_hexit@?$output_processor@DV?$string_output_adapter@D@__crt_stdio_output@@V?$format_validation_base@DV?$string_output_adapter@D@__crt_stdio_output@@@2@@__crt_stdio_output@@CADH_N@Z 00000001800104e0 f i libucrtd:output.obj
 0001:0000f4e0       ?adjust_hexit@?$output_processor@_WV?$string_output_adapter@_W@__crt_stdio_output@@V?$format_validation_base@_WV?$string_output_adapter@_W@__crt_stdio_output@@@2@@__crt_stdio_output@@CADH_N@Z 00000001800104e0 f i libucrtd:output.obj
 0001:0000f530       ?advance_to_next_pass@?$standard_base@_WV?$string_output_adapter@_W@__crt_stdio_output@@@__crt_stdio_output@@IEAA_NXZ 0000000180010530 f i libucrtd:output.obj
 0001:0000f530       ?advance_to_next_pass@?$standard_base@DV?$string_output_adapter@D@__crt_stdio_output@@@__crt_stdio_output@@IEAA_NXZ 0000000180010530 f i libucrtd:output.obj
 0001:0000f580       ?crop_zeroes@__crt_stdio_output@@YAXPEADQEAU__crt_locale_pointers@@@Z 0000000180010580 f i libucrtd:output.obj
 0001:0000f6c0       ?find_next_state@?$output_processor@DV?$string_output_adapter@D@__crt_stdio_output@@V?$format_validation_base@DV?$string_output_adapter@D@__crt_stdio_output@@@2@@__crt_stdio_output@@AEBA?AW4state@2@DW432@@Z 00000001800106c0 f i libucrtd:output.obj
 0001:0000f760       ?find_next_state@?$output_processor@_WV?$string_output_adapter@_W@__crt_stdio_output@@V?$format_validation_base@_WV?$string_output_adapter@_W@__crt_stdio_output@@@2@@__crt_stdio_output@@AEBA?AW4state@2@_WW432@@Z 0000000180010760 f i libucrtd:output.obj
 0001:0000f800       ?force_decimal_point@__crt_stdio_output@@YAXPEADQEAU__crt_locale_pointers@@@Z 0000000180010800 f i libucrtd:output.obj
 0001:0000f900       ?get@__crt_deferred_errno_cache@@QEAAAEAHXZ 0000000180010900 f i libucrtd:output.obj
 0001:0000f930       ?get_flags@__crt_stdio_stream@@QEBAJXZ 0000000180010930 f i libucrtd:output.obj
 0001:0000f960       ?has_flag@?$output_processor@_WV?$string_output_adapter@_W@__crt_stdio_output@@V?$format_validation_base@_WV?$string_output_adapter@_W@__crt_stdio_output@@@2@@__crt_stdio_output@@AEBA_NI@Z 0000000180010960 f i libucrtd:output.obj
 0001:0000f960       ?has_flag@?$output_processor@DV?$string_output_adapter@D@__crt_stdio_output@@V?$format_validation_base@DV?$string_output_adapter@D@__crt_stdio_output@@@2@@__crt_stdio_output@@AEBA_NI@Z 0000000180010960 f i libucrtd:output.obj
 0001:0000f9a0       ?is_string_backed@__crt_stdio_stream@@QEBA_NXZ 00000001800109a0 f i libucrtd:output.obj
 0001:0000f9e0       ?narrow_null_string@?$output_processor@_WV?$string_output_adapter@_W@__crt_stdio_output@@V?$format_validation_base@_WV?$string_output_adapter@_W@__crt_stdio_output@@@2@@__crt_stdio_output@@CAPEADXZ 00000001800109e0 f i libucrtd:output.obj
 0001:0000f9e0       ?narrow_null_string@?$output_processor@DV?$string_output_adapter@D@__crt_stdio_output@@V?$format_validation_base@DV?$string_output_adapter@D@__crt_stdio_output@@@2@@__crt_stdio_output@@CAPEADXZ 00000001800109e0 f i libucrtd:output.obj
 0001:0000f9f0       ?parse_int_from_format_string@?$output_processor@DV?$string_output_adapter@D@__crt_stdio_output@@V?$format_validation_base@DV?$string_output_adapter@D@__crt_stdio_output@@@2@@__crt_stdio_output@@AEAA_NQEAH@Z 00000001800109f0 f i libucrtd:output.obj
 0001:0000fae0       ?parse_int_from_format_string@?$output_processor@_WV?$string_output_adapter@_W@__crt_stdio_output@@V?$format_validation_base@_WV?$string_output_adapter@_W@__crt_stdio_output@@@2@@__crt_stdio_output@@AEAA_NQEAH@Z 0000000180010ae0 f i libucrtd:output.obj
 0001:0000fbd0       ?process@?$output_processor@DV?$string_output_adapter@D@__crt_stdio_output@@V?$format_validation_base@DV?$string_output_adapter@D@__crt_stdio_output@@@2@@__crt_stdio_output@@QEAAHXZ 0000000180010bd0 f i libucrtd:output.obj
 0001:0000ff30       ?process@?$output_processor@_WV?$string_output_adapter@_W@__crt_stdio_output@@V?$format_validation_base@_WV?$string_output_adapter@_W@__crt_stdio_output@@@2@@__crt_stdio_output@@QEAAHXZ 0000000180010f30 f i libucrtd:output.obj
 0001:00010290       ?set_flag@?$output_processor@_WV?$string_output_adapter@_W@__crt_stdio_output@@V?$format_validation_base@_WV?$string_output_adapter@_W@__crt_stdio_output@@@2@@__crt_stdio_output@@AEAAXI@Z 0000000180011290 f i libucrtd:output.obj
 0001:00010290       ?set_flag@?$output_processor@DV?$string_output_adapter@D@__crt_stdio_output@@V?$format_validation_base@DV?$string_output_adapter@D@__crt_stdio_output@@@2@@__crt_stdio_output@@AEAAXI@Z 0000000180011290 f i libucrtd:output.obj
 0001:000102b0       ?validate_state_for_type_case_a@?$standard_base@_WV?$string_output_adapter@_W@__crt_stdio_output@@@__crt_stdio_output@@IEBA_NXZ 00000001800112b0 f i libucrtd:output.obj
 0001:000102b0       ?should_format@?$standard_base@_WV?$string_output_adapter@_W@__crt_stdio_output@@@__crt_stdio_output@@IEAA_NXZ 00000001800112b0 f i libucrtd:output.obj
 0001:000102b0       ?validate_and_update_state_at_beginning_of_format_character@?$standard_base@DV?$string_output_adapter@D@__crt_stdio_output@@@__crt_stdio_output@@IEAA_NXZ 00000001800112b0 f i libucrtd:output.obj
 0001:000102b0       ?should_format@?$standard_base@DV?$string_output_adapter@D@__crt_stdio_output@@@__crt_stdio_output@@IEAA_NXZ 00000001800112b0 f i libucrtd:output.obj
 0001:000102b0       ?validate_and_update_state_at_beginning_of_format_character@?$standard_base@_WV?$string_output_adapter@_W@__crt_stdio_output@@@__crt_stdio_output@@IEAA_NXZ 00000001800112b0 f i libucrtd:output.obj
 0001:000102b0       ?validate_state_for_type_case_a@?$standard_base@DV?$string_output_adapter@D@__crt_stdio_output@@@__crt_stdio_output@@IEBA_NXZ 00000001800112b0 f i libucrtd:output.obj
 0001:000102c0       ?should_skip_normal_state_processing@?$standard_base@_WV?$string_output_adapter@_W@__crt_stdio_output@@@__crt_stdio_output@@IEAA_NXZ 00000001800112c0 f i libucrtd:output.obj
 0001:000102c0       ?should_skip_normal_state_processing@?$standard_base@DV?$string_output_adapter@D@__crt_stdio_output@@@__crt_stdio_output@@IEAA_NXZ 00000001800112c0 f i libucrtd:output.obj
 0001:000102c0       ?should_skip_type_state_output@?$standard_base@DV?$string_output_adapter@D@__crt_stdio_output@@@__crt_stdio_output@@IEBA_NXZ 00000001800112c0 f i libucrtd:output.obj
 0001:000102c0       ?should_skip_type_state_output@?$standard_base@_WV?$string_output_adapter@_W@__crt_stdio_output@@@__crt_stdio_output@@IEBA_NXZ 00000001800112c0 f i libucrtd:output.obj
 0001:000102d0       ?state_case_dot@?$output_processor@DV?$string_output_adapter@D@__crt_stdio_output@@V?$format_validation_base@DV?$string_output_adapter@D@__crt_stdio_output@@@2@@__crt_stdio_output@@AEAA_NXZ 00000001800112d0 f i libucrtd:output.obj
 0001:000102d0       ?state_case_dot@?$output_processor@_WV?$string_output_adapter@_W@__crt_stdio_output@@V?$format_validation_base@_WV?$string_output_adapter@_W@__crt_stdio_output@@@2@@__crt_stdio_output@@AEAA_NXZ 00000001800112d0 f i libucrtd:output.obj
 0001:000102f0       ?state_case_flag@?$output_processor@DV?$string_output_adapter@D@__crt_stdio_output@@V?$format_validation_base@DV?$string_output_adapter@D@__crt_stdio_output@@@2@@__crt_stdio_output@@AEAA_NXZ 00000001800112f0 f i libucrtd:output.obj
 0001:00010390       ?state_case_flag@?$output_processor@_WV?$string_output_adapter@_W@__crt_stdio_output@@V?$format_validation_base@_WV?$string_output_adapter@_W@__crt_stdio_output@@@2@@__crt_stdio_output@@AEAA_NXZ 0000000180011390 f i libucrtd:output.obj
 0001:00010430       ?state_case_normal@?$output_processor@DV?$string_output_adapter@D@__crt_stdio_output@@V?$format_validation_base@DV?$string_output_adapter@D@__crt_stdio_output@@@2@@__crt_stdio_output@@AEAA_NXZ 0000000180011430 f i libucrtd:output.obj
 0001:00010510       ?state_case_normal@?$output_processor@_WV?$string_output_adapter@_W@__crt_stdio_output@@V?$format_validation_base@_WV?$string_output_adapter@_W@__crt_stdio_output@@@2@@__crt_stdio_output@@AEAA_NXZ 0000000180011510 f i libucrtd:output.obj
 0001:000105f0       ?state_case_normal_common@?$output_processor@DV?$string_output_adapter@D@__crt_stdio_output@@V?$format_validation_base@DV?$string_output_adapter@D@__crt_stdio_output@@@2@@__crt_stdio_output@@AEAA_NXZ 00000001800115f0 f i libucrtd:output.obj
 0001:00010640       ?state_case_normal_common@?$output_processor@_WV?$string_output_adapter@_W@__crt_stdio_output@@V?$format_validation_base@_WV?$string_output_adapter@_W@__crt_stdio_output@@@2@@__crt_stdio_output@@AEAA_NXZ 0000000180011640 f i libucrtd:output.obj
 0001:00010690       ?state_case_normal_tchar@?$output_processor@DV?$string_output_adapter@D@__crt_stdio_output@@V?$format_validation_base@DV?$string_output_adapter@D@__crt_stdio_output@@@2@@__crt_stdio_output@@AEAA_ND@Z 0000000180011690 f i libucrtd:output.obj
 0001:000107d0       ?state_case_normal_tchar@?$output_processor@_WV?$string_output_adapter@_W@__crt_stdio_output@@V?$format_validation_base@_WV?$string_output_adapter@_W@__crt_stdio_output@@@2@@__crt_stdio_output@@AEAA_N_W@Z 00000001800117d0 f i libucrtd:output.obj
 0001:000107f0       ?state_case_percent@?$output_processor@DV?$string_output_adapter@D@__crt_stdio_output@@V?$format_validation_base@DV?$string_output_adapter@D@__crt_stdio_output@@@2@@__crt_stdio_output@@AEAA_NXZ 00000001800117f0 f i libucrtd:output.obj
 0001:000107f0       ?state_case_percent@?$output_processor@_WV?$string_output_adapter@_W@__crt_stdio_output@@V?$format_validation_base@_WV?$string_output_adapter@_W@__crt_stdio_output@@@2@@__crt_stdio_output@@AEAA_NXZ 00000001800117f0 f i libucrtd:output.obj
 0001:00010840       ?state_case_precision@?$output_processor@DV?$string_output_adapter@D@__crt_stdio_output@@V?$format_validation_base@DV?$string_output_adapter@D@__crt_stdio_output@@@2@@__crt_stdio_output@@AEAA_NXZ 0000000180011840 f i libucrtd:output.obj
 0001:000108c0       ?state_case_precision@?$output_processor@_WV?$string_output_adapter@_W@__crt_stdio_output@@V?$format_validation_base@_WV?$string_output_adapter@_W@__crt_stdio_output@@@2@@__crt_stdio_output@@AEAA_NXZ 00000001800118c0 f i libucrtd:output.obj
 0001:00010940       ?state_case_size@?$output_processor@DV?$string_output_adapter@D@__crt_stdio_output@@V?$format_validation_base@DV?$string_output_adapter@D@__crt_stdio_output@@@2@@__crt_stdio_output@@AEAA_NXZ 0000000180011940 f i libucrtd:output.obj
 0001:00010dc0       ?state_case_size@?$output_processor@_WV?$string_output_adapter@_W@__crt_stdio_output@@V?$format_validation_base@_WV?$string_output_adapter@_W@__crt_stdio_output@@@2@@__crt_stdio_output@@AEAA_NXZ 0000000180011dc0 f i libucrtd:output.obj
 0001:00011240       ?state_case_type@?$output_processor@DV?$string_output_adapter@D@__crt_stdio_output@@V?$format_validation_base@DV?$string_output_adapter@D@__crt_stdio_output@@@2@@__crt_stdio_output@@AEAA_NXZ 0000000180012240 f i libucrtd:output.obj
 0001:000116e0       ?state_case_type@?$output_processor@_WV?$string_output_adapter@_W@__crt_stdio_output@@V?$format_validation_base@_WV?$string_output_adapter@_W@__crt_stdio_output@@@2@@__crt_stdio_output@@AEAA_NXZ 00000001800126e0 f i libucrtd:output.obj
 0001:00011c40       ?state_case_width@?$output_processor@DV?$string_output_adapter@D@__crt_stdio_output@@V?$format_validation_base@DV?$string_output_adapter@D@__crt_stdio_output@@@2@@__crt_stdio_output@@AEAA_NXZ 0000000180012c40 f i libucrtd:output.obj
 0001:00011cd0       ?state_case_width@?$output_processor@_WV?$string_output_adapter@_W@__crt_stdio_output@@V?$format_validation_base@_WV?$string_output_adapter@_W@__crt_stdio_output@@@2@@__crt_stdio_output@@AEAA_NXZ 0000000180012cd0 f i libucrtd:output.obj
 0001:00011d60       ?state_count@?$format_validation_base@DV?$string_output_adapter@D@__crt_stdio_output@@@__crt_stdio_output@@KAIXZ 0000000180012d60 f i libucrtd:output.obj
 0001:00011d60       ?state_count@?$format_validation_base@_WV?$string_output_adapter@_W@__crt_stdio_output@@@__crt_stdio_output@@KAIXZ 0000000180012d60 f i libucrtd:output.obj
 0001:00011d70       ?state_transition_table@?$format_validation_base@_WV?$string_output_adapter@_W@__crt_stdio_output@@@__crt_stdio_output@@KAPEBEXZ 0000000180012d70 f i libucrtd:output.obj
 0001:00011d70       ?state_transition_table@?$format_validation_base@DV?$string_output_adapter@D@__crt_stdio_output@@@__crt_stdio_output@@KAPEBEXZ 0000000180012d70 f i libucrtd:output.obj
 0001:00011d80       ?tchar_string@?$common_data@D@__crt_stdio_output@@IEAAAEAPEADD@Z 0000000180012d80 f i libucrtd:output.obj
 0001:00011da0       ?tchar_string@?$common_data@D@__crt_stdio_output@@IEAAAEAPEADXZ 0000000180012da0 f i libucrtd:output.obj
 0001:00011dc0       ?tchar_string@?$common_data@_W@__crt_stdio_output@@IEAAAEAPEA_WXZ 0000000180012dc0 f i libucrtd:output.obj
 0001:00011de0       ?tchar_string@?$common_data@_W@__crt_stdio_output@@IEAAAEAPEA_W_W@Z 0000000180012de0 f i libucrtd:output.obj
 0001:00011e00       ?to_integer_size@__crt_stdio_output@@YA_KW4length_modifier@1@@Z 0000000180012e00 f i libucrtd:output.obj
 0001:00011eb0       ?type_case_X@?$output_processor@DV?$string_output_adapter@D@__crt_stdio_output@@V?$format_validation_base@DV?$string_output_adapter@D@__crt_stdio_output@@@2@@__crt_stdio_output@@AEAA_NXZ 0000000180012eb0 f i libucrtd:output.obj
 0001:00011ed0       ?type_case_X@?$output_processor@_WV?$string_output_adapter@_W@__crt_stdio_output@@V?$format_validation_base@_WV?$string_output_adapter@_W@__crt_stdio_output@@@2@@__crt_stdio_output@@AEAA_NXZ 0000000180012ed0 f i libucrtd:output.obj
 0001:00011ef0       ?type_case_Z@?$output_processor@DV?$string_output_adapter@D@__crt_stdio_output@@V?$format_validation_base@DV?$string_output_adapter@D@__crt_stdio_output@@@2@@__crt_stdio_output@@AEAA_NXZ 0000000180012ef0 f i libucrtd:output.obj
 0001:00012010       ?type_case_Z@?$output_processor@_WV?$string_output_adapter@_W@__crt_stdio_output@@V?$format_validation_base@_WV?$string_output_adapter@_W@__crt_stdio_output@@@2@@__crt_stdio_output@@AEAA_NXZ 0000000180013010 f i libucrtd:output.obj
 0001:00012130       ?type_case_a@?$output_processor@DV?$string_output_adapter@D@__crt_stdio_output@@V?$format_validation_base@DV?$string_output_adapter@D@__crt_stdio_output@@@2@@__crt_stdio_output@@AEAA_NXZ 0000000180013130 f i libucrtd:output.obj
 0001:000124f0       ?type_case_a@?$output_processor@_WV?$string_output_adapter@_W@__crt_stdio_output@@V?$format_validation_base@_WV?$string_output_adapter@_W@__crt_stdio_output@@@2@@__crt_stdio_output@@AEAA_NXZ 00000001800134f0 f i libucrtd:output.obj
 0001:000128c0       ?type_case_c@?$output_processor@DV?$string_output_adapter@D@__crt_stdio_output@@V?$format_validation_base@DV?$string_output_adapter@D@__crt_stdio_output@@@2@@__crt_stdio_output@@AEAA_NXZ 00000001800138c0 f i libucrtd:output.obj
 0001:000128e0       ?type_case_c@?$output_processor@_WV?$string_output_adapter@_W@__crt_stdio_output@@V?$format_validation_base@_WV?$string_output_adapter@_W@__crt_stdio_output@@@2@@__crt_stdio_output@@AEAA_NXZ 00000001800138e0 f i libucrtd:output.obj
 0001:00012900       ?type_case_c_tchar@?$output_processor@DV?$string_output_adapter@D@__crt_stdio_output@@V?$format_validation_base@DV?$string_output_adapter@D@__crt_stdio_output@@@2@@__crt_stdio_output@@AEAA_ND@Z 0000000180013900 f i libucrtd:output.obj
 0001:00012a50       ?type_case_c_tchar@?$output_processor@_WV?$string_output_adapter@_W@__crt_stdio_output@@V?$format_validation_base@_WV?$string_output_adapter@_W@__crt_stdio_output@@@2@@__crt_stdio_output@@AEAA_N_W@Z 0000000180013a50 f i libucrtd:output.obj
 0001:00012b80       ?type_case_d@?$output_processor@DV?$string_output_adapter@D@__crt_stdio_output@@V?$format_validation_base@DV?$string_output_adapter@D@__crt_stdio_output@@@2@@__crt_stdio_output@@AEAA_NXZ 0000000180013b80 f i libucrtd:output.obj
 0001:00012bb0       ?type_case_d@?$output_processor@_WV?$string_output_adapter@_W@__crt_stdio_output@@V?$format_validation_base@_WV?$string_output_adapter@_W@__crt_stdio_output@@@2@@__crt_stdio_output@@AEAA_NXZ 0000000180013bb0 f i libucrtd:output.obj
 0001:00012be0       ?type_case_integer@?$output_processor@DV?$string_output_adapter@D@__crt_stdio_output@@V?$format_validation_base@DV?$string_output_adapter@D@__crt_stdio_output@@@2@@__crt_stdio_output@@AEAA_NI_N@Z 0000000180013be0 f i libucrtd:output.obj
 0001:00013030       ?type_case_integer@?$output_processor@_WV?$string_output_adapter@_W@__crt_stdio_output@@V?$format_validation_base@_WV?$string_output_adapter@_W@__crt_stdio_output@@@2@@__crt_stdio_output@@AEAA_NI_N@Z 0000000180014030 f i libucrtd:output.obj
 0001:00013480       ?type_case_n@?$output_processor@DV?$string_output_adapter@D@__crt_stdio_output@@V?$format_validation_base@DV?$string_output_adapter@D@__crt_stdio_output@@@2@@__crt_stdio_output@@AEAA_NXZ 0000000180014480 f i libucrtd:output.obj
 0001:000136c0       ?type_case_n@?$output_processor@_WV?$string_output_adapter@_W@__crt_stdio_output@@V?$format_validation_base@_WV?$string_output_adapter@_W@__crt_stdio_output@@@2@@__crt_stdio_output@@AEAA_NXZ 00000001800146c0 f i libucrtd:output.obj
 0001:00013900       ?type_case_o@?$output_processor@DV?$string_output_adapter@D@__crt_stdio_output@@V?$format_validation_base@DV?$string_output_adapter@D@__crt_stdio_output@@@2@@__crt_stdio_output@@AEAA_NXZ 0000000180014900 f i libucrtd:output.obj
 0001:00013950       ?type_case_o@?$output_processor@_WV?$string_output_adapter@_W@__crt_stdio_output@@V?$format_validation_base@_WV?$string_output_adapter@_W@__crt_stdio_output@@@2@@__crt_stdio_output@@AEAA_NXZ 0000000180014950 f i libucrtd:output.obj
 0001:000139a0       ?type_case_p@?$output_processor@DV?$string_output_adapter@D@__crt_stdio_output@@V?$format_validation_base@DV?$string_output_adapter@D@__crt_stdio_output@@@2@@__crt_stdio_output@@AEAA_NXZ 00000001800149a0 f i libucrtd:output.obj
 0001:000139e0       ?type_case_p@?$output_processor@_WV?$string_output_adapter@_W@__crt_stdio_output@@V?$format_validation_base@_WV?$string_output_adapter@_W@__crt_stdio_output@@@2@@__crt_stdio_output@@AEAA_NXZ 00000001800149e0 f i libucrtd:output.obj
[...]
 0002:000113c8       $unwind$_expand_base       00000001800493c8     libucrtd:expand.obj
 0002:000113d0       $unwind$?return_illegal_sequence@__crt_mbstring@@YA_KPEAU_Mbstatet@@@Z 00000001800493d0     libucrtd:c32rtomb.obj
 0002:000113d0       $unwind$??R<lambda_3e16ef9562a7dcce91392c22ab16ea36>@@QEBA@XZ 00000001800493d0     libucrtd:wsetlocale.obj
 0002:000113d0       $unwind$fesetenv           00000001800493d0     libucrtd:fesetenv.obj
 0002:000113d8       $unwind$??$?RV<lambda_410d79af7f07d98d83a3f525b3859a53>@@AEAV<lambda_3e16ef9562a7dcce91392c22ab16ea36>@@V<lambda_38119f0e861e05405d8a144b9b982f0a>@@@?$__crt_seh_guarded_call@X@@QEAAX$$QEAV<lambda_410d79af7f07d98d83a3f525b3859a53>@@AEAV<lambda_3e16ef9562a7dcce91392c22ab16ea36>@@$$QEAV<lambda_38119f0e861e05405d8a144b9b982f0a>@@@Z 00000001800493d8     libucrtd:wsetlocale.obj
 0002:000113f8       $unwind$?write_string_to_console@@YAXQEB_W@Z 00000001800493f8     libucrtd:report_runtime_error.obj
 0002:00011408       $unwind$?fp_format_g@@YAHQEBNQEAD_K12H_NIQEAU__crt_locale_pointers@@@Z 0000000180049408     libucrtd:cvt.obj
 0002:00011408       $unwind$_mbtowc_l          0000000180049408     libucrtd:mbtowc.obj
 0002:00011414       $unwind$wctomb_s           0000000180049414     libucrtd:wctomb.obj
 0002:0001141c       $unwind$_wctomb_s_l        000000018004941c     libucrtd:wctomb.obj
 0002:00011428       $unwind$?get_zero_pack@?$__crt_simd_pack_traits@$00@@SA?AT__m256i@@XZ 0000000180049428     libucrtd:strnlen.obj
 0002:00011430       $unwind$?compare_equals@?$__crt_simd_traits@$00E@@SA?AT__m256i@@T2@0@Z 0000000180049430     libucrtd:strnlen.obj
 0002:00011430       $unwind$?compare_equals@?$__crt_simd_traits@$00G@@SA?AT__m256i@@T2@0@Z 0000000180049430     libucrtd:strnlen.obj
 0002:00011438       $unwind$??$common_strnlen_simd@$00$00G@@YA_KQEBG_K@Z 0000000180049438     libucrtd:strnlen.obj
 0002:00011438       $unwind$??$common_strnlen_simd@$0A@$00E@@YA_KQEBE_K@Z 0000000180049438     libucrtd:strnlen.obj
 0002:00011438       $unwind$??$common_strnlen_simd@$0A@$00G@@YA_KQEBG_K@Z 0000000180049438     libucrtd:strnlen.obj
 0002:00011444       $unwind$??$common_strnlen_simd@$00$0A@G@@YA_KQEBG_K@Z 0000000180049444     libucrtd:strnlen.obj
 0002:00011444       $unwind$??$common_strnlen_simd@$0A@$0A@E@@YA_KQEBE_K@Z 0000000180049444     libucrtd:strnlen.obj
 0002:00011444       $unwind$??$common_strnlen_simd@$0A@$0A@G@@YA_KQEBG_K@Z 0000000180049444     libucrtd:strnlen.obj
 0002:0001144c       $unwind$?fp_format_nan_or_infinity@@YAHW4__acrt_fp_class@@_NPEAD_K1@Z 000000018004944c     libucrtd:cvt.obj
 0002:00011454       $unwind$?fp_format_a@@YAHQEBNPEAD_KQEAD2H_NIQEAU__crt_locale_pointers@@@Z 0000000180049454     libucrtd:cvt.obj
 0002:00011464       $stateUnwindMap$?fp_format_a@@YAHQEBNPEAD_KQEAD2H_NIQEAU__crt_locale_pointers@@@Z 0000000180049464     libucrtd:cvt.obj
 0002:00011470       $ip2state$?fp_format_a@@YAHQEBNPEAD_KQEAD2H_NIQEAU__crt_locale_pointers@@@Z 0000000180049470     libucrtd:cvt.obj
 0002:000114b8       $unwind$?fp_format_f@@YAHQEBNQEAD_K12HQEAU__crt_locale_pointers@@@Z 00000001800494b8     libucrtd:cvt.obj
 0002:000114c0       $unwind$_VCrtDbgReportA    00000001800494c0     libucrtd:dbgrptt.obj
 0002:000114f8       $unwind$_VCrtDbgReportW    00000001800494f8     libucrtd:dbgrptt.obj
 0002:00011530       $unwind$__acrt_update_thread_locale_data 0000000180049530     libucrtd:locale_refcounting.obj
 0002:00011550       $unwind$qsort              0000000180049550     libucrtd:qsort.obj
 0002:00011560       $unwind$?shortsort@@YAXPEAD0_KP6AHPEBX2@Z@Z 0000000180049560     libucrtd:qsort.obj
 0002:00011570       $stateUnwindMap$?shortsort@@YAXPEAD0_KP6AHPEBX2@Z@Z 0000000180049570     libucrtd:qsort.obj
 0002:00011578       $ip2state$?shortsort@@YAXPEAD0_KP6AHPEBX2@Z@Z 0000000180049578     libucrtd:qsort.obj
 0002:00011590       $unwind$??$common_tcsncpy_s@D@@YAHQEAD_KQEBD1@Z 0000000180049590     libucrtd:strncpy_s.obj
 0002:00011590       $unwind$??$common_tcsncpy_s@_W@@YAHQEA_W_KQEB_W1@Z 0000000180049590     libucrtd:wcsncpy_s.obj
 0002:00011598       $unwind$strpbrk            0000000180049598     libucrtd:strpbrk.obj
 0002:000115a0       $unwind$fallbackMethod     00000001800495a0     libucrtd:strpbrk.obj
 0002:000115b0       $unwind$_mbsdec_l          00000001800495b0     libucrtd:mbsdec.obj
 0002:000115bc       $unwind$__acrt_GetStringTypeA 00000001800495bc     libucrtd:getstringtypea.obj
 0002:000115c4       $unwind$__acrt_LCMapStringA 00000001800495c4     libucrtd:lcmapstringa.obj
 0002:000115cc       $unwind$_mbstowcs_s_l      00000001800495cc     libucrtd:mbstowcs.obj
 0002:000115cc       $unwind$?__acrt_LCMapStringA_stat@@YAHPEAU__crt_locale_pointers@@PEB_WKPEBDHPEADHHH@Z 00000001800495cc     libucrtd:lcmapstringa.obj
 0002:000115d4       $unwind$__acrt_lowio_create_handle_array 00000001800495d4     libucrtd:osfinfo.obj
 0002:000115dc       $unwind$__acrt_lowio_ensure_fh_exists 00000001800495dc     libucrtd:osfinfo.obj
 0002:000115fc       $unwind$??R<lambda_ab61a845afdef5b7c387490eaf3616ee>@@QEBA@XZ 00000001800495fc     libucrtd:fflush.obj
 0002:00011604       $unwind$??$?RV<lambda_842d9ff0dc9ef11c61343bbaebe7f885>@@AEAV<lambda_c5860995281e5c4ce005b3de8f5874ee>@@V<lambda_d90129c13df834fdcbf8d2b88dafcf2d>@@@?$__crt_seh_guarded_call@X@@QEAAX$$QEAV<lambda_842d9ff0dc9ef11c61343bbaebe7f885>@@AEAV<lambda_c5860995281e5c4ce005b3de8f5874ee>@@$$QEAV<lambda_d90129c13df834fdcbf8d2b88dafcf2d>@@@Z 0000000180049604     libucrtd:fflush.obj
 0002:00011624       $unwind$??$?RV<lambda_886d6c58226a84441f68b9f2b8217b83>@@AEAV<lambda_ab61a845afdef5b7c387490eaf3616ee>@@V<lambda_f7f22ab5edc0698d5f6905b0d3f44752>@@@?$__crt_seh_guarded_call@X@@QEAAX$$QEAV<lambda_886d6c58226a84441f68b9f2b8217b83>@@AEAV<lambda_ab61a845afdef5b7c387490eaf3616ee>@@$$QEAV<lambda_f7f22ab5edc0698d5f6905b0d3f44752>@@@Z 0000000180049624     libucrtd:fflush.obj
 0002:00011644       $unwind$??$common_tcscat_s@D@@YAHQEAD_KQEBD@Z 0000000180049644     libucrtd:strcat_s.obj
 0002:00011644       $unwind$??$common_tcscat_s@_W@@YAHQEA_W_KQEB_W@Z 0000000180049644     libucrtd:wcscat_s.obj
 0002:0001164c       $unwind$_isleadbyte_l      000000018004964c     libucrtd:_wctype.obj
 0002:00011654       $unwind$?__mbsrtowcs_utf8@__crt_mbstring@@YA_KPEA_WPEAPEBD_KPEAU_Mbstatet@@@Z 0000000180049654     libucrtd:mbrtowc.obj
 0002:0001165c       $unwind$?__c32rtomb_utf8@__crt_mbstring@@YA_KPEAD_UPEAU_Mbstatet@@@Z 000000018004965c     libucrtd:c32rtomb.obj
 0002:00011664       $unwind$?reset_and_return@__crt_mbstring@@YA_K_KPEAU_Mbstatet@@@Z 0000000180049664     libucrtd:c32rtomb.obj
 0002:0001166c       $unwind$?make_big_integer@__crt_strtox@@YA?AUbig_integer@1@_K@Z 000000018004966c     libucrtd:cfout.obj
 0002:0001167c       $unwind$?make_big_integer_power_of_two@__crt_strtox@@YA?AUbig_integer@1@I@Z 000000018004967c     libucrtd:cfout.obj
 0002:0001168c       $unwind$?shift_left@__crt_strtox@@YA_NAEAUbig_integer@1@I@Z 000000018004968c     libucrtd:cfout.obj
 0002:0001169c       $unwind$?add_multiply_carry@__crt_strtox@@YAIAEAIIII@Z 000000018004969c     libucrtd:cfout.obj
 0002:000116a4       $unwind$?multiply@__crt_strtox@@YA_NAEAUbig_integer@1@I@Z 00000001800496a4     libucrtd:cfout.obj
 0002:000116b4       $unwind$?multiply@__crt_strtox@@YA_NAEAUbig_integer@1@AEBU21@@Z 00000001800496b4     libucrtd:cfout.obj
 0002:000116c4       $unwind$?multiply_by_power_of_ten@__crt_strtox@@YA_NAEAUbig_integer@1@I@Z 00000001800496c4     libucrtd:cfout.obj
 0002:000116d4       $unwind$?divide@__crt_strtox@@YA_KAEAUbig_integer@1@AEBU21@@Z 00000001800496d4     libucrtd:cfout.obj
 0002:000116e4       $unwind$??$convert_to_fos_high_precision@N@@YAXNIQEAHQEAD_K@Z 00000001800496e4     libucrtd:cfout.obj
 0002:000116f4       $unwind$_fcloseall         00000001800496f4     libucrtd:closeall.obj
 0002:00011714       $unwind$??$common_xtox_s@KD@@YAHKQEAD_KI_N@Z 0000000180049714     libucrtd:xtoa.obj
 0002:00011714       $unwind$??$common_xtox_s@K_W@@YAHKQEA_W_KI_N@Z 0000000180049714     libucrtd:xtoa.obj
 0002:0001171c       $unwind$?_mbstowcs_l_helper@@YA_KPEA_WPEBD_KPEAU__crt_locale_pointers@@@Z 000000018004971c     libucrtd:mbstowcs.obj
 0002:00011728       $unwind$?_wcstombs_l_helper@@YA_KPEADPEB_W_KPEAU__crt_locale_pointers@@@Z 0000000180049728     libucrtd:wcstombs.obj
 0002:00011740       $stateUnwindMap$?_wcstombs_l_helper@@YA_KPEADPEB_W_KPEAU__crt_locale_pointers@@@Z 0000000180049740     libucrtd:wcstombs.obj
 0002:00011750       $ip2state$?_wcstombs_l_helper@@YA_KPEADPEB_W_KPEAU__crt_locale_pointers@@@Z 0000000180049750     libucrtd:wcstombs.obj
 0002:00011868       $unwind$__acrt_OutputDebugStringA 0000000180049868     libucrtd:outputdebugstringa.obj
 0002:0001187c       $unwind$??$?RV<lambda_4e3dbe6921bc0b5a1a6bc6573fdc859e>@@AEAV<lambda_5533cddd4bda0037814beee657757329>@@V<lambda_47cffbaa968af5c721c38a4a6f8da44d>@@@?$__crt_seh_guarded_call@H@@QEAAH$$QEAV<lambda_4e3dbe6921bc0b5a1a6bc6573fdc859e>@@AEAV<lambda_5533cddd4bda0037814beee657757329>@@$$QEAV<lambda_47cffbaa968af5c721c38a4a6f8da44d>@@@Z 000000018004987c     libucrtd:commit.obj
 0002:0001189c       $unwind$_write             000000018004989c     libucrtd:write.obj
 0002:000118bc       $unwind$_write_nolock      00000001800498bc     libucrtd:write.obj
 0002:000118d0       $unwind$?write_double_translated_ansi_nolock@@YA?AUwrite_result@?A0x17268360@@HQEBDI@Z 00000001800498d0     libucrtd:write.obj
 0002:000118e4       $unwind$?write_double_translated_unicode_nolock@@YA?AUwrite_result@?A0x17268360@@QEBDI@Z 00000001800498e4     libucrtd:write.obj
 0002:000118f8       $unwind$?write_text_ansi_nolock@@YA?AUwrite_result@?A0x17268360@@HQEBDI@Z 00000001800498f8     libucrtd:write.obj
 0002:000118f8       $unwind$?write_text_utf16le_nolock@@YA?AUwrite_result@?A0x17268360@@HQEBDI@Z 00000001800498f8     libucrtd:write.obj
 0002:0001190c       $unwind$?write_text_utf8_nolock@@YA?AUwrite_result@?A0x17268360@@HQEBDI@Z 000000018004990c     libucrtd:write.obj
 0002:00011920       $unwind$?write_binary_nolock@@YA?AUwrite_result@?A0x17268360@@HQEBDI@Z 0000000180049920     libucrtd:write.obj
 0002:00011934       $unwind$?__mbrtoc32_utf8@__crt_mbstring@@YA_KPEA_UPEBD_KPEAU_Mbstatet@@@Z 0000000180049934     libucrtd:mbrtoc32.obj
 0002:00011948       $xdatasym                  0000000180049948     libucrtd:log10.obj
 0002:00011954       $unwind$ceil               0000000180049954     libucrtd:ceil.obj
 0002:0001195c       $unwind$fclose             000000018004995c     libucrtd:fclose.obj
 0002:0001197c       $unwind$?__wcsrtombs_utf8@__crt_mbstring@@YA_KPEADPEAPEB_W_KPEAU_Mbstatet@@@Z 000000018004997c     libucrtd:wcrtomb.obj
 0002:0001198c       $unwind$__acrt_initialize_fma3 000000018004998c     libucrtd:fma3_available.obj
 0002:0001199c       $unwind$_log_special_common 000000018004999c     libucrtd:log_special.obj
 0002:000119ac       $unwind$_log10_special     00000001800499ac     libucrtd:log_special.obj
 0002:000119b4       $unwind$_handle_error      00000001800499b4     libucrtd:libm_error.obj
 0002:000119c4       $unwind$??$?RV<lambda_53fc7fc888e23d815d7080162c0aeeb2>@@AEAV<lambda_4e7105787b7b0e0227fbf2b2d883fa65>@@V<lambda_8ddc48ad9d26c778cb15812d1d88fc8a>@@@?$__crt_seh_guarded_call@H@@QEAAH$$QEAV<lambda_53fc7fc888e23d815d7080162c0aeeb2>@@AEAV<lambda_4e7105787b7b0e0227fbf2b2d883fa65>@@$$QEAV<lambda_8ddc48ad9d26c778cb15812d1d88fc8a>@@@Z 00000001800499c4     libucrtd:close.obj
 0002:000119e4       $unwind$?__c16rtomb_utf8@__crt_mbstring@@YA_KPEAD_SPEAU_Mbstatet@@@Z 00000001800499e4     libucrtd:c16rtomb.obj
 0002:000119ec       $unwind$__dcrt_lowio_ensure_console_output_initialized 00000001800499ec     libucrtd:initcon.obj
 0002:000119f4       $unwind$__dcrt_write_console 00000001800499f4     libucrtd:initcon.obj
 0002:00011a08       $unwind$_ctrlfp            0000000180049a08     libucrtd:fpctrl.obj
 0002:00011a28       $xdatasym                  0000000180049a28     libucrtd:fpsr.obj
 0002:00011a30       $unwind$_IsNonwritableInCurrentImage 0000000180049a30     LIBCMTD:pesect.obj
 0002:00011a50       $xdatasym                  0000000180049a50     LIBCMTD:chkstk.obj
 0002:00011a58       $xdatasym                  0000000180049a58     libvcruntimed:memcmp.obj
 0002:00011a5c       $unwind$strrchr            0000000180049a5c     libvcruntimed:strrchr.obj
 0002:00011af0       .edata                     0000000180049af0     sonic_2d_game.exp
 0002:00011b18       rgpv                       0000000180049b18     sonic_2d_game.exp
 0002:00011b1c       rgszName                   0000000180049b1c     sonic_2d_game.exp
 0002:00011b20       rgwOrd                     0000000180049b20     sonic_2d_game.exp
 0002:00011b22       szName                     0000000180049b22     sonic_2d_game.exp
 0002:00011b34       $N00001                    0000000180049b34     sonic_2d_game.exp
 0002:00011f30       .idata$6                   0000000180049f30     kernel32:KERNEL32.dll
 0003:00000030       ?__vcrt_flsindex@@3KA      000000018004b030     libvcruntimed:per_thread_data.obj
 0003:00000040       ?__acrt_current_request_number@@3JA 000000018004b040     libucrtd:debug_heap.obj
 0003:00000060       ?__acrt_flsindex@@3KA      000000018004b060     libucrtd:per_thread_data.obj
 0003:00000064       ?errno_no_memory@@3HA      000000018004b064     libucrtd:errno.obj
 0003:00000068       ?doserrno_no_memory@@3KA   000000018004b068     libucrtd:errno.obj
 0003:000002a0       _mbctypes                  000000018004b2a0     libucrtd:mbctype.obj
 0003:000003b0       _mbcasemaps                000000018004b3b0     libucrtd:mbctype.obj
 0003:000004b0       ?__rgctypeflag@@3PADA      000000018004b4b0     libucrtd:mbctype.obj
 0003:000004c0       ?__rgcode_page_info@@3PAUcode_page_info@@A 000000018004b4c0     libucrtd:mbctype.obj
 0003:00000728       ?__acrt_debug_fill_threshold@@3_KA 000000018004b728     libucrtd:debug_fill_threshold.obj
 0003:00000a20       ?__dcrt_lowio_console_output_handle@@3PEAXEA 000000018004ba20     libucrtd:initcon.obj
 0003:00000a28       ?dazSupported@?1??_ctrlfp@@9@9 000000018004ba28     libucrtd:fpctrl.obj
 0003:00000ab0       ?__proc_attached@@3HA      000000018004bab0     LIBCMTD:dll_dllmain.obj
 0003:00000af0       ?is_initialized_as_dll@@3_NA 000000018004baf0     LIBCMTD:utility.obj
 0003:00000af1       ?module_local_atexit_table_initialized@@3_NA 000000018004baf1     LIBCMTD:utility.obj
 0003:00000af8       ?module_local_atexit_table@@3U_onexit_table_t@@A 000000018004baf8     LIBCMTD:utility.obj
 0003:00000b10       ?module_local_at_quick_exit_table@@3U_onexit_table_t@@A 000000018004bb10     LIBCMTD:utility.obj
 0003:00000b40       GS_ExceptionRecord         000000018004bb40     LIBCMTD:gs_report.obj
 0003:00000be0       GS_ContextRecord           000000018004bbe0     LIBCMTD:gs_report.obj
 0003:000010f8       ?heap@@3V_HeapManager@@A   000000018004c0f8     libvcruntimed:undname.obj
 0003:00001120       ?__vcrt_startup_thread_ptd@@3U__vcrt_ptd@@A 000000018004c120     libvcruntimed:per_thread_data.obj
 0003:000011a0       __vcrt_lock_table          000000018004c1a0     libvcruntimed:locks.obj
 0003:000011c8       __vcrt_locks_initialized   000000018004c1c8     libvcruntimed:locks.obj
 0003:000011d0       ?module_handles@@3PAPEAUHINSTANCE__@@A 000000018004c1d0     libvcruntimed:winapi_downlevel.obj
 0003:000011e8       ?function_pointers@@3PAPEAXA 000000018004c1e8     libvcruntimed:winapi_downlevel.obj
 0003:00001218       ?c_termination_complete@@3JA 000000018004c218     libucrtd:exit.obj
 0003:00001220       ?thread_local_exit_callback_func@@3P6AXPEAXK0@ZEA 000000018004c220     libucrtd:exit.obj
 0003:00001230       ?program_name@?1???$common_configure_argv@D@@YAHW4_crt_argv_mode@@@Z@4PADA 000000018004c230     libucrtd:argv_parsing.obj
 0003:00001388       ?__acrt_first_block@@3PEAU_CrtMemBlockHeader@@EA 000000018004c388     libucrtd:debug_heap.obj
 0003:00001390       ?__acrt_last_block@@3PEAU_CrtMemBlockHeader@@EA 000000018004c390     libucrtd:debug_heap.obj
 0003:00001398       ?__acrt_total_allocations@@3_KA 000000018004c398     libucrtd:debug_heap.obj
 0003:000013a0       ?__acrt_current_allocations@@3_KA 000000018004c3a0     libucrtd:debug_heap.obj
 0003:000013a8       ?__acrt_max_allocations@@3_KA 000000018004c3a8     libucrtd:debug_heap.obj
 0003:000013b0       ?__acrt_check_frequency@@3IA 000000018004c3b0     libucrtd:debug_heap.obj
 0003:000013b4       ?__acrt_check_counter@@3IA 000000018004c3b4     libucrtd:debug_heap.obj
 0003:000013c0       ?heap_validation_pending@@3_NA 000000018004c3c0     libucrtd:debug_heap.obj
 0003:000013d0       ?__acrt_lock_table@@3PAU_RTL_CRITICAL_SECTION@@A 000000018004c3d0     libucrtd:locks.obj
 0003:00001600       ?__acrt_locks_initialized@@3IA 000000018004c600     libucrtd:locks.obj
 0003:00001604       ?state_cache@?1???$get_cached_win_policy@Udeveloper_information_policy_properties@?1??__acrt_get_developer_information_policy@@YA?AW4developer_information_policy@@XZ@@@YA?AW4developer_information_policy@@W4AppPolicyShowDeveloperDiagnostic@@@Z@4JA 000000018004c604     libucrtd:win_policies.obj
 0003:00001608       ?state_cache@?1???$get_cached_win_policy@Uwindowing_model_policy_properties@?1??__acrt_get_windowing_model_policy@@YA?AW4windowing_model_policy@@XZ@@@YA?AW4windowing_model_policy@@W4AppPolicyWindowingModel@@@Z@4JA 000000018004c608     libucrtd:win_policies.obj
 0003:00001610       ?__acrt_invalid_parameter_handler@@3V?$dual_state_global@P6AXPEB_W00I_K@Z@__crt_state_management@@A 000000018004c610     libucrtd:invalid_parameter.obj
 0003:00001630       ?fSystemSet@@3HA           000000018004c630     libucrtd:mbctype.obj
 0003:00001634       ?initialized@?1??__acrt_initialize_multibyte@@9@4_NA 000000018004c634     libucrtd:mbctype.obj
 0003:00001670       ?module_handles@@3PAPEAUHINSTANCE__@@A 000000018004c670     libucrtd:winapi_thunks.obj
 0003:00001710       ?encoded_function_pointers@@3PAPEAXA 000000018004c710     libucrtd:winapi_thunks.obj
 0003:00001c38       ?__acrt_new_handler@@3V?$dual_state_global@P6AH_K@Z@__crt_state_management@@A 000000018004cc38     libucrtd:new_handler.obj
 0003:00001c40       ?ctrlc_action@@3V?$dual_state_global@P6AXH@Z@__crt_state_management@@A 000000018004cc40     libucrtd:signal.obj
 0003:00001c48       ?ctrlbreak_action@@3V?$dual_state_global@P6AXH@Z@__crt_state_management@@A 000000018004cc48     libucrtd:signal.obj
 0003:00001c50       ?abort_action@@3V?$dual_state_global@P6AXH@Z@__crt_state_management@@A 000000018004cc50     libucrtd:signal.obj
 0003:00001c58       ?term_action@@3V?$dual_state_global@P6AXH@Z@__crt_state_management@@A 000000018004cc58     libucrtd:signal.obj
 0003:00001c60       ?user_matherr@@3V?$dual_state_global@P6AHPEAU_exception@@@Z@__crt_state_management@@A 000000018004cc60     libucrtd:matherr.obj
 0003:00001c80       ?__acrt_global_new_mode@@3V?$dual_state_global@J@__crt_state_management@@A 000000018004cc80     libucrtd:new_mode.obj
 0003:00001c88       ?__acrt_app_type@@3W4_crt_app_type@@A 000000018004cc88     libucrtd:report_runtime_error.obj
 0003:00001c90       ?outmsg@?9??__acrt_report_runtime_error@@9@4PA_WA 000000018004cc90     libucrtd:report_runtime_error.obj
 0003:000022b8       ?internal_state@?1??_mbtowc_l@@9@4U_Mbstatet@@A 000000018004d2b8     libucrtd:mbtowc.obj
 0003:000022d0       ?enable_percent_n@@3_KA    000000018004d2d0     libucrtd:printf_count_output.obj
 0003:000022f8       __acrt_error_mode          000000018004d2f8     libucrtd:set_error_mode.obj
 0003:00002300       ?internal_pst@?1??__mbrtoc32_utf8@__crt_mbstring@@YA_KPEA_UPEBD_KPEAU_Mbstatet@@@Z@4U3@A 000000018004d300     libucrtd:mbrtoc32.obj
 0003:00002310       ?internal_pst@?1??__c16rtomb_utf8@__crt_mbstring@@YA_KPEAD_SPEAU_Mbstatet@@@Z@4U3@A 000000018004d310     libucrtd:c16rtomb.obj
 0005:00000000       MoveSmall                  0000000180051000     libvcruntimed:memcpy.obj
 0005:00000050       MsetTab                    0000000180051050     libvcruntimed:memset.obj
