 win32_game_engine

 Timestamp is 62136afb (Mon Feb 21 13:35:39 2022)

 Preferred load address is 0000000140000000

 Start         Length     Name                   Class
 0001:00000000 00038080H .text$mn                CODE
 0001:00038080 00000040H .text$mn$00             CODE
 0001:000380c0 0000062dH .text$x                 CODE
 0002:00000000 00000330H .idata$5                DATA
 0002:00000330 00000028H .00cfg                  DATA
 0002:00000358 00000008H .CRT$XCA                DATA
 0002:00000360 00000008H .CRT$XCAA               DATA
 0002:00000368 00000008H .CRT$XCZ                DATA
 0002:00000370 00000008H .CRT$XIA                DATA
 0002:00000378 00000008H .CRT$XIAA               DATA
 0002:00000380 00000008H .CRT$XIAC               DATA
 0002:00000388 00000018H .CRT$XIC                DATA
 0002:000003a0 00000008H .CRT$XIZ                DATA
 0002:000003a8 00000008H .CRT$XPA                DATA
 0002:000003b0 00000010H .CRT$XPX                DATA
 0002:000003c0 00000008H .CRT$XPXA               DATA
 0002:000003c8 00000008H .CRT$XPZ                DATA
 0002:000003d0 00000008H .CRT$XTA                DATA
 0002:000003d8 00000008H .CRT$XTZ                DATA
 0002:000003e0 00000000H .gehcont$y              DATA
 0002:000003e0 00000000H .gfids$y                DATA
 0002:000003e0 000106a0H .rdata                  DATA
 0002:00010a80 00000000H .rdata$CastGuardVftablesA DATA
 0002:00010a80 00000000H .rdata$CastGuardVftablesC DATA
 0002:00010a80 0000016cH .rdata$r                DATA
 0002:00010bec 00000324H .rdata$zzzdbg           DATA
 0002:00010f10 00000008H .rtc$IAA                DATA
 0002:00010f18 00000008H .rtc$IZZ                DATA
 0002:00010f20 00000008H .rtc$TAA                DATA
 0002:00010f28 00000008H .rtc$TZZ                DATA
 0002:00010f30 000010d0H .xdata                  DATA
 0002:00012000 00000084H .xdata$x                DATA
 0002:00012084 00000000H .edata                  DATA
 0002:00012084 00000050H .idata$2                DATA
 0002:000120d4 00000014H .idata$3                DATA
 0002:000120e8 00000330H .idata$4                DATA
 0002:00012418 00000720H .idata$6                DATA
 0003:00000000 00000a60H .data                   DATA
 0003:00000a60 00000070H .data$r                 DATA
 0003:00000ad0 000018d0H .bss                    DATA
 0004:00000000 00002df0H .pdata                  DATA
 0005:00000000 00000094H _RDATA                  DATA

  Address         Publics by Value              Rva+Base               Lib:Object

 0000:00000000       __x64_code_ranges_to_entry_points_count 0000000000000000     <absolute>
 0000:00000000       __arm64x_redirection_metadata 0000000000000000     <absolute>
 0000:00000000       __guard_iat_table          0000000000000000     <absolute>
 0000:00000000       __guard_iat_count          0000000000000000     <absolute>
 0000:00000000       __guard_longjmp_count      0000000000000000     <absolute>
 0000:00000000       __guard_longjmp_table      0000000000000000     <absolute>
 0000:00000000       __x64_code_ranges_to_entry_points 0000000000000000     <absolute>
 0000:00000000       __dynamic_value_reloc_table 0000000000000000     <absolute>
 0000:00000000       __hybrid_auxiliary_iat     0000000000000000     <absolute>
 0000:00000000       __guard_fids_count         0000000000000000     <absolute>
 0000:00000000       ___safe_se_handler_table   0000000000000000     <absolute>
 0000:00000000       __arm64x_extra_rfe_table   0000000000000000     <absolute>
 0000:00000000       __AbsoluteZero             0000000000000000     <absolute>
 0000:00000000       __hybrid_code_map          0000000000000000     <absolute>
 0000:00000000       __volatile_metadata        0000000000000000     <absolute>
 0000:00000000       __arm64x_extra_rfe_table_size 0000000000000000     <absolute>
 0000:00000000       ___safe_se_handler_count   0000000000000000     <absolute>
 0000:00000000       __guard_fids_table         0000000000000000     <absolute>
 0000:00000000       __guard_eh_cont_count      0000000000000000     <absolute>
 0000:00000000       __arm64x_redirection_metadata_count 0000000000000000     <absolute>
 0000:00000000       __enclave_config           0000000000000000     <absolute>
 0000:00000000       __guard_eh_cont_table      0000000000000000     <absolute>
 0000:00000000       __arm64x_native_entrypoint 0000000000000000     <absolute>
 0000:00000000       __hybrid_code_map_count    0000000000000000     <absolute>
 0000:00000100       __guard_flags              0000000000000100     <absolute>
 0000:00000000       __ImageBase                0000000140000000     <linker-defined>
 0001:00000000       WinMain                    0000000140001000 f   win32_game_engine.obj
 0001:00000d50       ?XInputGetStateStub@@YAKKPEAU_XINPUT_STATE@@@Z 0000000140001d50 f   win32_game_engine.obj
 0001:00000d70       ?XInputSetStateStub@@YAKKPEAU_XINPUT_VIBRATION@@@Z 0000000140001d70 f   win32_game_engine.obj
 0001:00001590       ?MainWindowCallback@@YA_JPEAUHWND__@@I_K_J@Z 0000000140002590 f   win32_game_engine.obj
 0001:00001830       ?Win32GetLastWriteTime@@YA?AU_FILETIME@@PEAD@Z 0000000140002830 f i win32_game_engine.obj
 0001:000018a0       ?Win32GetSecondsElapsed@@YAMT_LARGE_INTEGER@@0@Z 00000001400028a0 f i win32_game_engine.obj
 0001:000018e0       ?Win32GetWallClock@@YA?AT_LARGE_INTEGER@@XZ 00000001400028e0 f i win32_game_engine.obj
 0001:00001900       __GSHandlerCheck           0000000140002900 f   LIBCMTD:gshandler.obj
 0001:00001940       __GSHandlerCheckCommon     0000000140002940 f   LIBCMTD:gshandler.obj
 0001:00001a50       __security_check_cookie    0000000140002a50 f   LIBCMTD:amdsecgs.obj
 0001:00001d30       ?configure_argv@__scrt_narrow_argv_policy@@SAHXZ 0000000140002d30 f i LIBCMTD:exe_winmain.obj
 0001:00001d50       ?initialize_environment@__scrt_narrow_environment_policy@@SAHXZ 0000000140002d50 f i LIBCMTD:exe_winmain.obj
 0001:00001da0       ?set_app_type@__scrt_winmain_policy@@SAXXZ 0000000140002da0 f i LIBCMTD:exe_winmain.obj
 0001:00001dc0       ?set_commode@__scrt_file_policy@@SAXXZ 0000000140002dc0 f i LIBCMTD:exe_winmain.obj
 0001:00001de0       ?set_fmode@__scrt_file_policy@@SAXXZ 0000000140002de0 f i LIBCMTD:exe_winmain.obj
 0001:00001e00       WinMainCRTStartup          0000000140002e00 f   LIBCMTD:exe_winmain.obj
 0001:00001e10       __raise_securityfailure    0000000140002e10 f   LIBCMTD:gs_report.obj
 0001:00001e50       __report_gsfailure         0000000140002e50 f   LIBCMTD:gs_report.obj
 0001:00001f30       __report_rangecheckfailure 0000000140002f30 f   LIBCMTD:gs_report.obj
 0001:00001f50       __report_securityfailure   0000000140002f50 f   LIBCMTD:gs_report.obj
 0001:000022b0       NtCurrentTeb               00000001400032b0 f i LIBCMTD:utility.obj
 0001:000022c0       __scrt_acquire_startup_lock 00000001400032c0 f   LIBCMTD:utility.obj
 0001:00002330       __scrt_initialize_crt      0000000140003330 f   LIBCMTD:utility.obj
 0001:00002380       __scrt_initialize_onexit_tables 0000000140003380 f   LIBCMTD:utility.obj
 0001:00002490       __scrt_is_nonwritable_in_current_image 0000000140003490 f   LIBCMTD:utility.obj
 0001:00002520       __scrt_release_startup_lock 0000000140003520 f   LIBCMTD:utility.obj
 0001:00002550       __scrt_uninitialize_crt    0000000140003550 f   LIBCMTD:utility.obj
 0001:00002590       _onexit                    0000000140003590 f   LIBCMTD:utility.obj
 0001:00002610       atexit                     0000000140003610 f   LIBCMTD:utility.obj
 0001:00002710       __security_init_cookie     0000000140003710 f   LIBCMTD:gs_support.obj
 0001:00002790       ?get_current_state_index@__crt_state_management@@YA_KAEBV__crt_scoped_get_last_error_reset@@@Z 0000000140003790 f   libucrtd:per_thread_data.obj
 0001:00002790       _matherr                   0000000140003790 f   LIBCMTD:matherr.obj
 0001:000027a0       _get_startup_argv_mode     00000001400037a0 f   LIBCMTD:argv_mode.obj
 0001:000027b0       __scrt_initialize_winrt    00000001400037b0 f   LIBCMTD:utility_desktop.obj
 0001:000027b0       _get_startup_new_mode      00000001400037b0 f   LIBCMTD:new_mode.obj
 0001:000027b0       __scrt_exe_initialize_mta  00000001400037b0 f   LIBCMTD:utility_desktop.obj
 0001:000027b0       _get_startup_commit_mode   00000001400037b0 f   LIBCMTD:commit_mode.obj
 0001:000027b0       _get_startup_thread_locale_mode 00000001400037b0 f   LIBCMTD:thread_locale.obj
 0001:000027b0       ?get_invalid_value@__crt_hmodule_traits@@SAPEAUHINSTANCE__@@XZ 00000001400037b0 f   libucrtd:exit.obj
 0001:000027b0       ?get_current_state_index@__crt_state_management@@YA_KXZ 00000001400037b0 f   libucrtd:matherr.obj
 0001:000027b0       __scrt_stub_for_initialize_mta 00000001400037b0 f   LIBCMTD:utility_desktop.obj
 0001:000027c0       _get_startup_file_mode     00000001400037c0 f   LIBCMTD:file_mode.obj
 0001:000027d0       ?__scrt_initialize_type_info@@YAXXZ 00000001400037d0 f   LIBCMTD:tncleanup.obj
 0001:000027f0       _should_initialize_environment 00000001400037f0 f   LIBCMTD:env_mode.obj
 0001:00002800       _initialize_invalid_parameter_handler 0000000140003800 f   LIBCMTD:invalid_parameter_handler.obj
 0001:00002800       _initialize_denormal_control 0000000140003800 f   LIBCMTD:denormal_control.obj
 0001:00002810       __local_stdio_printf_options 0000000140003810 f i LIBCMTD:default_local_stdio_options.obj
 0001:00002820       __local_stdio_scanf_options 0000000140003820 f i LIBCMTD:default_local_stdio_options.obj
 0001:00002830       __scrt_initialize_default_local_stdio_options 0000000140003830 f   LIBCMTD:default_local_stdio_options.obj
 0001:00002880       __scrt_is_user_matherr_present 0000000140003880 f   LIBCMTD:matherr_detection.obj
 0001:000028b0       __scrt_get_dyn_tls_init_callback 00000001400038b0 f   LIBCMTD:dyn_tls_init.obj
 0001:000028c0       __scrt_get_dyn_tls_dtor_callback 00000001400038c0 f   LIBCMTD:dyn_tls_dtor.obj
 0001:000028d0       __crt_debugger_hook        00000001400038d0 f   LIBCMTD:utility_desktop.obj
 0001:000028e0       __scrt_fastfail            00000001400038e0 f   LIBCMTD:utility_desktop.obj
 0001:00002a80       __scrt_get_show_window_mode 0000000140003a80 f   LIBCMTD:utility_desktop.obj
 0001:00002ae0       __scrt_initialize_mta      0000000140003ae0 f   LIBCMTD:utility_desktop.obj
 0001:00002af0       __scrt_is_managed_app      0000000140003af0 f   LIBCMTD:utility_desktop.obj
 0001:00002ba0       __scrt_set_unhandled_exception_filter 0000000140003ba0 f   LIBCMTD:utility_desktop.obj
 0001:00002bc0       __scrt_unhandled_exception_filter 0000000140003bc0 f   LIBCMTD:utility_desktop.obj
 0001:00002c60       _RTC_Initialize            0000000140003c60 f   LIBCMTD:initsect.obj
 0001:00002cb0       _RTC_Terminate             0000000140003cb0 f   LIBCMTD:initsect.obj
 0001:00002d00       _guard_check_icall_nop     0000000140003d00 f i LIBCMTD:guard_support.obj
 0001:00002d00       ??1scoped_global_state_reset@__crt_state_management@@QEAA@XZ 0000000140003d00 f i libucrtd:onexit.obj
 0001:00002d00       ??1?$__crt_simd_cleanup_guard@$0A@@@QEAA@XZ 0000000140003d00 f i libucrtd:strnlen.obj
 0001:00002d10       ReadNoFence64              0000000140003d10 f i LIBCMTD:guard_support.obj
 0001:00002d10       ?__crt_interlocked_read_64@@YA_JPED_J@Z 0000000140003d10 f i libvcruntimed:std_type_info.obj
 0001:00002d30       ??$__crt_interlocked_read_pointer@UHINSTANCE__@@@@YAPEAUHINSTANCE__@@PEDSEAU0@@Z 0000000140003d30 f i libvcruntimed:winapi_downlevel.obj
 0001:00002d30       ??$__crt_interlocked_read_pointer@X@@YAPEAXPEDSEAX@Z 0000000140003d30 f i libvcruntimed:winapi_downlevel.obj
 0001:00002d30       ReadPointerNoFence         0000000140003d30 f i LIBCMTD:guard_support.obj
 0001:00002d50       _guard_icall_checks_enforced 0000000140003d50 f i LIBCMTD:guard_support.obj
 0001:00002d90       __isa_available_init       0000000140003d90 f   LIBCMTD:cpu_disp.obj
 0001:00003130       __scrt_is_ucrt_dll_in_use  0000000140004130 f   LIBCMTD:ucrt_detection.obj
 0001:00003160       IsProcessorFeaturePresent  0000000140004160 f   kernel32:KERNEL32.dll
 0001:00003170       __C_specific_handler       0000000140004170 f   libvcruntimed:riscchandler.obj
 0001:000035e0       __vcrt_initialize          00000001400045e0 f   libvcruntimed:initialization.obj
 0001:00003620       __vcrt_uninitialize        0000000140004620 f   libvcruntimed:initialization.obj
 0001:00003640       ??$?RD@__crt_internal_free_policy@@QEBAXQEBD@Z 0000000140004640 f i libvcruntimed:std_type_info.obj
 0001:00003640       ??$?RU__crt_lowio_handle_data@@@__crt_internal_free_policy@@QEBAXQEBU__crt_lowio_handle_data@@@Z 0000000140004640 f i libucrtd:osfinfo.obj
 0001:00003640       ??$?RPEAD@__crt_internal_free_policy@@QEBAXQEBQEAD@Z 0000000140004640 f i libucrtd:argv_parsing.obj
 0001:00003640       ??$?RP6AXXZ@__crt_internal_free_policy@@QEBAXQEBQ6AXXZ@Z 0000000140004640 f i libucrtd:onexit.obj
 0001:00003640       ??$?RE@__crt_internal_free_policy@@QEBAXQEBE@Z 0000000140004640 f i libucrtd:argv_parsing.obj
 0001:00003640       ??$?RU__acrt_ptd@@@__crt_internal_free_policy@@QEBAXQEBU__acrt_ptd@@@Z 0000000140004640 f i libucrtd:per_thread_data.obj
 0001:00003640       ??$?RPEAU__crt_stdio_stream_data@@@__crt_internal_free_policy@@QEBAXQEBQEAU__crt_stdio_stream_data@@@Z 0000000140004640 f i libucrtd:_file.obj
 0001:00003640       ??$?RU__vcrt_ptd@@@__crt_internal_free_policy@@QEBAXQEBU__vcrt_ptd@@@Z 0000000140004640 f i libvcruntimed:per_thread_data.obj
 0001:00003640       ??$?RU__crt_multibyte_data@@@__crt_internal_free_policy@@QEBAXQEBU__crt_multibyte_data@@@Z 0000000140004640 f i libucrtd:wsetlocale.obj
 0001:00003670       ??0?$__crt_unique_handle_t@U__crt_hmodule_traits@@@@QEAA@QEAUHINSTANCE__@@@Z 0000000140004670 f i libucrtd:exit.obj
 0001:00003670       ??0__crt_stdio_stream@@QEAA@QEAU_iobuf@@@Z 0000000140004670 f i libucrtd:output.obj
 0001:00003670       ??0?$__crt_unique_heap_ptr@U__crt_lowio_handle_data@@U__crt_internal_free_policy@@@@QEAA@QEAU__crt_lowio_handle_data@@@Z 0000000140004670 f i libucrtd:osfinfo.obj
 0001:00003670       ??0?$string_output_adapter@D@__crt_stdio_output@@QEAA@QEAU?$string_output_adapter_context@D@1@@Z 0000000140004670 f i libucrtd:output.obj
 0001:00003670       ??0?$__crt_unique_heap_ptr@PEADU__crt_internal_free_policy@@@@QEAA@QEAPEAD@Z 0000000140004670 f i libucrtd:argv_parsing.obj
 0001:00003670       ??0?$__crt_unique_heap_ptr@U__vcrt_ptd@@U__crt_internal_free_policy@@@@QEAA@QEAU__vcrt_ptd@@@Z 0000000140004670 f i libvcruntimed:per_thread_data.obj
 0001:00003670       ??0?$__crt_unique_heap_ptr@U__acrt_ptd@@U__crt_internal_free_policy@@@@QEAA@QEAU__acrt_ptd@@@Z 0000000140004670 f i libucrtd:per_thread_data.obj
 0001:00003670       ??0?$__crt_unique_heap_ptr@DU__crt_internal_free_policy@@@@QEAA@QEAD@Z 0000000140004670 f i libvcruntimed:std_type_info.obj
 0001:00003670       ??0?$__crt_unique_heap_ptr@PEAU__crt_stdio_stream_data@@U__crt_internal_free_policy@@@@QEAA@QEAPEAU__crt_stdio_stream_data@@@Z 0000000140004670 f i libucrtd:_file.obj
 0001:00003670       ??0?$__crt_scoped_stack_ptr_tag@_W@@QEAA@QEA_W@Z 0000000140004670 f i libucrtd:getstringtypea.obj
 0001:00003670       ??0?$__crt_unique_heap_ptr@EU__crt_internal_free_policy@@@@QEAA@QEAE@Z 0000000140004670 f i libucrtd:argv_parsing.obj
 0001:00003670       ??0?$__crt_unique_handle_t@U__crt_findfile_traits@@@@QEAA@QEAX@Z 0000000140004670 f i libucrtd:argv_wildcards.obj
 0001:00003670       ??0?$__crt_unique_heap_ptr@P6AXXZU__crt_internal_free_policy@@@@QEAA@QEAP6AXXZ@Z 0000000140004670 f i libucrtd:onexit.obj
 0001:00003670       ??0?$__crt_unique_heap_ptr@DU__crt_public_free_policy@@@@QEAA@QEAD@Z 0000000140004670 f i libvcruntimed:std_exception.obj
 0001:00003670       ??0?$string_output_adapter@_W@__crt_stdio_output@@QEAA@QEAU?$string_output_adapter_context@_W@1@@Z 0000000140004670 f i libucrtd:output.obj
 0001:00003670       ??0?$__crt_unique_heap_ptr@U__crt_multibyte_data@@U__crt_internal_free_policy@@@@QEAA@QEAU__crt_multibyte_data@@@Z 0000000140004670 f i libucrtd:wsetlocale.obj
 0001:00003670       ??0?$__crt_scoped_stack_ptr@_W@@QEAA@U?$__crt_scoped_stack_ptr_tag@_W@@@Z 0000000140004670 f i libucrtd:getstringtypea.obj
 0001:00003670       ??0__crt_stdio_stream@@QEAA@QEAU__crt_stdio_stream_data@@@Z 0000000140004670 f i libucrtd:fflush.obj
 0001:00003690       ??1?$__crt_unique_heap_ptr@U__vcrt_ptd@@U__crt_internal_free_policy@@@@QEAA@XZ 0000000140004690 f i libvcruntimed:per_thread_data.obj
 0001:00003690       ??1?$__crt_unique_heap_ptr@PEADU__crt_internal_free_policy@@@@QEAA@XZ 0000000140004690 f i libucrtd:argv_parsing.obj
 0001:00003690       ??1?$__crt_unique_heap_ptr@U__acrt_ptd@@U__crt_internal_free_policy@@@@QEAA@XZ 0000000140004690 f i libucrtd:per_thread_data.obj
 0001:00003690       ??1?$__crt_unique_heap_ptr@EU__crt_internal_free_policy@@@@QEAA@XZ 0000000140004690 f i libucrtd:argv_parsing.obj
 0001:00003690       ??1?$__crt_unique_heap_ptr@PEAU__crt_stdio_stream_data@@U__crt_internal_free_policy@@@@QEAA@XZ 0000000140004690 f i libucrtd:_file.obj
 0001:00003690       ??1?$__crt_unique_heap_ptr@P6AXXZU__crt_internal_free_policy@@@@QEAA@XZ 0000000140004690 f i libucrtd:onexit.obj
 0001:00003690       ??1?$__crt_unique_heap_ptr@U__crt_multibyte_data@@U__crt_internal_free_policy@@@@QEAA@XZ 0000000140004690 f i libucrtd:wsetlocale.obj
 0001:00003690       ??1?$__crt_unique_heap_ptr@DU__crt_internal_free_policy@@@@QEAA@XZ 0000000140004690 f i libvcruntimed:std_type_info.obj
 0001:00003690       ??1?$__crt_unique_heap_ptr@U__crt_lowio_handle_data@@U__crt_internal_free_policy@@@@QEAA@XZ 0000000140004690 f i libucrtd:osfinfo.obj
 0001:000036b0       ??B?$__crt_unique_heap_ptr@DU__crt_internal_free_policy@@@@QEBA_NXZ 00000001400046b0 f i libvcruntimed:std_type_info.obj
 0001:000036b0       ??B?$__crt_unique_heap_ptr@U__crt_multibyte_data@@U__crt_internal_free_policy@@@@QEBA_NXZ 00000001400046b0 f i libucrtd:wsetlocale.obj
 0001:000036b0       ??B?$__crt_unique_heap_ptr@U__vcrt_ptd@@U__crt_internal_free_policy@@@@QEBA_NXZ 00000001400046b0 f i libvcruntimed:per_thread_data.obj
 0001:000036b0       ??B?$__crt_unique_heap_ptr@EU__crt_internal_free_policy@@@@QEBA_NXZ 00000001400046b0 f i libucrtd:argv_parsing.obj
 0001:000036b0       ??B?$__crt_unique_heap_ptr@DU__crt_public_free_policy@@@@QEBA_NXZ 00000001400046b0 f i libvcruntimed:std_exception.obj
 0001:000036b0       ??B?$__crt_unique_heap_ptr@U__acrt_ptd@@U__crt_internal_free_policy@@@@QEBA_NXZ 00000001400046b0 f i libucrtd:per_thread_data.obj
 0001:000036b0       ??B?$__crt_unique_heap_ptr@U__crt_lowio_handle_data@@U__crt_internal_free_policy@@@@QEBA_NXZ 00000001400046b0 f i libucrtd:osfinfo.obj
 0001:000036d0       ?get@?$__crt_unique_handle_t@U__crt_findfile_traits@@@@QEBAPEAXXZ 00000001400046d0 f i libucrtd:argv_wildcards.obj
 0001:000036d0       ?get@?$__crt_unique_heap_ptr@EU__crt_internal_free_policy@@@@QEBAPEAEXZ 00000001400046d0 f i libucrtd:argv_parsing.obj
 0001:000036d0       ?get@?$__crt_unique_heap_ptr@PEADU__crt_internal_free_policy@@@@QEBAPEAPEADXZ 00000001400046d0 f i libucrtd:argv_parsing.obj
 0001:000036d0       ?public_stream@__crt_stdio_stream@@QEBAPEAU_iobuf@@XZ 00000001400046d0 f i libucrtd:output.obj
 0001:000036d0       ?get@?$__crt_unique_heap_ptr@DU__crt_public_free_policy@@@@QEBAPEADXZ 00000001400046d0 f i libvcruntimed:std_exception.obj
 0001:000036d0       ?get@?$__crt_unique_heap_ptr@U__crt_lowio_handle_data@@U__crt_internal_free_policy@@@@QEBAPEAU__crt_lowio_handle_data@@XZ 00000001400046d0 f i libucrtd:osfinfo.obj
 0001:000036d0       ?get@?$__crt_unique_heap_ptr@U__acrt_ptd@@U__crt_internal_free_policy@@@@QEBAPEAU__acrt_ptd@@XZ 00000001400046d0 f i libucrtd:per_thread_data.obj
 0001:000036d0       ?save_state@?$c_string_character_source@_W@__crt_strtox@@QEBAPEB_WXZ 00000001400046d0 f i libucrtd:atox.obj
 0001:000036d0       ??C__crt_stdio_stream@@QEBAPEAU__crt_stdio_stream_data@@XZ 00000001400046d0 f i libucrtd:output.obj
 0001:000036d0       ?get@?$__crt_unique_handle_t@U__crt_hmodule_traits@@@@QEBAPEAUHINSTANCE__@@XZ 00000001400046d0 f i libucrtd:exit.obj
 0001:000036d0       ?save_state@?$c_string_character_source@D@__crt_strtox@@QEBAPEBDXZ 00000001400046d0 f i libucrtd:atox.obj
 0001:000036d0       ?get@?$__crt_scoped_stack_ptr@_W@@QEBAPEA_WXZ 00000001400046d0 f i libucrtd:getstringtypea.obj
 0001:000036d0       ?get@?$__crt_unique_heap_ptr@U__crt_multibyte_data@@U__crt_internal_free_policy@@@@QEBAPEAU__crt_multibyte_data@@XZ 00000001400046d0 f i libucrtd:wsetlocale.obj
 0001:000036d0       ?get@?$__crt_unique_heap_ptr@U__vcrt_ptd@@U__crt_internal_free_policy@@@@QEBAPEAU__vcrt_ptd@@XZ 00000001400046d0 f i libvcruntimed:per_thread_data.obj
 0001:000036d0       ?get@?$__crt_unique_heap_ptr@DU__crt_internal_free_policy@@@@QEBAPEADXZ 00000001400046d0 f i libvcruntimed:std_type_info.obj
 0001:000036e0       ?is_valid@?$__crt_unique_heap_ptr@U__crt_lowio_handle_data@@U__crt_internal_free_policy@@@@QEBA_NXZ 00000001400046e0 f i libucrtd:osfinfo.obj
 0001:000036e0       ??B?$__crt_scoped_stack_ptr@_W@@QEBA_NXZ 00000001400046e0 f i libucrtd:lcmapstringa.obj
 0001:000036e0       ?is_valid@?$__crt_unique_heap_ptr@U__vcrt_ptd@@U__crt_internal_free_policy@@@@QEBA_NXZ 00000001400046e0 f i libvcruntimed:per_thread_data.obj
 0001:000036e0       ?is_valid@?$__crt_unique_heap_ptr@DU__crt_public_free_policy@@@@QEBA_NXZ 00000001400046e0 f i libvcruntimed:std_exception.obj
 0001:000036e0       ?is_valid@?$__crt_unique_heap_ptr@EU__crt_internal_free_policy@@@@QEBA_NXZ 00000001400046e0 f i libucrtd:argv_parsing.obj
 0001:000036e0       ?is_valid@?$__crt_unique_heap_ptr@U__acrt_ptd@@U__crt_internal_free_policy@@@@QEBA_NXZ 00000001400046e0 f i libucrtd:per_thread_data.obj
 0001:000036e0       ?is_valid@?$__crt_unique_heap_ptr@U__crt_multibyte_data@@U__crt_internal_free_policy@@@@QEBA_NXZ 00000001400046e0 f i libucrtd:wsetlocale.obj
 0001:000036e0       ?is_valid@?$__crt_unique_heap_ptr@DU__crt_internal_free_policy@@@@QEBA_NXZ 00000001400046e0 f i libvcruntimed:std_type_info.obj
 0001:000036e0       ?valid@__crt_stdio_stream@@QEBA_NXZ 00000001400046e0 f i libucrtd:output.obj
 0001:00003710       ?release@?$__crt_unique_heap_ptr@DU__crt_internal_free_policy@@@@QEAAXXZ 0000000140004710 f i libvcruntimed:std_type_info.obj
 0001:00003710       ?release@?$__crt_unique_heap_ptr@U__vcrt_ptd@@U__crt_internal_free_policy@@@@QEAAXXZ 0000000140004710 f i libvcruntimed:per_thread_data.obj
 0001:00003710       ?release@?$__crt_unique_heap_ptr@U__crt_multibyte_data@@U__crt_internal_free_policy@@@@QEAAXXZ 0000000140004710 f i libucrtd:wsetlocale.obj
 0001:00003710       ?release@?$__crt_unique_heap_ptr@EU__crt_internal_free_policy@@@@QEAAXXZ 0000000140004710 f i libucrtd:argv_parsing.obj
 0001:00003710       ?release@?$__crt_unique_heap_ptr@U__crt_lowio_handle_data@@U__crt_internal_free_policy@@@@QEAAXXZ 0000000140004710 f i libucrtd:osfinfo.obj
 0001:00003710       ?release@?$__crt_unique_heap_ptr@P6AXXZU__crt_internal_free_policy@@@@QEAAXXZ 0000000140004710 f i libucrtd:onexit.obj
 0001:00003710       ?release@?$__crt_unique_heap_ptr@U__acrt_ptd@@U__crt_internal_free_policy@@@@QEAAXXZ 0000000140004710 f i libucrtd:per_thread_data.obj
 0001:00003710       ?release@?$__crt_unique_heap_ptr@PEADU__crt_internal_free_policy@@@@QEAAXXZ 0000000140004710 f i libucrtd:argv_parsing.obj
 0001:00003710       ?release@?$__crt_unique_heap_ptr@PEAU__crt_stdio_stream_data@@U__crt_internal_free_policy@@@@QEAAXXZ 0000000140004710 f i libucrtd:_file.obj
 0001:00003740       __std_type_info_compare    0000000140004740 f   libvcruntimed:std_type_info.obj
 0001:00003780       __DestructExceptionObject  0000000140004780 f   libvcruntimed:ehhelpers.obj
 0001:00003880       ?_CallMemberFunction0@@YAXQEAX0@Z 0000000140004880 f i libvcruntimed:ehhelpers.obj
 0001:00003950       _IsExceptionObjectToBeDestroyed 0000000140004950 f   libvcruntimed:ehhelpers.obj
 0001:000039a0       __AdjustPointer            00000001400049a0 f   libvcruntimed:ehhelpers.obj
 0001:00003a20       __FrameUnwindFilter        0000000140004a20 f   libvcruntimed:ehhelpers.obj
 0001:00003ad0       __current_exception        0000000140004ad0 f   libvcruntimed:ehhelpers.obj
 0001:00003af0       __current_exception_context 0000000140004af0 f   libvcruntimed:ehhelpers.obj
 0001:00003b20       _NLG_Notify                0000000140004b20 f   libvcruntimed:notify.obj
 0001:00003b40       __NLG_Dispatch2            0000000140004b40 f   libvcruntimed:notify.obj
 0001:00003b50       __NLG_Return2              0000000140004b50 f   libvcruntimed:notify.obj
 0001:00003b60       __except_validate_context_record 0000000140004b60 f   libvcruntimed:jbcxrval.obj
 0001:00003c00       ?detach@?$__crt_unique_heap_ptr@U__crt_multibyte_data@@U__crt_internal_free_policy@@@@QEAAPEAU__crt_multibyte_data@@XZ 0000000140004c00 f i libucrtd:wsetlocale.obj
 0001:00003c00       ?detach@?$__crt_unique_heap_ptr@U__vcrt_ptd@@U__crt_internal_free_policy@@@@QEAAPEAU__vcrt_ptd@@XZ 0000000140004c00 f i libvcruntimed:per_thread_data.obj
 0001:00003c00       ?detach@?$__crt_unique_heap_ptr@U__acrt_ptd@@U__crt_internal_free_policy@@@@QEAAPEAU__acrt_ptd@@XZ 0000000140004c00 f i libucrtd:per_thread_data.obj
 0001:00003c00       ?detach@?$__crt_unique_heap_ptr@EU__crt_internal_free_policy@@@@QEAAPEAEXZ 0000000140004c00 f i libucrtd:argv_parsing.obj
 0001:00003c00       ?detach@?$__crt_unique_heap_ptr@PEAU__crt_stdio_stream_data@@U__crt_internal_free_policy@@@@QEAAPEAPEAU__crt_stdio_stream_data@@XZ 0000000140004c00 f i libucrtd:_file.obj
 0001:00003c00       ?detach@?$__crt_unique_heap_ptr@DU__crt_public_free_policy@@@@QEAAPEADXZ 0000000140004c00 f i libvcruntimed:std_exception.obj
 0001:00003c00       ?detach@?$__crt_unique_heap_ptr@P6AXXZU__crt_internal_free_policy@@@@QEAAPEAP6AXXZXZ 0000000140004c00 f i libucrtd:onexit.obj
 0001:00003c00       ?detach@?$__crt_unique_heap_ptr@U__crt_lowio_handle_data@@U__crt_internal_free_policy@@@@QEAAPEAU__crt_lowio_handle_data@@XZ 0000000140004c00 f i libucrtd:osfinfo.obj
 0001:00003c00       ?detach@?$__crt_unique_heap_ptr@PEADU__crt_internal_free_policy@@@@QEAAPEAPEADXZ 0000000140004c00 f i libucrtd:argv_parsing.obj
 0001:00003c70       __vcrt_freefls             0000000140004c70 f   libvcruntimed:per_thread_data.obj
 0001:00003cb0       __vcrt_getptd              0000000140004cb0 f   libvcruntimed:per_thread_data.obj
 0001:00003ce0       __vcrt_getptd_noexit       0000000140004ce0 f   libvcruntimed:per_thread_data.obj
 0001:00003e80       __vcrt_initialize_ptd      0000000140004e80 f   libvcruntimed:per_thread_data.obj
 0001:00003ed0       __vcrt_uninitialize_ptd    0000000140004ed0 f   libvcruntimed:per_thread_data.obj
 0001:00003f00       __vcrt_initialize_locks    0000000140004f00 f   libvcruntimed:locks.obj
 0001:00003f70       __vcrt_uninitialize_locks  0000000140004f70 f   libvcruntimed:locks.obj
 0001:00003fd0       _vsprintf_s_l              0000000140004fd0 f i libvcruntimed:undname.obj
 0001:00004040       sprintf_s                  0000000140005040 f i libvcruntimed:undname.obj
 0001:000040a0       ??$__crt_interlocked_exchange_pointer@UHINSTANCE__@@PEAU1@@@YAPEAUHINSTANCE__@@PEDSEAU0@QEAU0@@Z 00000001400050a0 f i libvcruntimed:winapi_downlevel.obj
 0001:000040a0       ??$__crt_interlocked_exchange_pointer@UHINSTANCE__@@PEAX@@YAPEAUHINSTANCE__@@PEDSEAU0@QEAX@Z 00000001400050a0 f i libvcruntimed:winapi_downlevel.obj
 0001:000040a0       ??$__crt_interlocked_exchange_pointer@XPEAX@@YAPEAXPEDSEAXQEAX@Z 00000001400050a0 f i libvcruntimed:winapi_downlevel.obj
 0001:000040c0       ?get_invalid_value@__crt_findfile_traits@@SAPEAXXZ 00000001400050c0 f   libucrtd:argv_wildcards.obj
 0001:000045b0       __vcrt_FlsAlloc            00000001400055b0 f   libvcruntimed:winapi_downlevel.obj
 0001:00004600       __vcrt_FlsFree             0000000140005600 f   libvcruntimed:winapi_downlevel.obj
 0001:00004650       __vcrt_FlsGetValue         0000000140005650 f   libvcruntimed:winapi_downlevel.obj
 0001:000046a0       __vcrt_FlsSetValue         00000001400056a0 f   libvcruntimed:winapi_downlevel.obj
 0001:00004700       __vcrt_InitializeCriticalSectionEx 0000000140005700 f   libvcruntimed:winapi_downlevel.obj
 0001:00004780       memcpy_repmovs             0000000140005780 f   libvcruntimed:memcpy.obj
 0001:000047a0       memcpy                     00000001400057a0 f   libvcruntimed:memcpy.obj
 0001:000047a0       memmove                    00000001400057a0 f   libvcruntimed:memcpy.obj
 0001:00004b80       ??$?0AEAViterator@TryBlockMap@__FrameHandler3@@AEAV012@$0A@@?$pair@Viterator@TryBlockMap@__FrameHandler3@@V123@@std@@QEAA@AEAViterator@TryBlockMap@__FrameHandler3@@0@Z 0000000140005b80 f i libvcruntimed:risctrnsctrl.obj
 0001:00004c90       ??$_CallSETranslator@V__FrameHandler3@@@@YAHPEAUEHExceptionRecord@@PEA_KPEAU_CONTEXT@@PEAU_xDISPATCHER_CONTEXT@@PEBU_s_FuncInfo@@K1H@Z 0000000140005c90 f i libvcruntimed:risctrnsctrl.obj
 0001:00004d20       ?debug_info@?$__crt_win32_buffer@DU__crt_win32_buffer_no_resizing@@@@QEBAAEBV__crt_win32_buffer_empty_debug_info@@XZ 0000000140005d20 f i libucrtd:getmodulefilenamea.obj
 0001:00004d20       ?dangerous_get_state_array@?$dual_state_global@PEAU__crt_locale_data@@@__crt_state_management@@QEAAPEAPEAU__crt_locale_data@@XZ 0000000140005d20 f i libucrtd:per_thread_data.obj
 0001:00004d20       ?get_address_of@?$__crt_unique_heap_ptr@PEADU__crt_internal_free_policy@@@@QEAAPEAPEAPEADXZ 0000000140005d20 f i libucrtd:argv_parsing.obj
 0001:00004d20       ??$forward@AEAViterator@TryBlockMap@__FrameHandler3@@@std@@YAAEAViterator@TryBlockMap@__FrameHandler3@@AEAV123@@Z 0000000140005d20 f i libvcruntimed:risctrnsctrl.obj
 0001:00004d20       ?dangerous_get_state_array@?$dual_state_global@P6AXPEB_W00I_K@Z@__crt_state_management@@QEAAPEAP6AXPEB_W00I_K@ZXZ 0000000140005d20 f i libucrtd:invalid_parameter.obj
 0001:00004d20       ?dangerous_get_state_array@?$dual_state_global@PEAU__crt_multibyte_data@@@__crt_state_management@@QEAAPEAPEAU__crt_multibyte_data@@XZ 0000000140005d20 f i libucrtd:mbctype.obj
 0001:00004d20       ?debug_info@?$__crt_win32_buffer@_WU__crt_win32_buffer_internal_dynamic_resizing@@@@QEBAAEBV__crt_win32_buffer_empty_debug_info@@XZ 0000000140005d20 f i libucrtd:argv_wildcards.obj
 0001:00004d20       ?get_address_of@?$__crt_unique_handle_t@U__crt_hmodule_traits@@@@QEAAPEAPEAUHINSTANCE__@@XZ 0000000140005d20 f i libucrtd:exit.obj
 0001:00004d20       ?dangerous_get_state_array@?$dual_state_global@PEAE@__crt_state_management@@QEAAPEAPEAEXZ 0000000140005d20 f i libucrtd:mbctype.obj
 0001:00004d20       ?debug_info@?$__crt_win32_buffer@DU__crt_win32_buffer_internal_dynamic_resizing@@@@QEBAAEBV__crt_win32_buffer_empty_debug_info@@XZ 0000000140005d20 f i libucrtd:argv_wildcards.obj
 0001:00004d30       ??0iterator@HandlerMap@__FrameHandler3@@QEAA@AEAV12@I@Z 0000000140005d30 f i libvcruntimed:frame.obj
 0001:00004d30       ??0iterator@TryBlockMap@__FrameHandler3@@QEAA@AEAV12@I@Z 0000000140005d30 f i libvcruntimed:risctrnsctrl.obj
 0001:00004d60       ?CatchTryBlock@__FrameHandler3@@SAPEBU_s_TryBlockMapEntry@@PEBU_s_FuncInfo@@H@Z 0000000140005d60 f   libvcruntimed:risctrnsctrl.obj
 0001:00004df0       ?ExecutionInCatch@__FrameHandler3@@SA_NPEAU_xDISPATCHER_CONTEXT@@PEBU_s_FuncInfo@@@Z 0000000140005df0 f   libvcruntimed:risctrnsctrl.obj
 0001:00004e40       ?FrameUnwindToEmptyState@__FrameHandler3@@SAXPEA_KPEAU_xDISPATCHER_CONTEXT@@PEBU_s_FuncInfo@@@Z 0000000140005e40 f   libvcruntimed:risctrnsctrl.obj
 0001:00004ee0       ?GetEstablisherFrame@__FrameHandler3@@SAPEA_KPEA_KPEAU_xDISPATCHER_CONTEXT@@PEBU_s_FuncInfo@@0@Z 0000000140005ee0 f   libvcruntimed:risctrnsctrl.obj
 0001:00005050       ?GetRangeOfTrysToCheck@__FrameHandler3@@SA?AU?$pair@Viterator@TryBlockMap@__FrameHandler3@@V123@@std@@AEAVTryBlockMap@1@HPEAU_xDISPATCHER_CONTEXT@@PEBU_s_FuncInfo@@H@Z 0000000140006050 f   libvcruntimed:risctrnsctrl.obj
 0001:00005290       ?UnwindNestedFrames@__FrameHandler3@@SAXPEA_KPEAUEHExceptionRecord@@PEAU_CONTEXT@@0PEAXPEBU_s_FuncInfo@@HHPEBU_s_HandlerType@@PEAU_xDISPATCHER_CONTEXT@@E@Z 0000000140006290 f   libvcruntimed:risctrnsctrl.obj
 0001:00005400       _CreateFrameInfo           0000000140006400 f   libvcruntimed:risctrnsctrl.obj
 0001:00005470       _FindAndUnlinkFrame        0000000140006470 f   libvcruntimed:risctrnsctrl.obj
 0001:000054f0       _GetImageBase              00000001400064f0 f   libvcruntimed:risctrnsctrl.obj
 0001:00005510       _GetThrowImageBase         0000000140006510 f   libvcruntimed:risctrnsctrl.obj
 0001:00005530       _SetImageBase              0000000140006530 f   libvcruntimed:risctrnsctrl.obj
 0001:00005550       _SetThrowImageBase         0000000140006550 f   libvcruntimed:risctrnsctrl.obj
 0001:00005570       __CxxFrameHandler3         0000000140006570 f   libvcruntimed:risctrnsctrl.obj
 0001:00005650       ?GetCurrentState@__FrameHandler3@@SAHPEA_KPEAU_xDISPATCHER_CONTEXT@@PEBU_s_FuncInfo@@@Z 0000000140006650 f   libvcruntimed:ehstate.obj
 0001:000056b0       ?GetUnwindTryBlock@__FrameHandler3@@SAHPEA_KPEAU_xDISPATCHER_CONTEXT@@PEBU_s_FuncInfo@@@Z 00000001400066b0 f   libvcruntimed:ehstate.obj
 0001:00005700       ?SetState@__FrameHandler3@@SAXPEA_KPEBU_s_FuncInfo@@H@Z 0000000140006700 f   libvcruntimed:ehstate.obj
 0001:00005730       ?SetUnwindTryBlock@__FrameHandler3@@SAXPEA_KPEAU_xDISPATCHER_CONTEXT@@PEBU_s_FuncInfo@@H@Z 0000000140006730 f   libvcruntimed:ehstate.obj
 0001:000057a0       ?StateFromControlPc@__FrameHandler3@@SAHPEBU_s_FuncInfo@@PEAU_xDISPATCHER_CONTEXT@@@Z 00000001400067a0 f   libvcruntimed:ehstate.obj
 0001:000057e0       ?StateFromIp@__FrameHandler3@@SAHPEBU_s_FuncInfo@@PEAU_xDISPATCHER_CONTEXT@@_K@Z 00000001400067e0 f   libvcruntimed:ehstate.obj
 0001:000058d0       ?__RVAtoRealOffset@@YA_KPEAU_xDISPATCHER_CONTEXT@@H@Z 00000001400068d0 f i libvcruntimed:ehstate.obj
 0001:00006ab0       ??$TypeMatchHelper@V__FrameHandler3@@@@YAHPEBU_s_HandlerType@@PEBU_s_CatchableType@@PEBU_s_ThrowInfo@@@Z 0000000140007ab0 f i libvcruntimed:frame.obj
 0001:00006cb0       ??$__InternalCxxFrameHandler@V__FrameHandler3@@@@YA?AW4_EXCEPTION_DISPOSITION@@PEAUEHExceptionRecord@@PEA_KPEAU_CONTEXT@@PEAU_xDISPATCHER_CONTEXT@@PEBU_s_FuncInfo@@H1E@Z 0000000140007cb0 f i libvcruntimed:frame.obj
 0001:00007120       ??0HandlerMap@__FrameHandler3@@QEAA@PEBU_s_TryBlockMapEntry@@_KI@Z 0000000140008120 f i libvcruntimed:frame.obj
 0001:00007170       ??0TryBlockMap@__FrameHandler3@@QEAA@PEBU_s_FuncInfo@@_K@Z 0000000140008170 f i libvcruntimed:frame.obj
 0001:000071a0       ??0bad_exception@std@@QEAA@AEBV01@@Z 00000001400081a0 f i libvcruntimed:frame.obj
 0001:000071e0       ??0bad_exception@std@@QEAA@XZ 00000001400081e0 f i libvcruntimed:frame.obj
 0001:00007220       ??0exception@std@@QEAA@AEBV01@@Z 0000000140008220 f i libvcruntimed:frame.obj
 0001:00007280       ??0exception@std@@QEAA@QEBDH@Z 0000000140008280 f i libvcruntimed:frame.obj
 0001:000072d0       ??1bad_exception@std@@UEAA@XZ 00000001400082d0 f i libvcruntimed:frame.obj
 0001:000072f0       ??1exception@std@@UEAA@XZ  00000001400082f0 f i libvcruntimed:frame.obj
 0001:00007320       ??8iterator@HandlerMap@__FrameHandler3@@QEBA_NAEBV012@@Z 0000000140008320 f i libvcruntimed:frame.obj
 0001:00007360       ??8type_info@@QEBA_NAEBV0@@Z 0000000140008360 f i libvcruntimed:frame.obj
 0001:000073b0       ??9iterator@HandlerMap@__FrameHandler3@@QEBA_NAEBV012@@Z 00000001400083b0 f i libvcruntimed:frame.obj
 0001:000073f0       ??Diterator@HandlerMap@__FrameHandler3@@QEAA?BU_s_HandlerType@@XZ 00000001400083f0 f i libvcruntimed:frame.obj
 0001:00007430       ??Diterator@TryBlockMap@__FrameHandler3@@QEAA?BU_s_TryBlockMapEntry@@XZ 0000000140008430 f i libvcruntimed:frame.obj
 0001:00007480       ??Eiterator@TryBlockMap@__FrameHandler3@@QEAAAEAV012@XZ 0000000140008480 f i libvcruntimed:frame.obj
 0001:00007480       ??Eiterator@HandlerMap@__FrameHandler3@@QEAAAEAV012@XZ 0000000140008480 f i libvcruntimed:frame.obj
 0001:000074a0       ??Miterator@TryBlockMap@__FrameHandler3@@QEBA_NAEBV012@@Z 00000001400084a0 f i libvcruntimed:frame.obj
 0001:000074e0       ??_Ebad_exception@std@@UEAAPEAXI@Z 00000001400084e0 f i libvcruntimed:frame.obj
 0001:000074e0       ??_Gbad_exception@std@@UEAAPEAXI@Z 00000001400084e0 f i libvcruntimed:frame.obj
 0001:00007520       ??_Gexception@std@@UEAAPEAXI@Z 0000000140008520 f i libvcruntimed:frame.obj
 0001:00007520       ??_Eexception@std@@UEAAPEAXI@Z 0000000140008520 f i libvcruntimed:frame.obj
 0001:00007560       ?BuildCatchObject@__FrameHandler3@@SAXPEAUEHExceptionRecord@@PEAXPEBU_s_HandlerType@@PEBU_s_CatchableType@@@Z 0000000140008560 f   libvcruntimed:frame.obj
 0001:000075a0       ?CxxCallCatchBlock@__FrameHandler3@@SAPEAXPEAU_EXCEPTION_RECORD@@@Z 00000001400085a0 f   libvcruntimed:frame.obj
 0001:00007900       ?FrameUnwindToState@__FrameHandler3@@SAXPEA_KPEAU_xDISPATCHER_CONTEXT@@PEBU_s_FuncInfo@@H@Z 0000000140008900 f   libvcruntimed:frame.obj
 0001:00007b50       ?GetHandlerSearchState@__FrameHandler3@@SAHPEA_KPEAU_xDISPATCHER_CONTEXT@@PEBU_s_FuncInfo@@@Z 0000000140008b50 f i libvcruntimed:frame.obj
 0001:00007c00       ?GetMaxState@__FrameHandler3@@SAHPEAU_xDISPATCHER_CONTEXT@@PEBU_s_FuncInfo@@@Z 0000000140008c00 f i libvcruntimed:frame.obj
 0001:00007e00       __TypeMatch                0000000140008e00 f   libvcruntimed:frame.obj
 0001:00007e00       ?TypeMatch@__FrameHandler3@@SAHPEBU_s_HandlerType@@PEBU_s_CatchableType@@PEBU_s_ThrowInfo@@@Z 0000000140008e00 f   libvcruntimed:frame.obj
 0001:00007e30       ?_CallMemberFunction1@@YAXQEAX00@Z 0000000140008e30 f i libvcruntimed:frame.obj
 0001:00007e70       ?_CallMemberFunction2@@YAXQEAX00H@Z 0000000140008e70 f i libvcruntimed:frame.obj
 0001:00007f00       ?begin@HandlerMap@__FrameHandler3@@QEAA?AViterator@12@XZ 0000000140008f00 f i libvcruntimed:frame.obj
 0001:00007f30       ?end@HandlerMap@__FrameHandler3@@QEAA?AViterator@12@XZ 0000000140008f30 f i libvcruntimed:frame.obj
 0001:00007f60       ?getESTypes@__FrameHandler3@@SAPEBU_s_ESTypeList@@PEBU_s_FuncInfo@@@Z 0000000140008f60 f i libvcruntimed:frame.obj
 0001:00007fa0       ?getLastEntry@HandlerMap@__FrameHandler3@@QEAAPEBU_s_HandlerType@@XZ 0000000140008fa0 f i libvcruntimed:frame.obj
 0001:00007fc0       ?getMagicNum@__FrameHandler3@@SAIPEBU_s_FuncInfo@@@Z 0000000140008fc0 f i libvcruntimed:frame.obj
 0001:00007fe0       ?getNumTryBlocks@TryBlockMap@__FrameHandler3@@QEAAIXZ 0000000140008fe0 f i libvcruntimed:frame.obj
 0001:00008000       ?isEHs@__FrameHandler3@@SA_NPEBU_s_FuncInfo@@@Z 0000000140009000 f i libvcruntimed:frame.obj
 0001:00008040       ?isNoExcept@__FrameHandler3@@SA_NPEBU_s_FuncInfo@@@Z 0000000140009040 f i libvcruntimed:frame.obj
 0001:00008080       ?what@exception@std@@UEBAPEBDXZ 0000000140009080 f i libvcruntimed:frame.obj
 0001:000080c0       __vcrt_EncodePointer       00000001400090c0 f i libvcruntimed:frame.obj
 0001:000080f0       memset_repmovs             00000001400090f0 f   libvcruntimed:memset.obj
 0001:00008110       memset                     0000000140009110 f   libvcruntimed:memset.obj
 0001:000082b0       _CallSettingFrame          00000001400092b0 f   libvcruntimed:handlers.obj
 0001:00008300       _CallSettingFrame_LookupContinuationIndex 0000000140009300 f   libvcruntimed:handlers.obj
 0001:00008330       _CallSettingFrame_NotifyContinuationAddr 0000000140009330 f   libvcruntimed:handlers.obj
 0001:00008360       _CallSettingFrameEncoded   0000000140009360 f   libvcruntimed:handlers.obj
 0001:000083b0       ??$?RD@__crt_public_free_policy@@QEBAXQEBD@Z 00000001400093b0 f i libvcruntimed:std_exception.obj
 0001:000083d0       ??1?$__crt_unique_heap_ptr@DU__crt_public_free_policy@@@@QEAA@XZ 00000001400093d0 f i libvcruntimed:std_exception.obj
 0001:000083f0       ?release@?$__crt_unique_heap_ptr@DU__crt_public_free_policy@@@@QEAAXXZ 00000001400093f0 f i libvcruntimed:std_exception.obj
 0001:00008420       __std_exception_copy       0000000140009420 f   libvcruntimed:std_exception.obj
 0001:00008560       __std_exception_destroy    0000000140009560 f   libvcruntimed:std_exception.obj
 0001:000085a0       _CxxThrowException         00000001400095a0 f   libvcruntimed:throw.obj
 0001:00008740       _seh_filter_exe            0000000140009740 f   libucrtd:exception_filter.obj
 0001:00008bb0       __acrt_report_runtime_error 0000000140009bb0 f   libucrtd:report_runtime_error.obj
 0001:00008e30       _invoke_watson_if_error    0000000140009e30 f i libucrtd:report_runtime_error.obj
 0001:00008e80       _query_app_type            0000000140009e80 f   libucrtd:report_runtime_error.obj
 0001:00008e90       _set_app_type              0000000140009e90 f   libucrtd:report_runtime_error.obj
 0001:00008ea0       ??$__crt_fast_decode_pointer@P6AXH@Z@@YAP6AXH@ZQ6AXH@Z@Z 0000000140009ea0 f i libucrtd:signal.obj
 0001:00008ea0       ??$__crt_fast_decode_pointer@P6AXPEB_W00I_K@Z@@YAP6AXPEB_W00I_K@ZQ6AX000I1@Z@Z 0000000140009ea0 f i libucrtd:invalid_parameter.obj
 0001:00008ea0       ??$__crt_fast_decode_pointer@P6AH_K@Z@@YAP6AH_K@ZQ6AH0@Z@Z 0000000140009ea0 f i libucrtd:new_handler.obj
 0001:00008ea0       ??$__crt_fast_decode_pointer@PEAP6AXXZ@@YAPEAP6AXXZQEAP6AXXZ@Z 0000000140009ea0 f i libucrtd:onexit.obj
 0001:00008ea0       ??$__crt_fast_decode_pointer@P6AXXZ@@YAP6AXXZQ6AXXZ@Z 0000000140009ea0 f i libucrtd:onexit.obj
 0001:00008ea0       ??$__crt_fast_decode_pointer@P6AXPEAXK0@Z@@YAP6AXPEAXK0@ZQ6AX0K0@Z@Z 0000000140009ea0 f i libucrtd:exit.obj
 0001:00008ea0       ??$__crt_fast_decode_pointer@PEAX@@YAPEAXQEAX@Z 0000000140009ea0 f i libucrtd:winapi_thunks.obj
 0001:00008ea0       ??$__crt_fast_decode_pointer@P6AHPEAU_exception@@@Z@@YAP6AHPEAU_exception@@@ZQ6AH0@Z@Z 0000000140009ea0 f i libucrtd:matherr.obj
 0001:00008ee0       ??$__crt_fast_encode_pointer@PEAP6AXXZ@@YAPEAP6AXXZQEAP6AXXZ@Z 0000000140009ee0 f i libucrtd:onexit.obj
 0001:00008ee0       ??$__crt_fast_encode_pointer@P6AHXZ@@YAP6AHXZQ6AHXZ@Z 0000000140009ee0 f i libucrtd:onexit.obj
 0001:00008ee0       ??$__crt_fast_encode_pointer@P6AXH@Z@@YAP6AXH@ZQ6AXH@Z@Z 0000000140009ee0 f i libucrtd:signal.obj
 0001:00008ee0       ??$__crt_fast_encode_pointer@P6AXPEAXK0@Z@@YAP6AXPEAXK0@ZQ6AX0K0@Z@Z 0000000140009ee0 f i libucrtd:exit.obj
 0001:00008ee0       ??$__crt_fast_encode_pointer@P6AHPEAU_exception@@@Z@@YAP6AHPEAU_exception@@@ZQ6AH0@Z@Z 0000000140009ee0 f i libucrtd:matherr.obj
 0001:00008ee0       ??$__crt_fast_encode_pointer@P6AXXZ@@YAP6AXXZQ6AXXZ@Z 0000000140009ee0 f i libucrtd:onexit.obj
 0001:00008ee0       ??$__crt_fast_encode_pointer@PEAX@@YAPEAXQEAX@Z 0000000140009ee0 f i libucrtd:initialization.obj
 0001:00008f20       ?__crt_rotate_pointer_value@@YA_K_KH@Z 0000000140009f20 f i libucrtd:matherr.obj
 0001:00008f40       ?initialize@?$dual_state_global@PEAU__crt_locale_data@@@__crt_state_management@@QEAAXQEAU__crt_locale_data@@@Z 0000000140009f40 f i libucrtd:initialization.obj
 0001:00008f40       ?initialize@?$dual_state_global@P6AH_K@Z@__crt_state_management@@QEAAXQ6AH_K@Z@Z 0000000140009f40 f i libucrtd:new_handler.obj
 0001:00008f40       ?initialize@?$dual_state_global@P6AHPEAU_exception@@@Z@__crt_state_management@@QEAAXQ6AHPEAU_exception@@@Z@Z 0000000140009f40 f i libucrtd:matherr.obj
 0001:00008f40       ?initialize@?$dual_state_global@PEAU__crt_multibyte_data@@@__crt_state_management@@QEAAXQEAU__crt_multibyte_data@@@Z 0000000140009f40 f i libucrtd:mbctype.obj
 0001:00008f40       ?initialize@?$dual_state_global@P6AXH@Z@__crt_state_management@@QEAAXQ6AXH@Z@Z 0000000140009f40 f i libucrtd:signal.obj
 0001:00008f90       ?value@?$dual_state_global@P6AXH@Z@__crt_state_management@@QEAAAEAP6AXH@ZXZ 0000000140009f90 f i libucrtd:signal.obj
 0001:00008f90       ?value@?$dual_state_global@PEAE@__crt_state_management@@QEAAAEAPEAEXZ 0000000140009f90 f i libucrtd:mbctype.obj
 0001:00008f90       ?value@?$dual_state_global@P6AHPEAU_exception@@@Z@__crt_state_management@@QEAAAEAP6AHPEAU_exception@@@ZXZ 0000000140009f90 f i libucrtd:matherr.obj
 0001:00008f90       ?value@?$dual_state_global@P6AH_K@Z@__crt_state_management@@QEAAAEAP6AH_K@ZXZ 0000000140009f90 f i libucrtd:new_handler.obj
 0001:00008f90       ?value@?$dual_state_global@PEAU__crt_locale_data@@@__crt_state_management@@QEAAAEAPEAU__crt_locale_data@@XZ 0000000140009f90 f i libucrtd:wsetlocale.obj
 0001:00008f90       ?value@?$dual_state_global@P6AXPEB_W00I_K@Z@__crt_state_management@@QEAAAEAP6AXPEB_W00I_K@ZXZ 0000000140009f90 f i libucrtd:invalid_parameter.obj
 0001:00008f90       ?value@?$dual_state_global@PEAU__crt_multibyte_data@@@__crt_state_management@@QEAAAEAPEAU__crt_multibyte_data@@XZ 0000000140009f90 f i libucrtd:mbctype.obj
 0001:00008fb0       __acrt_has_user_matherr    0000000140009fb0 f   libucrtd:matherr.obj
 0001:00008ff0       __acrt_initialize_user_matherr 0000000140009ff0 f   libucrtd:matherr.obj
 0001:00009010       __acrt_invoke_user_matherr 000000014000a010 f   libucrtd:matherr.obj
 0001:00009060       __setusermatherr           000000014000a060 f   libucrtd:matherr.obj
 0001:00009430       ??$get_module_file_name@$$TAEAY0BAF@DH@?$__crt_char_traits@D@@SAK$$QEA$$TAEAY0BAF@D$$QEAH@Z 000000014000a430 f i libucrtd:argv_parsing.obj
 0001:00009430       ??$get_module_file_name@AEAPEAUHINSTANCE__@@AEAY0BAF@DK@?$__crt_char_traits@D@@SAKAEAPEAUHINSTANCE__@@AEAY0BAF@D$$QEAK@Z 000000014000a430 f i libucrtd:dbgrpt.obj
 0001:00009900       ??$set_program_name@PEAD@?$__crt_char_traits@D@@SAX$$QEAPEAD@Z 000000014000a900 f i libucrtd:argv_parsing.obj
 0001:00009a30       __acrt_allocate_buffer_for_argv 000000014000aa30 f   libucrtd:argv_parsing.obj
 0001:00009b50       _configure_narrow_argv     000000014000ab50 f   libucrtd:argv_parsing.obj
 0001:00009b70       _set_pgmptr                000000014000ab70 f i libucrtd:argv_parsing.obj
 0001:00009da0       ??$tcslen@AEAPEAD@?$__crt_char_traits@D@@SA_KAEAPEAD@Z 000000014000ada0 f i libucrtd:environment_initialization.obj
 0001:00009dec       ??B?$__crt_unique_heap_ptr@PEADU__crt_internal_free_policy@@@@QEBA_NXZ 000000014000adec f i libucrtd:environment_initialization.obj
 0001:00009df4       ?detach@?$__crt_unique_heap_ptr@DU__crt_internal_free_policy@@@@QEAAPEADXZ 000000014000adf4 f i libucrtd:environment_initialization.obj
 0001:00009dfc       __dcrt_uninitialize_environments_nolock 000000014000adfc f   libucrtd:environment_initialization.obj
 0001:00009e34       _initialize_narrow_environment 000000014000ae34 f   libucrtd:environment_initialization.obj
 0001:00009f80       _get_narrow_winmain_command_line 000000014000af80 f   libucrtd:argv_winmain.obj
 0001:00009f90       _initterm                  000000014000af90 f   libucrtd:initterm.obj
 0001:00009ff0       _initterm_e                000000014000aff0 f   libucrtd:initterm.obj
 0001:0000a070       ??$?B$$A6AXXZ@__crt_fast_encoded_nullptr_t@@QEBAP6AXXZXZ 000000014000b070 f i libucrtd:onexit.obj
 0001:0000a070       ??$?BX@__crt_fast_encoded_nullptr_t@@QEBAPEAXXZ 000000014000b070 f i libucrtd:initialization.obj
 0001:0000a070       ??$?BP6AXXZ@__crt_fast_encoded_nullptr_t@@QEBAPEAP6AXXZXZ 000000014000b070 f i libucrtd:onexit.obj
 0001:0000a070       ??$?B$$A6AXH@Z@__crt_fast_encoded_nullptr_t@@QEBAP6AXH@ZXZ 000000014000b070 f i libucrtd:signal.obj
 0001:0000a070       ??$?B$$A6AXPEAXK0@Z@__crt_fast_encoded_nullptr_t@@QEBAP6AXPEAXK0@ZXZ 000000014000b070 f i libucrtd:exit.obj
 0001:0000a120       ??$__crt_get_proc_address@P6AXI@Z@@YAP6AXI@ZQEAUHINSTANCE__@@QEBD@Z 000000014000b120 f i libucrtd:exit.obj
 0001:0000a150       ??$__crt_interlocked_read@J@@YAJPEDJ@Z 000000014000b150 f i libucrtd:exit.obj
 0001:0000a1e0       ??1?$__crt_unique_handle_t@U__crt_hmodule_traits@@@@QEAA@XZ 000000014000b1e0 f i libucrtd:exit.obj
 0001:0000a340       ?__acrt_select_exit_lock@@YA?AW4__acrt_lock_id@@XZ 000000014000b340 f i libucrtd:exit.obj
 0001:0000a350       ?__crt_fast_encode_pointer@@YA?AU__crt_fast_encoded_nullptr_t@@$$T@Z 000000014000b350 f i libucrtd:exit.obj
 0001:0000a370       ?__crt_interlocked_read_32@@YAHPEDH@Z 000000014000b370 f i libucrtd:exit.obj
 0001:0000a3b0       ?close@?$__crt_unique_handle_t@U__crt_hmodule_traits@@@@QEAAXXZ 000000014000b3b0 f i libucrtd:exit.obj
 0001:0000a3f0       ?close@__crt_hmodule_traits@@SA_NPEAUHINSTANCE__@@@Z 000000014000b3f0 f i libucrtd:exit.obj
 0001:0000a6b0       __acrt_initialize_thread_local_exit_callback 000000014000b6b0 f   libucrtd:exit.obj
 0001:0000a6d0       _c_exit                    000000014000b6d0 f   libucrtd:exit.obj
 0001:0000a6f0       _cexit                     000000014000b6f0 f   libucrtd:exit.obj
 0001:0000a710       _exit                      000000014000b710 f   libucrtd:exit.obj
 0001:0000a730       _register_thread_local_exe_atexit_callback 000000014000b730 f   libucrtd:exit.obj
 0001:0000a780       exit                       000000014000b780 f   libucrtd:exit.obj
 0001:0000a7a0       ?value@?$dual_state_global@J@__crt_state_management@@QEAAAEAJXZ 000000014000b7a0 f i libucrtd:new_mode.obj
 0001:0000a7a0       ?value@?$dual_state_global@H@__crt_state_management@@QEAAAEAHXZ 000000014000b7a0 f i libucrtd:setmode.obj
 0001:0000a7c0       _set_fmode                 000000014000b7c0 f   libucrtd:setmode.obj
 0001:0000aa00       __acrt_set_locale_changed  000000014000ba00 f   libucrtd:wsetlocale.obj
 0001:0000aa10       __acrt_uninitialize_locale 000000014000ba10 f   libucrtd:wsetlocale.obj
 0001:0000aa40       __ascii_tolower            000000014000ba40 f i libucrtd:wsetlocale.obj
 0001:0000aa60       __ascii_towlower           000000014000ba60 f i libucrtd:wsetlocale.obj
 0001:0000aa80       _configthreadlocale        000000014000ba80 f   libucrtd:wsetlocale.obj
 0001:0000abe0       _query_new_mode            000000014000bbe0 f   libucrtd:new_mode.obj
 0001:0000ac00       _set_new_mode              000000014000bc00 f   libucrtd:new_mode.obj
 0001:0000acd0       __p__commode               000000014000bcd0 f   libucrtd:ncommode.obj
 0001:0000b360       _crt_atexit                000000014000c360 f   libucrtd:onexit.obj
 0001:0000b380       _execute_onexit_table      000000014000c380 f   libucrtd:onexit.obj
 0001:0000b3c0       _initialize_onexit_table   000000014000c3c0 f   libucrtd:onexit.obj
 0001:0000b440       _register_onexit_function  000000014000c440 f   libucrtd:onexit.obj
 0001:0000b4d0       __acrt_uninitialize_command_line 000000014000c4d0 f   libucrtd:argv_data.obj
 0001:0000b730       __acrt_initialize          000000014000c730 f   libucrtd:initialization.obj
 0001:0000b760       __acrt_uninitialize        000000014000c760 f   libucrtd:initialization.obj
 0001:0000b790       terminate                  000000014000c790 f   libucrtd:terminate.obj
 0001:0000b7d0       ??0_LocaleUpdate@@QEAA@QEAU__crt_locale_pointers@@@Z 000000014000c7d0 f i libucrtd:debug_heap.obj
 0001:0000b8f0       ??1_LocaleUpdate@@QEAA@XZ  000000014000c8f0 f i libucrtd:debug_heap.obj
 0001:0000b930       ?GetLocaleT@_LocaleUpdate@@QEAAPEAU__crt_locale_pointers@@XZ 000000014000c930 f i libucrtd:debug_heap.obj
 0001:0000d910       _CrtCheckMemory            000000014000e910 f   libucrtd:debug_heap.obj
 0001:0000daa0       _CrtDumpMemoryLeaks        000000014000eaa0 f   libucrtd:debug_heap.obj
 0001:0000db60       _CrtIsValidHeapPointer     000000014000eb60 f   libucrtd:debug_heap.obj
 0001:0000dba0       _CrtIsValidPointer         000000014000eba0 f   libucrtd:debug_heap.obj
 0001:0000dbe0       _CrtMemCheckpoint          000000014000ebe0 f   libucrtd:debug_heap.obj
 0001:0000de60       _CrtMemDumpAllObjectsSince 000000014000ee60 f   libucrtd:debug_heap.obj
 0001:0000dec0       _CrtSetDbgFlag             000000014000eec0 f   libucrtd:debug_heap.obj
 0001:0000e020       _CrtSetDumpClient          000000014000f020 f   libucrtd:debug_heap.obj
 0001:0000e050       __acrt_get_locale_data_prefix 000000014000f050 f i libucrtd:debug_heap.obj
 0001:0000e070       __acrt_locale_changed      000000014000f070 f i libucrtd:debug_heap.obj
 0001:0000e0a0       _calloc_dbg                000000014000f0a0 f   libucrtd:debug_heap.obj
 0001:0000e140       _chvalidchk_l              000000014000f140 f i libucrtd:debug_heap.obj
 0001:0000e170       _free_dbg                  000000014000f170 f   libucrtd:debug_heap.obj
 0001:0000e1e0       _invoke_watson_if_oneof    000000014000f1e0 f i libucrtd:debug_heap.obj
 0001:0000e240       _ischartype_l              000000014000f240 f i libucrtd:debug_heap.obj
 0001:0000e2d0       _malloc_dbg                000000014000f2d0 f   libucrtd:debug_heap.obj
 0001:0000e310       _msize_dbg                 000000014000f310 f   libucrtd:debug_heap.obj
 0001:0000e4b0       _realloc_dbg               000000014000f4b0 f   libucrtd:debug_heap.obj
 0001:0000e520       _recalloc_dbg              000000014000f520 f   libucrtd:debug_heap.obj
 0001:0000eaf0       strcpy_s                   000000014000faf0 f   libucrtd:strcpy_s.obj
 0001:0000eb30       strcmp                     000000014000fb30 f   libucrtd:strcmp.obj
 0001:0000ebb0       strlen                     000000014000fbb0 f   libucrtd:strlen.obj
 0001:0000ec60       abort                      000000014000fc60 f   libucrtd:abort.obj
 0001:0000ece0       ??$?0AEBV?$string_output_adapter@D@__crt_stdio_output@@AEB_KAEBQEBDAEBQEAU__crt_locale_pointers@@AEBQEAD@?$format_validation_base@DV?$string_output_adapter@D@__crt_stdio_output@@@__crt_stdio_output@@IEAA@AEBV?$string_output_adapter@D@1@AEB_KAEBQEBDAEBQEAU__crt_locale_pointers@@AEBQEAD@Z 000000014000fce0 f i libucrtd:output.obj
 0001:0000ed30       ??$?0AEBV?$string_output_adapter@D@__crt_stdio_output@@AEB_KAEBQEBDAEBQEAU__crt_locale_pointers@@AEBQEAD@?$standard_base@DV?$string_output_adapter@D@__crt_stdio_output@@@__crt_stdio_output@@IEAA@AEBV?$string_output_adapter@D@1@AEB_KAEBQEBDAEBQEAU__crt_locale_pointers@@AEBQEAD@Z 000000014000fd30 f i libucrtd:output.obj
 0001:0000eda0       ??$?0AEBV?$string_output_adapter@_W@__crt_stdio_output@@AEB_KAEBQEB_WAEBQEAU__crt_locale_pointers@@AEBQEAD@?$format_validation_base@_WV?$string_output_adapter@_W@__crt_stdio_output@@@__crt_stdio_output@@IEAA@AEBV?$string_output_adapter@_W@1@AEB_KAEBQEB_WAEBQEAU__crt_locale_pointers@@AEBQEAD@Z 000000014000fda0 f i libucrtd:output.obj
 0001:0000edf0       ??$?0AEBV?$string_output_adapter@_W@__crt_stdio_output@@AEB_KAEBQEB_WAEBQEAU__crt_locale_pointers@@AEBQEAD@?$standard_base@_WV?$string_output_adapter@_W@__crt_stdio_output@@@__crt_stdio_output@@IEAA@AEBV?$string_output_adapter@_W@1@AEB_KAEBQEB_WAEBQEAU__crt_locale_pointers@@AEBQEAD@Z 000000014000fdf0 f i libucrtd:output.obj
 0001:00010770       ??$count@D@formatting_buffer@__crt_stdio_output@@QEBA_KXZ 0000000140011770 f i libucrtd:output.obj
 0001:000107c0       ??$count@_W@formatting_buffer@__crt_stdio_output@@QEBA_KXZ 00000001400117c0 f i libucrtd:output.obj
 0001:00010810       ??$data@_W@formatting_buffer@__crt_stdio_output@@QEAAPEA_WXZ 0000000140011810 f i libucrtd:output.obj
 0001:00010810       ??$data@D@formatting_buffer@__crt_stdio_output@@QEAAPEADXZ 0000000140011810 f i libucrtd:output.obj
 0001:00010860       ??$ensure_buffer_is_big_enough@D@formatting_buffer@__crt_stdio_output@@QEAA_N_K@Z 0000000140011860 f i libucrtd:output.obj
 0001:00010990       ??$ensure_buffer_is_big_enough@_W@formatting_buffer@__crt_stdio_output@@QEAA_N_K@Z 0000000140011990 f i libucrtd:output.obj
 0001:00010ac0       ??$extract_argument_from_va_list@C_J@?$standard_base@_WV?$string_output_adapter@_W@__crt_stdio_output@@@__crt_stdio_output@@IEAA_NAEA_J@Z 0000000140011ac0 f i libucrtd:output.obj
 0001:00010ac0       ??$extract_argument_from_va_list@C_J@?$standard_base@DV?$string_output_adapter@D@__crt_stdio_output@@@__crt_stdio_output@@IEAA_NAEA_J@Z 0000000140011ac0 f i libucrtd:output.obj
 0001:00010b00       ??$extract_argument_from_va_list@E_J@?$standard_base@DV?$string_output_adapter@D@__crt_stdio_output@@@__crt_stdio_output@@IEAA_NAEA_J@Z 0000000140011b00 f i libucrtd:output.obj
 0001:00010b00       ??$extract_argument_from_va_list@E_J@?$standard_base@_WV?$string_output_adapter@_W@__crt_stdio_output@@@__crt_stdio_output@@IEAA_NAEA_J@Z 0000000140011b00 f i libucrtd:output.obj
 0001:00010b40       ??$extract_argument_from_va_list@F_J@?$standard_base@DV?$string_output_adapter@D@__crt_stdio_output@@@__crt_stdio_output@@IEAA_NAEA_J@Z 0000000140011b40 f i libucrtd:output.obj
 0001:00010b40       ??$extract_argument_from_va_list@F_J@?$standard_base@_WV?$string_output_adapter@_W@__crt_stdio_output@@@__crt_stdio_output@@IEAA_NAEA_J@Z 0000000140011b40 f i libucrtd:output.obj
 0001:00010b80       ??$extract_argument_from_va_list@GD@?$standard_base@DV?$string_output_adapter@D@__crt_stdio_output@@@__crt_stdio_output@@IEAA_NAEAD@Z 0000000140011b80 f i libucrtd:output.obj
 0001:00010bb0       ??$extract_argument_from_va_list@G_J@?$standard_base@DV?$string_output_adapter@D@__crt_stdio_output@@@__crt_stdio_output@@IEAA_NAEA_J@Z 0000000140011bb0 f i libucrtd:output.obj
 0001:00010bb0       ??$extract_argument_from_va_list@G_J@?$standard_base@_WV?$string_output_adapter@_W@__crt_stdio_output@@@__crt_stdio_output@@IEAA_NAEA_J@Z 0000000140011bb0 f i libucrtd:output.obj
 0001:00010bf0       ??$extract_argument_from_va_list@H_J@?$standard_base@_WV?$string_output_adapter@_W@__crt_stdio_output@@@__crt_stdio_output@@IEAA_NAEA_J@Z 0000000140011bf0 f i libucrtd:output.obj
 0001:00010bf0       ??$extract_argument_from_va_list@H_J@?$standard_base@DV?$string_output_adapter@D@__crt_stdio_output@@@__crt_stdio_output@@IEAA_NAEA_J@Z 0000000140011bf0 f i libucrtd:output.obj
 0001:00010c20       ??$extract_argument_from_va_list@I_J@?$standard_base@DV?$string_output_adapter@D@__crt_stdio_output@@@__crt_stdio_output@@IEAA_NAEA_J@Z 0000000140011c20 f i libucrtd:output.obj
 0001:00010c20       ??$extract_argument_from_va_list@I_J@?$standard_base@_WV?$string_output_adapter@_W@__crt_stdio_output@@@__crt_stdio_output@@IEAA_NAEA_J@Z 0000000140011c20 f i libucrtd:output.obj
 0001:00010c50       ??$extract_argument_from_va_list@_K_J@?$standard_base@_WV?$string_output_adapter@_W@__crt_stdio_output@@@__crt_stdio_output@@IEAA_NAEA_J@Z 0000000140011c50 f i libucrtd:output.obj
 0001:00010c50       ??$extract_argument_from_va_list@PEAXPEAX@?$standard_base@DV?$string_output_adapter@D@__crt_stdio_output@@@__crt_stdio_output@@IEAA_NAEAPEAX@Z 0000000140011c50 f i libucrtd:output.obj
 0001:00010c50       ??$extract_argument_from_va_list@_J_J@?$standard_base@DV?$string_output_adapter@D@__crt_stdio_output@@@__crt_stdio_output@@IEAA_NAEA_J@Z 0000000140011c50 f i libucrtd:output.obj
 0001:00010c50       ??$extract_argument_from_va_list@PEADPEAD@?$standard_base@DV?$string_output_adapter@D@__crt_stdio_output@@@__crt_stdio_output@@IEAA_NAEAPEAD@Z 0000000140011c50 f i libucrtd:output.obj
 0001:00010c50       ??$extract_argument_from_va_list@PEAXPEAX@?$standard_base@_WV?$string_output_adapter@_W@__crt_stdio_output@@@__crt_stdio_output@@IEAA_NAEAPEAX@Z 0000000140011c50 f i libucrtd:output.obj
 0001:00010c50       ??$extract_argument_from_va_list@PEADPEAD@?$standard_base@_WV?$string_output_adapter@_W@__crt_stdio_output@@@__crt_stdio_output@@IEAA_NAEAPEAD@Z 0000000140011c50 f i libucrtd:output.obj
 0001:00010c50       ??$extract_argument_from_va_list@_J_J@?$standard_base@_WV?$string_output_adapter@_W@__crt_stdio_output@@@__crt_stdio_output@@IEAA_NAEA_J@Z 0000000140011c50 f i libucrtd:output.obj
 0001:00010c50       ??$extract_argument_from_va_list@_K_J@?$standard_base@DV?$string_output_adapter@D@__crt_stdio_output@@@__crt_stdio_output@@IEAA_NAEA_J@Z 0000000140011c50 f i libucrtd:output.obj
 0001:00010cb0       ??$extract_argument_from_va_list@U_CRT_DOUBLE@@U1@@?$standard_base@DV?$string_output_adapter@D@__crt_stdio_output@@@__crt_stdio_output@@IEAA_NAEAU_CRT_DOUBLE@@@Z 0000000140011cb0 f i libucrtd:output.obj
 0001:00010cb0       ??$extract_argument_from_va_list@U_CRT_DOUBLE@@U1@@?$standard_base@_WV?$string_output_adapter@_W@__crt_stdio_output@@@__crt_stdio_output@@IEAA_NAEAU_CRT_DOUBLE@@@Z 0000000140011cb0 f i libucrtd:output.obj
 0001:00010d00       ??$extract_argument_from_va_list@_W_W@?$standard_base@_WV?$string_output_adapter@_W@__crt_stdio_output@@@__crt_stdio_output@@IEAA_NAEA_W@Z 0000000140011d00 f i libucrtd:output.obj
 0001:00010d00       ??$extract_argument_from_va_list@_W_W@?$standard_base@DV?$string_output_adapter@D@__crt_stdio_output@@@__crt_stdio_output@@IEAA_NAEA_W@Z 0000000140011d00 f i libucrtd:output.obj
 0001:00010d30       ??$is_wide_character_specifier@D@__crt_stdio_output@@YA_N_KDW4length_modifier@0@@Z 0000000140011d30 f i libucrtd:output.obj
 0001:00010dd0       ??$is_wide_character_specifier@_W@__crt_stdio_output@@YA_N_K_WW4length_modifier@0@@Z 0000000140011dd0 f i libucrtd:output.obj
 0001:00010ea0       ??$read_va_arg@E@__crt_stdio_output@@YAEAEAPEAD@Z 0000000140011ea0 f i libucrtd:output.obj
 0001:00010ea0       ??$read_va_arg@C@__crt_stdio_output@@YACAEAPEAD@Z 0000000140011ea0 f i libucrtd:output.obj
 0001:00010f10       ??$read_va_arg@_W@__crt_stdio_output@@YA_WAEAPEAD@Z 0000000140011f10 f i libucrtd:output.obj
 0001:00010f10       ??$read_va_arg@F@__crt_stdio_output@@YAFAEAPEAD@Z 0000000140011f10 f i libucrtd:output.obj
 0001:00010f10       ??$read_va_arg@G@__crt_stdio_output@@YAGAEAPEAD@Z 0000000140011f10 f i libucrtd:output.obj
 0001:00010f80       ??$read_va_arg@H@__crt_stdio_output@@YAHAEAPEAD@Z 0000000140011f80 f i libucrtd:output.obj
 0001:00010f80       ??$read_va_arg@I@__crt_stdio_output@@YAIAEAPEAD@Z 0000000140011f80 f i libucrtd:output.obj
 0001:00010fe0       ??$read_va_arg@_J@__crt_stdio_output@@YA_JAEAPEAD@Z 0000000140011fe0 f i libucrtd:output.obj
 0001:00010fe0       ??$read_va_arg@_K@__crt_stdio_output@@YA_KAEAPEAD@Z 0000000140011fe0 f i libucrtd:output.obj
 0001:00010fe0       ??$read_va_arg@PEAD@__crt_stdio_output@@YAPEADAEAPEAD@Z 0000000140011fe0 f i libucrtd:output.obj
 0001:00010fe0       ??$read_va_arg@U_CRT_DOUBLE@@@__crt_stdio_output@@YA?AU_CRT_DOUBLE@@AEAPEAD@Z 0000000140011fe0 f i libucrtd:output.obj
 0001:00010fe0       ??$read_va_arg@PEAX@__crt_stdio_output@@YAPEAXAEAPEAD@Z 0000000140011fe0 f i libucrtd:output.obj
 0001:000110c0       ??$scratch_count@D@formatting_buffer@__crt_stdio_output@@QEBA_KXZ 00000001400120c0 f i libucrtd:output.obj
 0001:000110e0       ??$scratch_data@D@formatting_buffer@__crt_stdio_output@@QEAAPEADXZ 00000001400120e0 f i libucrtd:output.obj
 0001:00011150       ??$tcstol@PEBDPEAPEADH@?$__crt_char_traits@D@@SAJ$$QEAPEBD$$QEAPEAPEAD$$QEAH@Z 0000000140012150 f i libucrtd:output.obj
 0001:00011190       ??$tcstol@PEB_WPEAPEA_WH@?$__crt_char_traits@_W@@SAJ$$QEAPEB_W$$QEAPEAPEA_W$$QEAH@Z 0000000140012190 f i libucrtd:output.obj
 0001:000111d0       ??$type_case_integer_parse_into_buffer@I@?$output_processor@DV?$string_output_adapter@D@__crt_stdio_output@@V?$format_validation_base@DV?$string_output_adapter@D@__crt_stdio_output@@@2@@__crt_stdio_output@@AEAAXII_N@Z 00000001400121d0 f i libucrtd:output.obj
 0001:00011300       ??$type_case_integer_parse_into_buffer@I@?$output_processor@_WV?$string_output_adapter@_W@__crt_stdio_output@@V?$format_validation_base@_WV?$string_output_adapter@_W@__crt_stdio_output@@@2@@__crt_stdio_output@@AEAAXII_N@Z 0000000140012300 f i libucrtd:output.obj
 0001:00011440       ??$type_case_integer_parse_into_buffer@_K@?$output_processor@DV?$string_output_adapter@D@__crt_stdio_output@@V?$format_validation_base@DV?$string_output_adapter@D@__crt_stdio_output@@@2@@__crt_stdio_output@@AEAAX_KI_N@Z 0000000140012440 f i libucrtd:output.obj
 0001:00011590       ??$type_case_integer_parse_into_buffer@_K@?$output_processor@_WV?$string_output_adapter@_W@__crt_stdio_output@@V?$format_validation_base@_WV?$string_output_adapter@_W@__crt_stdio_output@@@2@@__crt_stdio_output@@AEAAX_KI_N@Z 0000000140012590 f i libucrtd:output.obj
 0001:000116f0       ??$write_multiple_characters@V?$string_output_adapter@D@__crt_stdio_output@@D@__crt_stdio_output@@YAXAEBV?$string_output_adapter@D@0@DHQEAH@Z 00000001400126f0 f i libucrtd:output.obj
 0001:00011750       ??$write_multiple_characters@V?$string_output_adapter@_W@__crt_stdio_output@@D@__crt_stdio_output@@YAXAEBV?$string_output_adapter@_W@0@DHQEAH@Z 0000000140012750 f i libucrtd:output.obj
 0001:000117b0       ??0?$common_data@D@__crt_stdio_output@@IEAA@XZ 00000001400127b0 f i libucrtd:output.obj
 0001:00011880       ??0?$common_data@_W@__crt_stdio_output@@IEAA@XZ 0000000140012880 f i libucrtd:output.obj
 0001:00011950       ??0?$output_adapter_data@DV?$string_output_adapter@D@__crt_stdio_output@@@__crt_stdio_output@@IEAA@AEBV?$string_output_adapter@D@1@_KQEBDQEAU__crt_locale_pointers@@QEAD@Z 0000000140012950 f i libucrtd:output.obj
 0001:000119d0       ??0?$output_adapter_data@_WV?$string_output_adapter@_W@__crt_stdio_output@@@__crt_stdio_output@@IEAA@AEBV?$string_output_adapter@_W@1@_KQEB_WQEAU__crt_locale_pointers@@QEAD@Z 00000001400129d0 f i libucrtd:output.obj
 0001:00011a50       ??0?$output_processor@DV?$string_output_adapter@D@__crt_stdio_output@@V?$format_validation_base@DV?$string_output_adapter@D@__crt_stdio_output@@@2@@__crt_stdio_output@@QEAA@AEBV?$string_output_adapter@D@1@_KQEBDQEAU__crt_locale_pointers@@QEAD@Z 0000000140012a50 f i libucrtd:output.obj
 0001:00011aa0       ??0?$output_processor@_WV?$string_output_adapter@_W@__crt_stdio_output@@V?$format_validation_base@_WV?$string_output_adapter@_W@__crt_stdio_output@@@2@@__crt_stdio_output@@QEAA@AEBV?$string_output_adapter@_W@1@_KQEB_WQEAU__crt_locale_pointers@@QEAD@Z 0000000140012aa0 f i libucrtd:output.obj
 0001:00011af0       ??0__crt_deferred_errno_cache@@QEAA@XZ 0000000140012af0 f i libucrtd:output.obj
 0001:00011b10       ??0__crt_errno_guard@@QEAA@QEAH@Z 0000000140012b10 f i libucrtd:output.obj
 0001:00011b50       ??0formatting_buffer@__crt_stdio_output@@QEAA@XZ 0000000140012b50 f i libucrtd:output.obj
 0001:00011b90       ??1?$common_data@D@__crt_stdio_output@@QEAA@XZ 0000000140012b90 f i libucrtd:output.obj
 0001:00011b90       ??1?$common_data@_W@__crt_stdio_output@@QEAA@XZ 0000000140012b90 f i libucrtd:output.obj
 0001:00011bb0       ??1?$format_validation_base@_WV?$string_output_adapter@_W@__crt_stdio_output@@@__crt_stdio_output@@QEAA@XZ 0000000140012bb0 f i libucrtd:output.obj
 0001:00011bb0       ??1?$format_validation_base@DV?$string_output_adapter@D@__crt_stdio_output@@@__crt_stdio_output@@QEAA@XZ 0000000140012bb0 f i libucrtd:output.obj
 0001:00011bd0       ??1?$output_adapter_data@_WV?$string_output_adapter@_W@__crt_stdio_output@@@__crt_stdio_output@@QEAA@XZ 0000000140012bd0 f i libucrtd:output.obj
 0001:00011bd0       ??1?$output_adapter_data@DV?$string_output_adapter@D@__crt_stdio_output@@@__crt_stdio_output@@QEAA@XZ 0000000140012bd0 f i libucrtd:output.obj
 0001:00011bf0       ??1?$output_processor@DV?$string_output_adapter@D@__crt_stdio_output@@V?$format_validation_base@DV?$string_output_adapter@D@__crt_stdio_output@@@2@@__crt_stdio_output@@QEAA@XZ 0000000140012bf0 f i libucrtd:output.obj
 0001:00011bf0       ??1?$output_processor@_WV?$string_output_adapter@_W@__crt_stdio_output@@V?$format_validation_base@_WV?$string_output_adapter@_W@__crt_stdio_output@@@2@@__crt_stdio_output@@QEAA@XZ 0000000140012bf0 f i libucrtd:output.obj
 0001:00011c10       ??1?$standard_base@DV?$string_output_adapter@D@__crt_stdio_output@@@__crt_stdio_output@@QEAA@XZ 0000000140012c10 f i libucrtd:output.obj
 0001:00011c10       ??1?$standard_base@_WV?$string_output_adapter@_W@__crt_stdio_output@@@__crt_stdio_output@@QEAA@XZ 0000000140012c10 f i libucrtd:output.obj
 0001:00011c30       ??1__crt_errno_guard@@QEAA@XZ 0000000140012c30 f i libucrtd:output.obj
 0001:00011c60       ??1formatting_buffer@__crt_stdio_output@@QEAA@XZ 0000000140012c60 f i libucrtd:output.obj
 0001:00011c90       ??4?$__crt_unique_heap_ptr@DU__crt_internal_free_policy@@@@QEAAAEAV0@$$QEAV0@@Z 0000000140012c90 f i libucrtd:output.obj
 0001:00011cd0       ?adjust_hexit@?$output_processor@_WV?$string_output_adapter@_W@__crt_stdio_output@@V?$format_validation_base@_WV?$string_output_adapter@_W@__crt_stdio_output@@@2@@__crt_stdio_output@@CADH_N@Z 0000000140012cd0 f i libucrtd:output.obj
 0001:00011cd0       ?adjust_hexit@?$output_processor@DV?$string_output_adapter@D@__crt_stdio_output@@V?$format_validation_base@DV?$string_output_adapter@D@__crt_stdio_output@@@2@@__crt_stdio_output@@CADH_N@Z 0000000140012cd0 f i libucrtd:output.obj
 0001:00011d20       ?advance_to_next_pass@?$standard_base@DV?$string_output_adapter@D@__crt_stdio_output@@@__crt_stdio_output@@IEAA_NXZ 0000000140012d20 f i libucrtd:output.obj
 0001:00011d20       ?advance_to_next_pass@?$standard_base@_WV?$string_output_adapter@_W@__crt_stdio_output@@@__crt_stdio_output@@IEAA_NXZ 0000000140012d20 f i libucrtd:output.obj
 0001:00011d70       ?crop_zeroes@__crt_stdio_output@@YAXPEADQEAU__crt_locale_pointers@@@Z 0000000140012d70 f i libucrtd:output.obj
 0001:00011eb0       ?find_next_state@?$output_processor@DV?$string_output_adapter@D@__crt_stdio_output@@V?$format_validation_base@DV?$string_output_adapter@D@__crt_stdio_output@@@2@@__crt_stdio_output@@AEBA?AW4state@2@DW432@@Z 0000000140012eb0 f i libucrtd:output.obj
 0001:00011f50       ?find_next_state@?$output_processor@_WV?$string_output_adapter@_W@__crt_stdio_output@@V?$format_validation_base@_WV?$string_output_adapter@_W@__crt_stdio_output@@@2@@__crt_stdio_output@@AEBA?AW4state@2@_WW432@@Z 0000000140012f50 f i libucrtd:output.obj
 0001:00011ff0       ?force_decimal_point@__crt_stdio_output@@YAXPEADQEAU__crt_locale_pointers@@@Z 0000000140012ff0 f i libucrtd:output.obj
 0001:000120f0       ?get@__crt_deferred_errno_cache@@QEAAAEAHXZ 00000001400130f0 f i libucrtd:output.obj
 0001:00012120       ?get_flags@__crt_stdio_stream@@QEBAJXZ 0000000140013120 f i libucrtd:output.obj
 0001:00012150       ?has_flag@?$output_processor@_WV?$string_output_adapter@_W@__crt_stdio_output@@V?$format_validation_base@_WV?$string_output_adapter@_W@__crt_stdio_output@@@2@@__crt_stdio_output@@AEBA_NI@Z 0000000140013150 f i libucrtd:output.obj
 0001:00012150       ?has_flag@?$output_processor@DV?$string_output_adapter@D@__crt_stdio_output@@V?$format_validation_base@DV?$string_output_adapter@D@__crt_stdio_output@@@2@@__crt_stdio_output@@AEBA_NI@Z 0000000140013150 f i libucrtd:output.obj
 0001:00012190       ?is_string_backed@__crt_stdio_stream@@QEBA_NXZ 0000000140013190 f i libucrtd:output.obj
 0001:000121d0       ?narrow_null_string@?$output_processor@DV?$string_output_adapter@D@__crt_stdio_output@@V?$format_validation_base@DV?$string_output_adapter@D@__crt_stdio_output@@@2@@__crt_stdio_output@@CAPEADXZ 00000001400131d0 f i libucrtd:output.obj
 0001:000121d0       ?narrow_null_string@?$output_processor@_WV?$string_output_adapter@_W@__crt_stdio_output@@V?$format_validation_base@_WV?$string_output_adapter@_W@__crt_stdio_output@@@2@@__crt_stdio_output@@CAPEADXZ 00000001400131d0 f i libucrtd:output.obj
 0001:000121e0       ?parse_int_from_format_string@?$output_processor@DV?$string_output_adapter@D@__crt_stdio_output@@V?$format_validation_base@DV?$string_output_adapter@D@__crt_stdio_output@@@2@@__crt_stdio_output@@AEAA_NQEAH@Z 00000001400131e0 f i libucrtd:output.obj
 0001:000122d0       ?parse_int_from_format_string@?$output_processor@_WV?$string_output_adapter@_W@__crt_stdio_output@@V?$format_validation_base@_WV?$string_output_adapter@_W@__crt_stdio_output@@@2@@__crt_stdio_output@@AEAA_NQEAH@Z 00000001400132d0 f i libucrtd:output.obj
 0001:000123c0       ?process@?$output_processor@DV?$string_output_adapter@D@__crt_stdio_output@@V?$format_validation_base@DV?$string_output_adapter@D@__crt_stdio_output@@@2@@__crt_stdio_output@@QEAAHXZ 00000001400133c0 f i libucrtd:output.obj
 0001:00012720       ?process@?$output_processor@_WV?$string_output_adapter@_W@__crt_stdio_output@@V?$format_validation_base@_WV?$string_output_adapter@_W@__crt_stdio_output@@@2@@__crt_stdio_output@@QEAAHXZ 0000000140013720 f i libucrtd:output.obj
 0001:00012a80       ?set_flag@?$output_processor@DV?$string_output_adapter@D@__crt_stdio_output@@V?$format_validation_base@DV?$string_output_adapter@D@__crt_stdio_output@@@2@@__crt_stdio_output@@AEAAXI@Z 0000000140013a80 f i libucrtd:output.obj
 0001:00012a80       ?set_flag@?$output_processor@_WV?$string_output_adapter@_W@__crt_stdio_output@@V?$format_validation_base@_WV?$string_output_adapter@_W@__crt_stdio_output@@@2@@__crt_stdio_output@@AEAAXI@Z 0000000140013a80 f i libucrtd:output.obj
 0001:00012aa0       ?validate_and_update_state_at_beginning_of_format_character@?$standard_base@_WV?$string_output_adapter@_W@__crt_stdio_output@@@__crt_stdio_output@@IEAA_NXZ 0000000140013aa0 f i libucrtd:output.obj
 0001:00012aa0       ?validate_and_update_state_at_beginning_of_format_character@?$standard_base@DV?$string_output_adapter@D@__crt_stdio_output@@@__crt_stdio_output@@IEAA_NXZ 0000000140013aa0 f i libucrtd:output.obj
 0001:00012aa0       ?validate_state_for_type_case_a@?$standard_base@_WV?$string_output_adapter@_W@__crt_stdio_output@@@__crt_stdio_output@@IEBA_NXZ 0000000140013aa0 f i libucrtd:output.obj
 0001:00012aa0       ?should_format@?$standard_base@DV?$string_output_adapter@D@__crt_stdio_output@@@__crt_stdio_output@@IEAA_NXZ 0000000140013aa0 f i libucrtd:output.obj
 0001:00012aa0       ?should_format@?$standard_base@_WV?$string_output_adapter@_W@__crt_stdio_output@@@__crt_stdio_output@@IEAA_NXZ 0000000140013aa0 f i libucrtd:output.obj
 0001:00012aa0       ?validate_state_for_type_case_a@?$standard_base@DV?$string_output_adapter@D@__crt_stdio_output@@@__crt_stdio_output@@IEBA_NXZ 0000000140013aa0 f i libucrtd:output.obj
 0001:00012ab0       ?should_skip_normal_state_processing@?$standard_base@_WV?$string_output_adapter@_W@__crt_stdio_output@@@__crt_stdio_output@@IEAA_NXZ 0000000140013ab0 f i libucrtd:output.obj
 0001:00012ab0       ?should_skip_type_state_output@?$standard_base@DV?$string_output_adapter@D@__crt_stdio_output@@@__crt_stdio_output@@IEBA_NXZ 0000000140013ab0 f i libucrtd:output.obj
 0001:00012ab0       ?should_skip_normal_state_processing@?$standard_base@DV?$string_output_adapter@D@__crt_stdio_output@@@__crt_stdio_output@@IEAA_NXZ 0000000140013ab0 f i libucrtd:output.obj
 0001:00012ab0       ?should_skip_type_state_output@?$standard_base@_WV?$string_output_adapter@_W@__crt_stdio_output@@@__crt_stdio_output@@IEBA_NXZ 0000000140013ab0 f i libucrtd:output.obj
 0001:00012ac0       ?state_case_dot@?$output_processor@DV?$string_output_adapter@D@__crt_stdio_output@@V?$format_validation_base@DV?$string_output_adapter@D@__crt_stdio_output@@@2@@__crt_stdio_output@@AEAA_NXZ 0000000140013ac0 f i libucrtd:output.obj
 0001:00012ac0       ?state_case_dot@?$output_processor@_WV?$string_output_adapter@_W@__crt_stdio_output@@V?$format_validation_base@_WV?$string_output_adapter@_W@__crt_stdio_output@@@2@@__crt_stdio_output@@AEAA_NXZ 0000000140013ac0 f i libucrtd:output.obj
 0001:00012ae0       ?state_case_flag@?$output_processor@DV?$string_output_adapter@D@__crt_stdio_output@@V?$format_validation_base@DV?$string_output_adapter@D@__crt_stdio_output@@@2@@__crt_stdio_output@@AEAA_NXZ 0000000140013ae0 f i libucrtd:output.obj
 0001:00012b80       ?state_case_flag@?$output_processor@_WV?$string_output_adapter@_W@__crt_stdio_output@@V?$format_validation_base@_WV?$string_output_adapter@_W@__crt_stdio_output@@@2@@__crt_stdio_output@@AEAA_NXZ 0000000140013b80 f i libucrtd:output.obj
 0001:00012c20       ?state_case_normal@?$output_processor@DV?$string_output_adapter@D@__crt_stdio_output@@V?$format_validation_base@DV?$string_output_adapter@D@__crt_stdio_output@@@2@@__crt_stdio_output@@AEAA_NXZ 0000000140013c20 f i libucrtd:output.obj
 0001:00012d00       ?state_case_normal@?$output_processor@_WV?$string_output_adapter@_W@__crt_stdio_output@@V?$format_validation_base@_WV?$string_output_adapter@_W@__crt_stdio_output@@@2@@__crt_stdio_output@@AEAA_NXZ 0000000140013d00 f i libucrtd:output.obj
 0001:00012de0       ?state_case_normal_common@?$output_processor@DV?$string_output_adapter@D@__crt_stdio_output@@V?$format_validation_base@DV?$string_output_adapter@D@__crt_stdio_output@@@2@@__crt_stdio_output@@AEAA_NXZ 0000000140013de0 f i libucrtd:output.obj
 0001:00012e30       ?state_case_normal_common@?$output_processor@_WV?$string_output_adapter@_W@__crt_stdio_output@@V?$format_validation_base@_WV?$string_output_adapter@_W@__crt_stdio_output@@@2@@__crt_stdio_output@@AEAA_NXZ 0000000140013e30 f i libucrtd:output.obj
 0001:00012e80       ?state_case_normal_tchar@?$output_processor@DV?$string_output_adapter@D@__crt_stdio_output@@V?$format_validation_base@DV?$string_output_adapter@D@__crt_stdio_output@@@2@@__crt_stdio_output@@AEAA_ND@Z 0000000140013e80 f i libucrtd:output.obj
 0001:00012fc0       ?state_case_normal_tchar@?$output_processor@_WV?$string_output_adapter@_W@__crt_stdio_output@@V?$format_validation_base@_WV?$string_output_adapter@_W@__crt_stdio_output@@@2@@__crt_stdio_output@@AEAA_N_W@Z 0000000140013fc0 f i libucrtd:output.obj
 0001:00012fe0       ?state_case_percent@?$output_processor@_WV?$string_output_adapter@_W@__crt_stdio_output@@V?$format_validation_base@_WV?$string_output_adapter@_W@__crt_stdio_output@@@2@@__crt_stdio_output@@AEAA_NXZ 0000000140013fe0 f i libucrtd:output.obj
 0001:00012fe0       ?state_case_percent@?$output_processor@DV?$string_output_adapter@D@__crt_stdio_output@@V?$format_validation_base@DV?$string_output_adapter@D@__crt_stdio_output@@@2@@__crt_stdio_output@@AEAA_NXZ 0000000140013fe0 f i libucrtd:output.obj
 0001:00013030       ?state_case_precision@?$output_processor@DV?$string_output_adapter@D@__crt_stdio_output@@V?$format_validation_base@DV?$string_output_adapter@D@__crt_stdio_output@@@2@@__crt_stdio_output@@AEAA_NXZ 0000000140014030 f i libucrtd:output.obj
 0001:000130b0       ?state_case_precision@?$output_processor@_WV?$string_output_adapter@_W@__crt_stdio_output@@V?$format_validation_base@_WV?$string_output_adapter@_W@__crt_stdio_output@@@2@@__crt_stdio_output@@AEAA_NXZ 00000001400140b0 f i libucrtd:output.obj
 0001:00013130       ?state_case_size@?$output_processor@DV?$string_output_adapter@D@__crt_stdio_output@@V?$format_validation_base@DV?$string_output_adapter@D@__crt_stdio_output@@@2@@__crt_stdio_output@@AEAA_NXZ 0000000140014130 f i libucrtd:output.obj
 0001:000135b0       ?state_case_size@?$output_processor@_WV?$string_output_adapter@_W@__crt_stdio_output@@V?$format_validation_base@_WV?$string_output_adapter@_W@__crt_stdio_output@@@2@@__crt_stdio_output@@AEAA_NXZ 00000001400145b0 f i libucrtd:output.obj
 0001:00013a30       ?state_case_type@?$output_processor@DV?$string_output_adapter@D@__crt_stdio_output@@V?$format_validation_base@DV?$string_output_adapter@D@__crt_stdio_output@@@2@@__crt_stdio_output@@AEAA_NXZ 0000000140014a30 f i libucrtd:output.obj
 0001:00013ed0       ?state_case_type@?$output_processor@_WV?$string_output_adapter@_W@__crt_stdio_output@@V?$format_validation_base@_WV?$string_output_adapter@_W@__crt_stdio_output@@@2@@__crt_stdio_output@@AEAA_NXZ 0000000140014ed0 f i libucrtd:output.obj
 0001:00014430       ?state_case_width@?$output_processor@DV?$string_output_adapter@D@__crt_stdio_output@@V?$format_validation_base@DV?$string_output_adapter@D@__crt_stdio_output@@@2@@__crt_stdio_output@@AEAA_NXZ 0000000140015430 f i libucrtd:output.obj
 0001:000144c0       ?state_case_width@?$output_processor@_WV?$string_output_adapter@_W@__crt_stdio_output@@V?$format_validation_base@_WV?$string_output_adapter@_W@__crt_stdio_output@@@2@@__crt_stdio_output@@AEAA_NXZ 00000001400154c0 f i libucrtd:output.obj
 0001:00014550       ?state_count@?$format_validation_base@_WV?$string_output_adapter@_W@__crt_stdio_output@@@__crt_stdio_output@@KAIXZ 0000000140015550 f i libucrtd:output.obj
 0001:00014550       ?state_count@?$format_validation_base@DV?$string_output_adapter@D@__crt_stdio_output@@@__crt_stdio_output@@KAIXZ 0000000140015550 f i libucrtd:output.obj
 0001:00014560       ?state_transition_table@?$format_validation_base@_WV?$string_output_adapter@_W@__crt_stdio_output@@@__crt_stdio_output@@KAPEBEXZ 0000000140015560 f i libucrtd:output.obj
[...]
 0002:000118e4       $unwind$__acrt_WideCharToMultiByte 000000014004b8e4     libucrtd:widechartomultibyte.obj
 0002:000118ec       $unwind$__dcrt_get_narrow_environment_from_os 000000014004b8ec     libucrtd:get_environment_from_os.obj
 0002:00011904       $unwind$__acrt_lowio_create_handle_array 000000014004b904     libucrtd:osfinfo.obj
 0002:0001190c       $unwind$__acrt_lowio_ensure_fh_exists 000000014004b90c     libucrtd:osfinfo.obj
 0002:0001192c       $unwind$__acrt_initialize_lowio 000000014004b92c     libucrtd:ioinit.obj
 0002:0001194c       $unwind$?initialize_inherited_file_handles_nolock@@YAXXZ 000000014004b94c     libucrtd:ioinit.obj
 0002:00011954       $unwind$_isctype_l         000000014004b954     libucrtd:isctype.obj
 0002:00011968       $unwind$_chvalidator_l     000000014004b968     libucrtd:isctype.obj
 0002:00011970       $unwind$__acrt_GetStringTypeA 000000014004b970     libucrtd:getstringtypea.obj
 0002:00011978       $unwind$__acrt_update_thread_locale_data 000000014004b978     libucrtd:locale_refcounting.obj
 0002:00011998       $unwind$__acrt_get_parent_window 000000014004b998     libucrtd:winapi_thunks.obj
 0002:00011998       $unwind$__acrt_initialize_winapi_thunks 000000014004b998     libucrtd:winapi_thunks.obj
 0002:00011998       $unwind$__acrt_initialize_stdio 000000014004b998     libucrtd:_file.obj
 0002:000119a0       $unwind$__acrt_InitializeCriticalSectionEx 000000014004b9a0     libucrtd:winapi_thunks.obj
 0002:000119a8       $unwind$__acrt_fltout      000000014004b9a8     libucrtd:cfout.obj
 0002:000119a8       $unwind$??$common_xtox@KD@@YAHKQEAD_KI_N@Z 000000014004b9a8     libucrtd:xtoa.obj
 0002:000119a8       $unwind$??$common_xtox@K_W@@YAHKQEA_W_KI_N@Z 000000014004b9a8     libucrtd:xtoa.obj
 0002:000119a8       $unwind$__acrt_LCMapStringEx 000000014004b9a8     libucrtd:winapi_thunks.obj
 0002:000119b0       $unwind$__acrt_is_interactive 000000014004b9b0     libucrtd:winapi_thunks.obj
 0002:000119c0       $unwind$_query_new_handler 000000014004b9c0     libucrtd:new_handler.obj
 0002:000119e0       $unwind$raise              000000014004b9e0     libucrtd:signal.obj
 0002:00011a00       $unwind$??$?RV<lambda_450d765d439847d4c735a33c368b5fc0>@@AEAV<lambda_44731a7d0e6d81c3e6aa82d741081786>@@V<lambda_601a2a7da3b7a96e9554ac7215c4b07c>@@@?$__crt_seh_guarded_call@P6AXH@Z@@QEAAP6AXH@Z$$QEAV<lambda_450d765d439847d4c735a33c368b5fc0>@@AEAV<lambda_44731a7d0e6d81c3e6aa82d741081786>@@$$QEAV<lambda_601a2a7da3b7a96e9554ac7215c4b07c>@@@Z 000000014004ba00     libucrtd:signal.obj
 0002:00011a20       $unwind$_expand_base       000000014004ba20     libucrtd:expand.obj
 0002:00011a28       $unwind$?fp_format_g@@YAHQEBNQEAD_K12H_NIQEAU__crt_locale_pointers@@@Z 000000014004ba28     libucrtd:cvt.obj
 0002:00011a28       $unwind$_mbtowc_l          000000014004ba28     libucrtd:mbtowc.obj
 0002:00011a34       $unwind$wctomb_s           000000014004ba34     libucrtd:wctomb.obj
 0002:00011a3c       $unwind$_wctomb_s_l        000000014004ba3c     libucrtd:wctomb.obj
 0002:00011a48       $unwind$?fp_format_nan_or_infinity@@YAHW4__acrt_fp_class@@_NPEAD_K1@Z 000000014004ba48     libucrtd:cvt.obj
 0002:00011a50       $unwind$?fp_format_a@@YAHQEBNPEAD_KQEAD2H_NIQEAU__crt_locale_pointers@@@Z 000000014004ba50     libucrtd:cvt.obj
 0002:00011a60       $stateUnwindMap$?fp_format_a@@YAHQEBNPEAD_KQEAD2H_NIQEAU__crt_locale_pointers@@@Z 000000014004ba60     libucrtd:cvt.obj
 0002:00011a70       $ip2state$?fp_format_a@@YAHQEBNPEAD_KQEAD2H_NIQEAU__crt_locale_pointers@@@Z 000000014004ba70     libucrtd:cvt.obj
 0002:00011ab8       $unwind$?fp_format_f@@YAHQEBNQEAD_K12HQEAU__crt_locale_pointers@@@Z 000000014004bab8     libucrtd:cvt.obj
 0002:00011ac0       $unwind$_VCrtDbgReportA    000000014004bac0     libucrtd:dbgrptt.obj
 0002:00011af8       $unwind$_VCrtDbgReportW    000000014004baf8     libucrtd:dbgrptt.obj
 0002:00011b30       $unwind$__acrt_OutputDebugStringA 000000014004bb30     libucrtd:outputdebugstringa.obj
 0002:00011b44       $unwind$qsort              000000014004bb44     libucrtd:qsort.obj
 0002:00011b54       $unwind$?shortsort@@YAXPEAD0_KP6AHPEBX2@Z@Z 000000014004bb54     libucrtd:qsort.obj
 0002:00011b64       $stateUnwindMap$?shortsort@@YAXPEAD0_KP6AHPEBX2@Z@Z 000000014004bb64     libucrtd:qsort.obj
 0002:00011b70       $ip2state$?shortsort@@YAXPEAD0_KP6AHPEBX2@Z@Z 000000014004bb70     libucrtd:qsort.obj
 0002:00011b88       $unwind$strpbrk            000000014004bb88     libucrtd:strpbrk.obj
 0002:00011b90       $unwind$fallbackMethod     000000014004bb90     libucrtd:strpbrk.obj
 0002:00011ba0       $unwind$_mbsdec_l          000000014004bba0     libucrtd:mbsdec.obj
 0002:00011bac       $unwind$__acrt_LCMapStringA 000000014004bbac     libucrtd:lcmapstringa.obj
 0002:00011bb4       $unwind$_mbstowcs_s_l      000000014004bbb4     libucrtd:mbstowcs.obj
 0002:00011bb4       $unwind$?__acrt_LCMapStringA_stat@@YAHPEAU__crt_locale_pointers@@PEB_WKPEBDHPEADHHH@Z 000000014004bbb4     libucrtd:lcmapstringa.obj
 0002:00011bbc       $unwind$??$common_xtox_s@KD@@YAHKQEAD_KI_N@Z 000000014004bbbc     libucrtd:xtoa.obj
 0002:00011bbc       $unwind$??$common_xtox_s@K_W@@YAHKQEA_W_KI_N@Z 000000014004bbbc     libucrtd:xtoa.obj
 0002:00011bc4       $unwind$??R<lambda_ab61a845afdef5b7c387490eaf3616ee>@@QEBA@XZ 000000014004bbc4     libucrtd:fflush.obj
 0002:00011bcc       $unwind$??$?RV<lambda_842d9ff0dc9ef11c61343bbaebe7f885>@@AEAV<lambda_c5860995281e5c4ce005b3de8f5874ee>@@V<lambda_d90129c13df834fdcbf8d2b88dafcf2d>@@@?$__crt_seh_guarded_call@X@@QEAAX$$QEAV<lambda_842d9ff0dc9ef11c61343bbaebe7f885>@@AEAV<lambda_c5860995281e5c4ce005b3de8f5874ee>@@$$QEAV<lambda_d90129c13df834fdcbf8d2b88dafcf2d>@@@Z 000000014004bbcc     libucrtd:fflush.obj
 0002:00011bec       $unwind$??$?RV<lambda_886d6c58226a84441f68b9f2b8217b83>@@AEAV<lambda_ab61a845afdef5b7c387490eaf3616ee>@@V<lambda_f7f22ab5edc0698d5f6905b0d3f44752>@@@?$__crt_seh_guarded_call@X@@QEAAX$$QEAV<lambda_886d6c58226a84441f68b9f2b8217b83>@@AEAV<lambda_ab61a845afdef5b7c387490eaf3616ee>@@$$QEAV<lambda_f7f22ab5edc0698d5f6905b0d3f44752>@@@Z 000000014004bbec     libucrtd:fflush.obj
 0002:00011c0c       $unwind$_isleadbyte_l      000000014004bc0c     libucrtd:_wctype.obj
 0002:00011c14       $unwind$?__mbsrtowcs_utf8@__crt_mbstring@@YA_KPEA_WPEAPEBD_KPEAU_Mbstatet@@@Z 000000014004bc14     libucrtd:mbrtowc.obj
 0002:00011c1c       $unwind$?__c32rtomb_utf8@__crt_mbstring@@YA_KPEAD_UPEAU_Mbstatet@@@Z 000000014004bc1c     libucrtd:c32rtomb.obj
 0002:00011c24       $unwind$?reset_and_return@__crt_mbstring@@YA_K_KPEAU_Mbstatet@@@Z 000000014004bc24     libucrtd:c32rtomb.obj
 0002:00011c2c       $unwind$?make_big_integer@__crt_strtox@@YA?AUbig_integer@1@_K@Z 000000014004bc2c     libucrtd:cfout.obj
 0002:00011c3c       $unwind$?make_big_integer_power_of_two@__crt_strtox@@YA?AUbig_integer@1@I@Z 000000014004bc3c     libucrtd:cfout.obj
 0002:00011c4c       $unwind$?shift_left@__crt_strtox@@YA_NAEAUbig_integer@1@I@Z 000000014004bc4c     libucrtd:cfout.obj
 0002:00011c5c       $unwind$?add_multiply_carry@__crt_strtox@@YAIAEAIIII@Z 000000014004bc5c     libucrtd:cfout.obj
 0002:00011c64       $unwind$?multiply@__crt_strtox@@YA_NAEAUbig_integer@1@I@Z 000000014004bc64     libucrtd:cfout.obj
 0002:00011c74       $unwind$?multiply@__crt_strtox@@YA_NAEAUbig_integer@1@AEBU21@@Z 000000014004bc74     libucrtd:cfout.obj
 0002:00011c84       $unwind$?multiply_by_power_of_ten@__crt_strtox@@YA_NAEAUbig_integer@1@I@Z 000000014004bc84     libucrtd:cfout.obj
 0002:00011c94       $unwind$?divide@__crt_strtox@@YA_KAEAUbig_integer@1@AEBU21@@Z 000000014004bc94     libucrtd:cfout.obj
 0002:00011ca4       $unwind$??$convert_to_fos_high_precision@N@@YAXNIQEAHQEAD_K@Z 000000014004bca4     libucrtd:cfout.obj
 0002:00011cb4       $unwind$_fcloseall         000000014004bcb4     libucrtd:closeall.obj
 0002:00011cd4       $unwind$?_mbstowcs_l_helper@@YA_KPEA_WPEBD_KPEAU__crt_locale_pointers@@@Z 000000014004bcd4     libucrtd:mbstowcs.obj
 0002:00011ce0       $unwind$?_wcstombs_l_helper@@YA_KPEADPEB_W_KPEAU__crt_locale_pointers@@@Z 000000014004bce0     libucrtd:wcstombs.obj
 0002:00011cf8       $stateUnwindMap$?_wcstombs_l_helper@@YA_KPEADPEB_W_KPEAU__crt_locale_pointers@@@Z 000000014004bcf8     libucrtd:wcstombs.obj
 0002:00011d00       $ip2state$?_wcstombs_l_helper@@YA_KPEADPEB_W_KPEAU__crt_locale_pointers@@@Z 000000014004bd00     libucrtd:wcstombs.obj
 0002:00011e18       $unwind$??$?RV<lambda_4e3dbe6921bc0b5a1a6bc6573fdc859e>@@AEAV<lambda_5533cddd4bda0037814beee657757329>@@V<lambda_47cffbaa968af5c721c38a4a6f8da44d>@@@?$__crt_seh_guarded_call@H@@QEAAH$$QEAV<lambda_4e3dbe6921bc0b5a1a6bc6573fdc859e>@@AEAV<lambda_5533cddd4bda0037814beee657757329>@@$$QEAV<lambda_47cffbaa968af5c721c38a4a6f8da44d>@@@Z 000000014004be18     libucrtd:commit.obj
 0002:00011e38       $unwind$_write             000000014004be38     libucrtd:write.obj
 0002:00011e58       $unwind$_write_nolock      000000014004be58     libucrtd:write.obj
 0002:00011e6c       $unwind$?write_double_translated_ansi_nolock@@YA?AUwrite_result@?A0x17268360@@HQEBDI@Z 000000014004be6c     libucrtd:write.obj
 0002:00011e80       $unwind$?write_double_translated_unicode_nolock@@YA?AUwrite_result@?A0x17268360@@QEBDI@Z 000000014004be80     libucrtd:write.obj
 0002:00011e94       $unwind$?write_text_ansi_nolock@@YA?AUwrite_result@?A0x17268360@@HQEBDI@Z 000000014004be94     libucrtd:write.obj
 0002:00011e94       $unwind$?write_text_utf16le_nolock@@YA?AUwrite_result@?A0x17268360@@HQEBDI@Z 000000014004be94     libucrtd:write.obj
 0002:00011ea8       $unwind$?write_text_utf8_nolock@@YA?AUwrite_result@?A0x17268360@@HQEBDI@Z 000000014004bea8     libucrtd:write.obj
 0002:00011ebc       $unwind$?write_binary_nolock@@YA?AUwrite_result@?A0x17268360@@HQEBDI@Z 000000014004bebc     libucrtd:write.obj
 0002:00011ed0       $unwind$?__mbrtoc32_utf8@__crt_mbstring@@YA_KPEA_UPEBD_KPEAU_Mbstatet@@@Z 000000014004bed0     libucrtd:mbrtoc32.obj
 0002:00011ee0       $xdatasym                  000000014004bee0     libucrtd:log10.obj
 0002:00011eec       $unwind$ceil               000000014004beec     libucrtd:ceil.obj
 0002:00011ef4       $unwind$fclose             000000014004bef4     libucrtd:fclose.obj
 0002:00011f14       $unwind$?__wcsrtombs_utf8@__crt_mbstring@@YA_KPEADPEAPEB_W_KPEAU_Mbstatet@@@Z 000000014004bf14     libucrtd:wcrtomb.obj
 0002:00011f24       $unwind$__acrt_initialize_fma3 000000014004bf24     libucrtd:fma3_available.obj
 0002:00011f34       $unwind$_log_special_common 000000014004bf34     libucrtd:log_special.obj
 0002:00011f44       $unwind$_log10_special     000000014004bf44     libucrtd:log_special.obj
 0002:00011f4c       $unwind$_handle_error      000000014004bf4c     libucrtd:libm_error.obj
 0002:00011f5c       $unwind$??$?RV<lambda_53fc7fc888e23d815d7080162c0aeeb2>@@AEAV<lambda_4e7105787b7b0e0227fbf2b2d883fa65>@@V<lambda_8ddc48ad9d26c778cb15812d1d88fc8a>@@@?$__crt_seh_guarded_call@H@@QEAAH$$QEAV<lambda_53fc7fc888e23d815d7080162c0aeeb2>@@AEAV<lambda_4e7105787b7b0e0227fbf2b2d883fa65>@@$$QEAV<lambda_8ddc48ad9d26c778cb15812d1d88fc8a>@@@Z 000000014004bf5c     libucrtd:close.obj
 0002:00011f7c       $unwind$?__c16rtomb_utf8@__crt_mbstring@@YA_KPEAD_SPEAU_Mbstatet@@@Z 000000014004bf7c     libucrtd:c16rtomb.obj
 0002:00011f84       $unwind$__dcrt_lowio_ensure_console_output_initialized 000000014004bf84     libucrtd:initcon.obj
 0002:00011f8c       $unwind$__dcrt_write_console 000000014004bf8c     libucrtd:initcon.obj
 0002:00011fa0       $unwind$_ctrlfp            000000014004bfa0     libucrtd:fpctrl.obj
 0002:00011fc0       $xdatasym                  000000014004bfc0     libucrtd:fpsr.obj
 0002:00011fc8       $unwind$_IsNonwritableInCurrentImage 000000014004bfc8     LIBCMTD:pesect.obj
 0002:00011fe8       $xdatasym                  000000014004bfe8     LIBCMTD:chkstk.obj
 0002:00011ff0       $xdatasym                  000000014004bff0     libvcruntimed:memcmp.obj
 0002:00011ff4       $unwind$strrchr            000000014004bff4     libvcruntimed:strrchr.obj
 0002:0001242a       .idata$6                   000000014004c42a     winmm:WINMM.dll
 0002:00012538       .idata$6                   000000014004c538     user32:USER32.dll
 0002:00012554       .idata$6                   000000014004c554     gdi32:GDI32.dll
 0002:0001278c       .idata$6                   000000014004c78c     kernel32:KERNEL32.dll
 0003:00000000       ?XInputGetState_@@3P6AKKPEAU_XINPUT_STATE@@@ZEA 000000014004d000     win32_game_engine.obj
 0003:00000008       ?XInputSetState_@@3P6AKKPEAU_XINPUT_VIBRATION@@@ZEA 000000014004d008     win32_game_engine.obj
 0003:00000050       ?__vcrt_flsindex@@3KA      000000014004d050     libvcruntimed:per_thread_data.obj
 0003:00000060       ?__acrt_current_request_number@@3JA 000000014004d060     libucrtd:debug_heap.obj
 0003:00000080       ?__acrt_flsindex@@3KA      000000014004d080     libucrtd:per_thread_data.obj
 0003:00000084       ?errno_no_memory@@3HA      000000014004d084     libucrtd:errno.obj
 0003:00000088       ?doserrno_no_memory@@3KA   000000014004d088     libucrtd:errno.obj
 0003:000002c0       _mbctypes                  000000014004d2c0     libucrtd:mbctype.obj
 0003:000003d0       _mbcasemaps                000000014004d3d0     libucrtd:mbctype.obj
 0003:000004d0       ?__rgctypeflag@@3PADA      000000014004d4d0     libucrtd:mbctype.obj
 0003:000004e0       ?__rgcode_page_info@@3PAUcode_page_info@@A 000000014004d4e0     libucrtd:mbctype.obj
 0003:00000800       ?__acrt_debug_fill_threshold@@3_KA 000000014004d800     libucrtd:debug_fill_threshold.obj
 0003:00000a50       ?__dcrt_lowio_console_output_handle@@3PEAXEA 000000014004da50     libucrtd:initcon.obj
 0003:00000a58       ?dazSupported@?1??_ctrlfp@@9@9 000000014004da58     libucrtd:fpctrl.obj
 0003:00000ad0       ?IsRunning@@3_NA           000000014004dad0     win32_game_engine.obj
 0003:00000ae0       ?GlobalBackBuffer@@3Uwin32_draw_buffer@@A 000000014004dae0     win32_game_engine.obj
 0003:00000b20       ?GlobalPerfCountFrequency@@3_JA 000000014004db20     win32_game_engine.obj
 0003:00000b30       GS_ExceptionRecord         000000014004db30     LIBCMTD:gs_report.obj
 0003:00000bd0       GS_ContextRecord           000000014004dbd0     LIBCMTD:gs_report.obj
 0003:000010b0       ?is_initialized_as_dll@@3_NA 000000014004e0b0     LIBCMTD:utility.obj
 0003:000010b1       ?module_local_atexit_table_initialized@@3_NA 000000014004e0b1     LIBCMTD:utility.obj
 0003:000010b8       ?module_local_atexit_table@@3U_onexit_table_t@@A 000000014004e0b8     LIBCMTD:utility.obj
 0003:000010d0       ?module_local_at_quick_exit_table@@3U_onexit_table_t@@A 000000014004e0d0     LIBCMTD:utility.obj
 0003:00001130       ?__vcrt_startup_thread_ptd@@3U__vcrt_ptd@@A 000000014004e130     libvcruntimed:per_thread_data.obj
 0003:000011b0       __vcrt_lock_table          000000014004e1b0     libvcruntimed:locks.obj
 0003:000011d8       __vcrt_locks_initialized   000000014004e1d8     libvcruntimed:locks.obj
 0003:00001220       ?heap@@3V_HeapManager@@A   000000014004e220     libvcruntimed:undname.obj
 0003:00001248       ?module_handles@@3PAPEAUHINSTANCE__@@A 000000014004e248     libvcruntimed:winapi_downlevel.obj
 0003:00001260       ?function_pointers@@3PAPEAXA 000000014004e260     libvcruntimed:winapi_downlevel.obj
 0003:00001290       ?__acrt_app_type@@3W4_crt_app_type@@A 000000014004e290     libucrtd:report_runtime_error.obj
 0003:000012a0       ?outmsg@?9??__acrt_report_runtime_error@@9@4PA_WA 000000014004e2a0     libucrtd:report_runtime_error.obj
 0003:000018c8       ?user_matherr@@3V?$dual_state_global@P6AHPEAU_exception@@@Z@__crt_state_management@@A 000000014004e8c8     libucrtd:matherr.obj
 0003:000018d0       ?program_name@?1???$common_configure_argv@D@@YAHW4_crt_argv_mode@@@Z@4PADA 000000014004e8d0     libucrtd:argv_parsing.obj
 0003:000019f8       ?empty_string@?1???$common_wincmdln@E@@YAPEAEXZ@4PAEA 000000014004e9f8     libucrtd:argv_winmain.obj
 0003:000019fc       ?c_termination_complete@@3JA 000000014004e9fc     libucrtd:exit.obj
 0003:00001a00       ?thread_local_exit_callback_func@@3P6AXPEAXK0@ZEA 000000014004ea00     libucrtd:exit.obj
 0003:00001a10       ?__acrt_global_new_mode@@3V?$dual_state_global@J@__crt_state_management@@A 000000014004ea10     libucrtd:new_mode.obj
 0003:00001a48       ?__acrt_first_block@@3PEAU_CrtMemBlockHeader@@EA 000000014004ea48     libucrtd:debug_heap.obj
 0003:00001a50       ?__acrt_last_block@@3PEAU_CrtMemBlockHeader@@EA 000000014004ea50     libucrtd:debug_heap.obj
 0003:00001a58       ?__acrt_total_allocations@@3_KA 000000014004ea58     libucrtd:debug_heap.obj
 0003:00001a60       ?__acrt_current_allocations@@3_KA 000000014004ea60     libucrtd:debug_heap.obj
 0003:00001a68       ?__acrt_max_allocations@@3_KA 000000014004ea68     libucrtd:debug_heap.obj
 0003:00001a70       ?__acrt_check_frequency@@3IA 000000014004ea70     libucrtd:debug_heap.obj
 0003:00001a74       ?__acrt_check_counter@@3IA 000000014004ea74     libucrtd:debug_heap.obj
 0003:00001a80       ?heap_validation_pending@@3_NA 000000014004ea80     libucrtd:debug_heap.obj
 0003:00001a88       ?__acrt_invalid_parameter_handler@@3V?$dual_state_global@P6AXPEB_W00I_K@Z@__crt_state_management@@A 000000014004ea88     libucrtd:invalid_parameter.obj
 0003:00001a90       __acrt_error_mode          000000014004ea90     libucrtd:set_error_mode.obj
 0003:00001ab0       ?fSystemSet@@3HA           000000014004eab0     libucrtd:mbctype.obj
 0003:00001ab4       ?initialized@?1??__acrt_initialize_multibyte@@9@4_NA 000000014004eab4     libucrtd:mbctype.obj
 0003:00001af0       ?__acrt_lock_table@@3PAU_RTL_CRITICAL_SECTION@@A 000000014004eaf0     libucrtd:locks.obj
 0003:00001d20       ?__acrt_locks_initialized@@3IA 000000014004ed20     libucrtd:locks.obj
 0003:00001d24       ?state_cache@?1???$get_cached_win_policy@Udeveloper_information_policy_properties@?1??__acrt_get_developer_information_policy@@YA?AW4developer_information_policy@@XZ@@@YA?AW4developer_information_policy@@W4AppPolicyShowDeveloperDiagnostic@@@Z@4JA 000000014004ed24     libucrtd:win_policies.obj
 0003:00001d28       ?state_cache@?1???$get_cached_win_policy@Uwindowing_model_policy_properties@?1??__acrt_get_windowing_model_policy@@YA?AW4windowing_model_policy@@XZ@@@YA?AW4windowing_model_policy@@W4AppPolicyWindowingModel@@@Z@4JA 000000014004ed28     libucrtd:win_policies.obj
 0003:00002140       ?module_handles@@3PAPEAUHINSTANCE__@@A 000000014004f140     libucrtd:winapi_thunks.obj
 0003:000021e0       ?encoded_function_pointers@@3PAPEAXA 000000014004f1e0     libucrtd:winapi_thunks.obj
 0003:00002300       ?__acrt_new_handler@@3V?$dual_state_global@P6AH_K@Z@__crt_state_management@@A 000000014004f300     libucrtd:new_handler.obj
 0003:00002308       ?ctrlc_action@@3V?$dual_state_global@P6AXH@Z@__crt_state_management@@A 000000014004f308     libucrtd:signal.obj
 0003:00002310       ?ctrlbreak_action@@3V?$dual_state_global@P6AXH@Z@__crt_state_management@@A 000000014004f310     libucrtd:signal.obj
 0003:00002318       ?abort_action@@3V?$dual_state_global@P6AXH@Z@__crt_state_management@@A 000000014004f318     libucrtd:signal.obj
 0003:00002320       ?term_action@@3V?$dual_state_global@P6AXH@Z@__crt_state_management@@A 000000014004f320     libucrtd:signal.obj
 0003:00002338       ?internal_state@?1??_mbtowc_l@@9@4U_Mbstatet@@A 000000014004f338     libucrtd:mbtowc.obj
 0003:00002350       ?enable_percent_n@@3_KA    000000014004f350     libucrtd:printf_count_output.obj
 0003:00002370       ?internal_pst@?1??__mbrtoc32_utf8@__crt_mbstring@@YA_KPEA_UPEBD_KPEAU_Mbstatet@@@Z@4U3@A 000000014004f370     libucrtd:mbrtoc32.obj
 0003:00002380       ?internal_pst@?1??__c16rtomb_utf8@__crt_mbstring@@YA_KPEAD_SPEAU_Mbstatet@@@Z@4U3@A 000000014004f380     libucrtd:c16rtomb.obj
 0005:00000000       MoveSmall                  0000000140053000     libvcruntimed:memcpy.obj
 0005:00000050       MsetTab                    0000000140053050     libvcruntimed:memset.obj
